Component: Arm Compiler for Embedded 6.21 Tool: armlink [5ec1fa00]

==============================================================================

Section Cross References

    empty.o(.text.main) refers to board.o(.text.board_init) for board_init
    empty.o(.text.main) refers to oled.o(.text.OLED_Init) for OLED_Init
    empty.o(.text.main) refers to oled.o(.text.OLED_Clear) for OLED_Clear
    empty.o(.text.main) refers to ti_msp_dl_config.o(.text.SYSCFG_DL_init) for SYSCFG_DL_init
    empty.o(.text.main) refers to adc.o(.text.adc_getValue) for adc_getValue
    empty.o(.text.main) refers to oled.o(.text.OLED_ShowString) for OLED_ShowString
    empty.o(.text.main) refers to dflti.o(.text) for __aeabi_i2d
    empty.o(.text.main) refers to ddiv.o(.text) for __aeabi_ddiv
    empty.o(.text.main) refers to dmul.o(.text) for __aeabi_dmul
    empty.o(.text.main) refers to dfixi.o(.text) for __aeabi_d2iz
    empty.o(.text.main) refers to aeabi_sdivfast.o(.text_divfast) for __aeabi_uidiv
    empty.o(.text.main) refers to rt_memmove.o(.text) for __aeabi_memmove4
    empty.o(.text.main) refers to draw.o(.text.Get_Triggervoltage) for Get_Triggervoltage
    empty.o(.text.main) refers to draw.o(.text.draw_wave) for draw_wave
    empty.o(.text.main) refers to oled.o(.text.OLED_Refresh) for OLED_Refresh
    empty.o(.text.main) refers to board.o(.text.delay_ns) for delay_ns
    empty.o(.text.main) refers to oled.o(.text.OLED_GClear) for OLED_GClear
    empty.o(.text.main) refers to draw.o(.text.draw_axis) for draw_axis
    empty.o(.text.main) refers to oled.o(.text.OLED_ShowNum) for OLED_ShowNum
    empty.o(.text.main) refers to board.o(.text.delay_us) for delay_us
    empty.o(.text.main) refers to adc.o(.bss.ADC_VALUE) for ADC_VALUE
    empty.o(.text.main) refers to draw.o(.data.freq) for freq
    empty.o(.text.main) refers to empty.o(.bss.isInDeadLoop) for isInDeadLoop
    empty.o(.text.main) refers to draw.o(.bss.adc_value) for adc_value
    empty.o(.ARM.exidx.text.main) refers to empty.o(.text.main) for [Anonymous Symbol]
    empty.o(.text.GROUP1_IRQHandler) refers to draw.o(.data.freq) for freq
    empty.o(.ARM.exidx.text.GROUP1_IRQHandler) refers to empty.o(.text.GROUP1_IRQHandler) for [Anonymous Symbol]
    startup_mspm0g350x_uvision.o(STACK) refers (Special) to heapauxi.o(.text) for __use_two_region_memory
    startup_mspm0g350x_uvision.o(HEAP) refers (Special) to heapauxi.o(.text) for __use_two_region_memory
    startup_mspm0g350x_uvision.o(RESET) refers (Special) to heapauxi.o(.text) for __use_two_region_memory
    startup_mspm0g350x_uvision.o(RESET) refers to startup_mspm0g350x_uvision.o(STACK) for __initial_sp
    startup_mspm0g350x_uvision.o(RESET) refers to startup_mspm0g350x_uvision.o(.text) for Reset_Handler
    startup_mspm0g350x_uvision.o(RESET) refers to empty.o(.text.GROUP1_IRQHandler) for GROUP1_IRQHandler
    startup_mspm0g350x_uvision.o(RESET) refers to board.o(.text.UART0_IRQHandler) for UART0_IRQHandler
    startup_mspm0g350x_uvision.o(.text) refers (Special) to heapauxi.o(.text) for __use_two_region_memory
    startup_mspm0g350x_uvision.o(.text) refers to __main.o(!!!main) for __main
    startup_mspm0g350x_uvision.o(.text) refers to startup_mspm0g350x_uvision.o(HEAP) for Heap_Mem
    startup_mspm0g350x_uvision.o(.text) refers to startup_mspm0g350x_uvision.o(STACK) for Stack_Mem
    ti_msp_dl_config.o(.text.SYSCFG_DL_init) refers to ti_msp_dl_config.o(.text.SYSCFG_DL_initPower) for SYSCFG_DL_initPower
    ti_msp_dl_config.o(.text.SYSCFG_DL_init) refers to ti_msp_dl_config.o(.text.SYSCFG_DL_GPIO_init) for SYSCFG_DL_GPIO_init
    ti_msp_dl_config.o(.text.SYSCFG_DL_init) refers to ti_msp_dl_config.o(.text.SYSCFG_DL_SYSCTL_init) for SYSCFG_DL_SYSCTL_init
    ti_msp_dl_config.o(.text.SYSCFG_DL_init) refers to ti_msp_dl_config.o(.text.SYSCFG_DL_UART_0_init) for SYSCFG_DL_UART_0_init
    ti_msp_dl_config.o(.text.SYSCFG_DL_init) refers to ti_msp_dl_config.o(.text.SYSCFG_DL_SPI_LCD_init) for SYSCFG_DL_SPI_LCD_init
    ti_msp_dl_config.o(.text.SYSCFG_DL_init) refers to ti_msp_dl_config.o(.text.SYSCFG_DL_ADC_VOLTAGE_init) for SYSCFG_DL_ADC_VOLTAGE_init
    ti_msp_dl_config.o(.text.SYSCFG_DL_init) refers to ti_msp_dl_config.o(.text.SYSCFG_DL_DMA_init) for SYSCFG_DL_DMA_init
    ti_msp_dl_config.o(.text.SYSCFG_DL_init) refers to ti_msp_dl_config.o(.text.SYSCFG_DL_SYSTICK_init) for SYSCFG_DL_SYSTICK_init
    ti_msp_dl_config.o(.text.SYSCFG_DL_init) refers to ti_msp_dl_config.o(.bss.gSPI_LCDBackup) for gSPI_LCDBackup
    ti_msp_dl_config.o(.ARM.exidx.text.SYSCFG_DL_init) refers to ti_msp_dl_config.o(.text.SYSCFG_DL_init) for [Anonymous Symbol]
    ti_msp_dl_config.o(.text.SYSCFG_DL_initPower) refers to dl_common.o(.text.DL_Common_delayCycles) for DL_Common_delayCycles
    ti_msp_dl_config.o(.ARM.exidx.text.SYSCFG_DL_initPower) refers to ti_msp_dl_config.o(.text.SYSCFG_DL_initPower) for [Anonymous Symbol]
[...]
    Removing dl_flashctl.o(.text.DL_FlashCTL_readVerify16), (26 bytes).
    Removing dl_flashctl.o(.ARM.exidx.text.DL_FlashCTL_readVerify16), (8 bytes).
    Removing dl_flashctl.o(.text.DL_FlashCTL_readVerify32), (28 bytes).
    Removing dl_flashctl.o(.ARM.exidx.text.DL_FlashCTL_readVerify32), (8 bytes).
    Removing dl_flashctl.o(.text.DL_FlashCTL_readVerify64), (32 bytes).
    Removing dl_flashctl.o(.ARM.exidx.text.DL_FlashCTL_readVerify64), (8 bytes).
    Removing dl_flashctl.o(.text.DL_FlashCTL_readVerifyFromRAM8), (32 bytes).
    Removing dl_flashctl.o(.ARM.exidx.text.DL_FlashCTL_readVerifyFromRAM8), (8 bytes).
    Removing dl_flashctl.o(.text.DL_FlashCTL_readVerifyFromRAM16), (28 bytes).
    Removing dl_flashctl.o(.ARM.exidx.text.DL_FlashCTL_readVerifyFromRAM16), (8 bytes).
    Removing dl_flashctl.o(.text.DL_FlashCTL_readVerifyFromRAM32), (32 bytes).
    Removing dl_flashctl.o(.ARM.exidx.text.DL_FlashCTL_readVerifyFromRAM32), (8 bytes).
    Removing dl_flashctl.o(.text.DL_FlashCTL_readVerifyFromRAM64), (36 bytes).
    Removing dl_flashctl.o(.ARM.exidx.text.DL_FlashCTL_readVerifyFromRAM64), (8 bytes).
    Removing dl_flashctl.o(.text.DL_FlashCTL_readVerifyFromRAM8WithECCGenerated), (32 bytes).
    Removing dl_flashctl.o(.ARM.exidx.text.DL_FlashCTL_readVerifyFromRAM8WithECCGenerated), (8 bytes).
    Removing dl_flashctl.o(.text.DL_FlashCTL_readVerifyFromRAM16WithECCGenerated), (32 bytes).
    Removing dl_flashctl.o(.ARM.exidx.text.DL_FlashCTL_readVerifyFromRAM16WithECCGenerated), (8 bytes).
    Removing dl_flashctl.o(.text.DL_FlashCTL_readVerifyFromRAM32WithECCGenerated), (32 bytes).
    Removing dl_flashctl.o(.ARM.exidx.text.DL_FlashCTL_readVerifyFromRAM32WithECCGenerated), (8 bytes).
    Removing dl_flashctl.o(.text.DL_FlashCTL_readVerifyFromRAM64WithECCGenerated), (40 bytes).
    Removing dl_flashctl.o(.ARM.exidx.text.DL_FlashCTL_readVerifyFromRAM64WithECCGenerated), (8 bytes).
    Removing dl_flashctl.o(.text.DL_FlashCTL_readVerifyFromRAM8WithECCManual), (44 bytes).
    Removing dl_flashctl.o(.ARM.exidx.text.DL_FlashCTL_readVerifyFromRAM8WithECCManual), (8 bytes).
    Removing dl_flashctl.o(.text.DL_FlashCTL_readVerifyFromRAM16WithECCManual), (44 bytes).
    Removing dl_flashctl.o(.ARM.exidx.text.DL_FlashCTL_readVerifyFromRAM16WithECCManual), (8 bytes).
    Removing dl_flashctl.o(.text.DL_FlashCTL_readVerifyFromRAM32WithECCManual), (44 bytes).
    Removing dl_flashctl.o(.ARM.exidx.text.DL_FlashCTL_readVerifyFromRAM32WithECCManual), (8 bytes).
    Removing dl_flashctl.o(.text.DL_FlashCTL_readVerifyFromRAM64WithECCManual), (48 bytes).
    Removing dl_flashctl.o(.ARM.exidx.text.DL_FlashCTL_readVerifyFromRAM64WithECCManual), (8 bytes).
    Removing dl_flashctl.o(.text.DL_FlashCTL_readVerify8WithECCGenerated), (30 bytes).
    Removing dl_flashctl.o(.ARM.exidx.text.DL_FlashCTL_readVerify8WithECCGenerated), (8 bytes).
    Removing dl_flashctl.o(.text.DL_FlashCTL_readVerify16WithECCGenerated), (30 bytes).
    Removing dl_flashctl.o(.ARM.exidx.text.DL_FlashCTL_readVerify16WithECCGenerated), (8 bytes).
    Removing dl_flashctl.o(.text.DL_FlashCTL_readVerify32WithECCGenerated), (30 bytes).
    Removing dl_flashctl.o(.ARM.exidx.text.DL_FlashCTL_readVerify32WithECCGenerated), (8 bytes).
    Removing dl_flashctl.o(.text.DL_FlashCTL_readVerify64WithECCGenerated), (36 bytes).
    Removing dl_flashctl.o(.ARM.exidx.text.DL_FlashCTL_readVerify64WithECCGenerated), (8 bytes).
    Removing dl_flashctl.o(.text.DL_FlashCTL_readVerify8WithECCManual), (40 bytes).
    Removing dl_flashctl.o(.ARM.exidx.text.DL_FlashCTL_readVerify8WithECCManual), (8 bytes).
    Removing dl_flashctl.o(.text.DL_FlashCTL_readVerify16WithECCManual), (40 bytes).
    Removing dl_flashctl.o(.ARM.exidx.text.DL_FlashCTL_readVerify16WithECCManual), (8 bytes).
    Removing dl_flashctl.o(.text.DL_FlashCTL_readVerify32WithECCManual), (40 bytes).
    Removing dl_flashctl.o(.ARM.exidx.text.DL_FlashCTL_readVerify32WithECCManual), (8 bytes).
    Removing dl_flashctl.o(.text.DL_FlashCTL_readVerify64WithECCManual), (48 bytes).
    Removing dl_flashctl.o(.ARM.exidx.text.DL_FlashCTL_readVerify64WithECCManual), (8 bytes).
    Removing dl_flashctl.o(.text.DL_FlashCTL_blankVerify), (20 bytes).
    Removing dl_flashctl.o(.ARM.exidx.text.DL_FlashCTL_blankVerify), (8 bytes).
    Removing dl_flashctl.o(.text.DL_FlashCTL_blankVerifyFromRAM), (24 bytes).
    Removing dl_flashctl.o(.ARM.exidx.text.DL_FlashCTL_blankVerifyFromRAM), (8 bytes).
    Removing dl_dma.o(.text), (0 bytes).
    Removing dl_dma.o(.ARM.exidx.text.DL_DMA_initChannel), (8 bytes).
    Removing dl_dac12.o(.text), (0 bytes).
    Removing dl_dac12.o(.text.DL_DAC12_init), (136 bytes).
    Removing dl_dac12.o(.ARM.exidx.text.DL_DAC12_init), (8 bytes).
    Removing dl_dac12.o(.text.DL_DAC12_outputBlocking8), (48 bytes).
    Removing dl_dac12.o(.ARM.exidx.text.DL_DAC12_outputBlocking8), (8 bytes).
    Removing dl_dac12.o(.text.DL_DAC12_outputBlocking12), (56 bytes).
    Removing dl_dac12.o(.ARM.exidx.text.DL_DAC12_outputBlocking12), (8 bytes).
    Removing dl_dac12.o(.text.DL_DAC12_fillFIFO8), (160 bytes).
    Removing dl_dac12.o(.ARM.exidx.text.DL_DAC12_fillFIFO8), (8 bytes).
    Removing dl_dac12.o(.text.DL_DAC12_fillFIFO12), (56 bytes).
    Removing dl_dac12.o(.ARM.exidx.text.DL_DAC12_fillFIFO12), (8 bytes).
    Removing dl_dac12.o(.text.DL_DAC12_performSelfCalibrationBlocking), (36 bytes).
    Removing dl_dac12.o(.ARM.exidx.text.DL_DAC12_performSelfCalibrationBlocking), (8 bytes).
    Removing dl_crcp.o(.text), (0 bytes).
    Removing dl_crc.o(.text), (0 bytes).
    Removing dl_crc.o(.text.DL_CRC_calculateBlock32), (92 bytes).
    Removing dl_crc.o(.ARM.exidx.text.DL_CRC_calculateBlock32), (8 bytes).
    Removing dl_crc.o(.text.DL_CRC_calculateMemoryRange32), (52 bytes).
    Removing dl_crc.o(.ARM.exidx.text.DL_CRC_calculateMemoryRange32), (8 bytes).
    Removing dl_crc.o(.text.DL_CRC_calculateBlock16), (152 bytes).
    Removing dl_crc.o(.ARM.exidx.text.DL_CRC_calculateBlock16), (8 bytes).
    Removing dl_crc.o(.text.DL_CRC_calculateMemoryRange16), (104 bytes).
    Removing dl_crc.o(.ARM.exidx.text.DL_CRC_calculateMemoryRange16), (8 bytes).
    Removing dl_common.o(.text), (0 bytes).
    Removing dl_common.o(.ARM.exidx.text.DL_Common_delayCycles), (8 bytes).
    Removing dl_aesadv.o(.text), (0 bytes).
    Removing dl_aes.o(.text), (0 bytes).
    Removing dl_aes.o(.text.DL_AES_setKey), (72 bytes).
    Removing dl_aes.o(.ARM.exidx.text.DL_AES_setKey), (8 bytes).
    Removing dl_aes.o(.text.DL_AES_setKeyAligned), (56 bytes).
    Removing dl_aes.o(.ARM.exidx.text.DL_AES_setKeyAligned), (8 bytes).
    Removing dl_aes.o(.text.DL_AES_loadDataIn), (40 bytes).
    Removing dl_aes.o(.ARM.exidx.text.DL_AES_loadDataIn), (8 bytes).
    Removing dl_aes.o(.text.DL_AES_loadDataInAligned), (24 bytes).
    Removing dl_aes.o(.ARM.exidx.text.DL_AES_loadDataInAligned), (8 bytes).
    Removing dl_aes.o(.text.DL_AES_getDataOut), (36 bytes).
    Removing dl_aes.o(.ARM.exidx.text.DL_AES_getDataOut), (8 bytes).
    Removing dl_aes.o(.text.DL_AES_getDataOutAligned), (24 bytes).
    Removing dl_aes.o(.ARM.exidx.text.DL_AES_getDataOutAligned), (8 bytes).
    Removing dl_aes.o(.text.DL_AES_loadXORDataIn), (40 bytes).
    Removing dl_aes.o(.ARM.exidx.text.DL_AES_loadXORDataIn), (8 bytes).
    Removing dl_aes.o(.text.DL_AES_loadXORDataInAligned), (24 bytes).
    Removing dl_aes.o(.ARM.exidx.text.DL_AES_loadXORDataInAligned), (8 bytes).
    Removing dl_aes.o(.text.DL_AES_loadXORDataInWithoutTrigger), (40 bytes).
    Removing dl_aes.o(.ARM.exidx.text.DL_AES_loadXORDataInWithoutTrigger), (8 bytes).
    Removing dl_aes.o(.text.DL_AES_loadXORDataInWithoutTriggerAligned), (24 bytes).
    Removing dl_aes.o(.ARM.exidx.text.DL_AES_loadXORDataInWithoutTriggerAligned), (8 bytes).
    Removing dl_aes.o(.text.DL_AES_xorData), (52 bytes).
    Removing dl_aes.o(.ARM.exidx.text.DL_AES_xorData), (8 bytes).
    Removing dl_aes.o(.text.DL_AES_xorDataAligned), (36 bytes).
    Removing dl_aes.o(.ARM.exidx.text.DL_AES_xorDataAligned), (8 bytes).
    Removing dl_aes.o(.text.DL_AES_saveConfiguration), (60 bytes).
    Removing dl_aes.o(.ARM.exidx.text.DL_AES_saveConfiguration), (8 bytes).
    Removing dl_aes.o(.text.DL_AES_restoreConfiguration), (60 bytes).
    Removing dl_aes.o(.ARM.exidx.text.DL_AES_restoreConfiguration), (8 bytes).
    Removing dl_adc12.o(.text), (0 bytes).
    Removing dl_adc12.o(.ARM.exidx.text.DL_ADC12_setClockConfig), (8 bytes).
    Removing dl_adc12.o(.text.DL_ADC12_getClockConfig), (40 bytes).
    Removing dl_adc12.o(.ARM.exidx.text.DL_ADC12_getClockConfig), (8 bytes).

691 unused section(s) (total 29229 bytes) removed from the image.

==============================================================================

Image Symbol Table

    Local Symbols

    Symbol Name                              Value     Ov Type        Size  Object(Section)

    ../clib/angel/boardlib.s                 0x00000000   Number         0  boardinit1.o ABSOLUTE
    ../clib/angel/boardlib.s                 0x00000000   Number         0  boardinit2.o ABSOLUTE
    ../clib/angel/boardlib.s                 0x00000000   Number         0  boardinit3.o ABSOLUTE
    ../clib/angel/boardlib.s                 0x00000000   Number         0  boardshut.o ABSOLUTE
    ../clib/angel/handlers.s                 0x00000000   Number         0  __scatter_copy.o ABSOLUTE
    ../clib/angel/handlers.s                 0x00000000   Number         0  __scatter_zi.o ABSOLUTE
    ../clib/angel/kernel.s                   0x00000000   Number         0  __rtentry.o ABSOLUTE
    ../clib/angel/kernel.s                   0x00000000   Number         0  __rtentry2.o ABSOLUTE
    ../clib/angel/kernel.s                   0x00000000   Number         0  __rtentry4.o ABSOLUTE
    ../clib/angel/kernel.s                   0x00000000   Number         0  rtexit.o ABSOLUTE
    ../clib/angel/kernel.s                   0x00000000   Number         0  rtexit2.o ABSOLUTE
    ../clib/angel/rt.s                       0x00000000   Number         0  aeabi_idiv0.o ABSOLUTE
    ../clib/angel/rt.s                       0x00000000   Number         0  aeabi_idiv0_sigfpe.o ABSOLUTE
    ../clib/angel/rt.s                       0x00000000   Number         0  rt_div0.o ABSOLUTE
    ../clib/angel/rt.s                       0x00000000   Number         0  rt_raise.o ABSOLUTE
    ../clib/angel/scatterp.s                 0x00000000   Number         0  __scatter.o ABSOLUTE
    ../clib/angel/startup.s                  0x00000000   Number         0  __main.o ABSOLUTE
    ../clib/angel/sys.s                      0x00000000   Number         0  sys_stackheap_outer.o ABSOLUTE
    ../clib/angel/sys.s                      0x00000000   Number         0  libspace.o ABSOLUTE
    ../clib/angel/sys.s                      0x00000000   Number         0  tempstk.o ABSOLUTE
    ../clib/angel/sys.s                      0x00000000   Number         0  use_no_semi.o ABSOLUTE
    ../clib/angel/sys.s                      0x00000000   Number         0  indicate_semi.o ABSOLUTE
    ../clib/angel/sysapp.c                   0x00000000   Number         0  sys_wrch.o ABSOLUTE
    ../clib/angel/sysapp.c                   0x00000000   Number         0  sys_wrch_hlt.o ABSOLUTE
    ../clib/angel/sysapp.c                   0x00000000   Number         0  sys_command.o ABSOLUTE
    ../clib/angel/sysapp.c                   0x00000000   Number         0  sys_command_hlt.o ABSOLUTE
    ../clib/armsys.c                         0x00000000   Number         0  argv_veneer.o ABSOLUTE
    ../clib/armsys.c                         0x00000000   Number         0  _get_argv_nomalloc.o ABSOLUTE
    ../clib/armsys.c                         0x00000000   Number         0  no_argv.o ABSOLUTE
    ../clib/division.s                       0x00000000   Number         0  aeabi_sdivfast.o ABSOLUTE
    ../clib/division.s                       0x00000000   Number         0  aeabi_sdivfast_div0.o ABSOLUTE
    ../clib/heapalloc.c                      0x00000000   Number         0  hrguard.o ABSOLUTE
    ../clib/heapaux.c                        0x00000000   Number         0  heapauxi.o ABSOLUTE
    ../clib/libinit.s                        0x00000000   Number         0  libinit.o ABSOLUTE
    ../clib/libinit.s                        0x00000000   Number         0  libinit2.o ABSOLUTE
    ../clib/libinit.s                        0x00000000   Number         0  libshutdown.o ABSOLUTE
    ../clib/libinit.s                        0x00000000   Number         0  libshutdown2.o ABSOLUTE
    ../clib/memcpset.c                       0x00000000   Number         0  rt_memmove.o ABSOLUTE
    ../clib/memcpset.c                       0x00000000   Number         0  rt_memcpy.o ABSOLUTE
    ../clib/memcpset.c                       0x00000000   Number         0  rt_memcpy.o ABSOLUTE
    ../clib/signal.c                         0x00000000   Number         0  defsig_fpe_outer.o ABSOLUTE
    ../clib/signal.c                         0x00000000   Number         0  defsig_fpe_formal.o ABSOLUTE
    ../clib/signal.c                         0x00000000   Number         0  defsig_exit.o ABSOLUTE
    ../clib/signal.c                         0x00000000   Number         0  defsig_fpe_inner.o ABSOLUTE
    ../clib/signal.c                         0x00000000   Number         0  __raise.o ABSOLUTE
    ../clib/signal.c                         0x00000000   Number         0  defsig_general.o ABSOLUTE
    ../clib/signal.c                         0x00000000   Number         0  defsig_abrt_inner.o ABSOLUTE
    ../clib/signal.c                         0x00000000   Number         0  defsig_rtred_inner.o ABSOLUTE
    ../clib/signal.c                         0x00000000   Number         0  defsig_rtmem_inner.o ABSOLUTE
    ../clib/signal.c                         0x00000000   Number         0  defsig_rtmem_outer.o ABSOLUTE
    ../clib/signal.c                         0x00000000   Number         0  defsig_rtmem_formal.o ABSOLUTE
    ../clib/signal.c                         0x00000000   Number         0  defsig_stak_inner.o ABSOLUTE
    ../clib/signal.c                         0x00000000   Number         0  defsig_pvfn_inner.o ABSOLUTE
    ../clib/signal.c                         0x00000000   Number         0  defsig_cppl_inner.o ABSOLUTE
    ../clib/signal.c                         0x00000000   Number         0  defsig_segv_inner.o ABSOLUTE
    ../clib/signal.c                         0x00000000   Number         0  defsig_other.o ABSOLUTE
    ../clib/signal.s                         0x00000000   Number         0  defsig.o ABSOLUTE
    ../clib/stdio.c                          0x00000000   Number         0  puts.o ABSOLUTE
    ../clib/stdlib.c                         0x00000000   Number         0  exit.o ABSOLUTE
    ../fplib/cfplib/cmp.c                    0x00000000   Number         0  fcmp.o ABSOLUTE
    ../fplib/cfplib/cmpret.c                 0x00000000   Number         0  cmpret.o ABSOLUTE
    ../fplib/cfplib/ddiv.c                   0x00000000   Number         0  ddiv.o ABSOLUTE
    ../fplib/cfplib/dmul.c                   0x00000000   Number         0  dmul.o ABSOLUTE
    ../fplib/cfplib/fcmpin.c                 0x00000000   Number         0  fcmpin.o ABSOLUTE
    ../fplib/cfplib/ffix.c                   0x00000000   Number         0  dfixi.o ABSOLUTE
    ../fplib/cfplib/fflt.c                   0x00000000   Number         0  dflti.o ABSOLUTE
    ../fplib/cfplib/fflt.c                   0x00000000   Number         0  fflti.o ABSOLUTE
    ../fplib/cfplib/fpinit.c                 0x00000000   Number         0  fpinit.o ABSOLUTE
    ../fplib/cfplib/nan2.c                   0x00000000   Number         0  fnan2.o ABSOLUTE
    ../fplib/cfplib/retnan.c                 0x00000000   Number         0  retnan.o ABSOLUTE
    ../fplib/faddsub6m.s                     0x00000000   Number         0  faddsub.o ABSOLUTE
    ../fplib/feqf6m.s                        0x00000000   Number         0  feqf.o ABSOLUTE
    ../fplib/fgeqf6m.s                       0x00000000   Number         0  fgef.o ABSOLUTE
    ../fplib/fleqf6m.s                       0x00000000   Number         0  flef.o ABSOLUTE
    ../fplib/usenofp.s                       0x00000000   Number         0  usenofp.o ABSOLUTE
    adc.c                                    0x00000000   Number         0  adc.o ABSOLUTE
    board.c                                  0x00000000   Number         0  board.o ABSOLUTE
    dc.s                                     0x00000000   Number         0  dc.o ABSOLUTE
    dl_adc12.c                               0x00000000   Number         0  dl_adc12.o ABSOLUTE
    dl_aes.c                                 0x00000000   Number         0  dl_aes.o ABSOLUTE
    dl_aesadv.c                              0x00000000   Number         0  dl_aesadv.o ABSOLUTE
    dl_common.c                              0x00000000   Number         0  dl_common.o ABSOLUTE
    dl_crc.c                                 0x00000000   Number         0  dl_crc.o ABSOLUTE
    dl_crcp.c                                0x00000000   Number         0  dl_crcp.o ABSOLUTE
    dl_dac12.c                               0x00000000   Number         0  dl_dac12.o ABSOLUTE
    dl_dma.c                                 0x00000000   Number         0  dl_dma.o ABSOLUTE
    dl_flashctl.c                            0x00000000   Number         0  dl_flashctl.o ABSOLUTE
    dl_i2c.c                                 0x00000000   Number         0  dl_i2c.o ABSOLUTE
    dl_keystorectl.c                         0x00000000   Number         0  dl_keystorectl.o ABSOLUTE
    dl_lcd.c                                 0x00000000   Number         0  dl_lcd.o ABSOLUTE
    dl_lfss.c                                0x00000000   Number         0  dl_lfss.o ABSOLUTE
    dl_mathacl.c                             0x00000000   Number         0  dl_mathacl.o ABSOLUTE
    dl_mcan.c                                0x00000000   Number         0  dl_mcan.o ABSOLUTE
    dl_opa.c                                 0x00000000   Number         0  dl_opa.o ABSOLUTE
    dl_rtc_common.c                          0x00000000   Number         0  dl_rtc_common.o ABSOLUTE
    dl_spi.c                                 0x00000000   Number         0  dl_spi.o ABSOLUTE
    dl_sysctl_mspm0g1x0x_g3x0x.c             0x00000000   Number         0  dl_sysctl_mspm0g1x0x_g3x0x.o ABSOLUTE
    dl_timer.c                               0x00000000   Number         0  dl_timer.o ABSOLUTE
    dl_trng.c                                0x00000000   Number         0  dl_trng.o ABSOLUTE
    dl_uart.c                                0x00000000   Number         0  dl_uart.o ABSOLUTE
    dl_vref.c                                0x00000000   Number         0  dl_vref.o ABSOLUTE
    draw.c                                   0x00000000   Number         0  draw.o ABSOLUTE
    empty.c                                  0x00000000   Number         0  empty.o ABSOLUTE
    key.c                                    0x00000000   Number         0  key.o ABSOLUTE
    oled.c                                   0x00000000   Number         0  oled.o ABSOLUTE
    startup_mspm0g350x_uvision.s             0x00000000   Number         0  startup_mspm0g350x_uvision.o ABSOLUTE
    ti_msp_dl_config.c                       0x00000000   Number         0  ti_msp_dl_config.o ABSOLUTE
    RESET                                    0x00000000   Section      192  startup_mspm0g350x_uvision.o(RESET)
    !!!main                                  0x000000c0   Section        8  __main.o(!!!main)
    !!!scatter                               0x000000c8   Section       84  __scatter.o(!!!scatter)
    !!handler_copy                           0x00000120   Section       26  __scatter_copy.o(!!handler_copy)
    !!handler_null                           0x00000140   Section        2  __scatter.o(!!handler_null)
    !!handler_zi                             0x00000148   Section       28  __scatter_zi.o(!!handler_zi)
    .ARM.Collect$$libinit$$00000000          0x00000164   Section        2  libinit.o(.ARM.Collect$$libinit$$00000000)
    .ARM.Collect$$libinit$$00000002          0x00000166   Section        0  libinit2.o(.ARM.Collect$$libinit$$00000002)
    .ARM.Collect$$libinit$$00000004          0x00000166   Section        0  libinit2.o(.ARM.Collect$$libinit$$00000004)
    .ARM.Collect$$libinit$$00000006          0x00000166   Section        0  libinit2.o(.ARM.Collect$$libinit$$00000006)
    .ARM.Collect$$libinit$$0000000C          0x00000166   Section        0  libinit2.o(.ARM.Collect$$libinit$$0000000C)
    .ARM.Collect$$libinit$$0000000E          0x00000166   Section        0  libinit2.o(.ARM.Collect$$libinit$$0000000E)
    .ARM.Collect$$libinit$$00000010          0x00000166   Section        0  libinit2.o(.ARM.Collect$$libinit$$00000010)
    .ARM.Collect$$libinit$$00000013          0x00000166   Section        0  libinit2.o(.ARM.Collect$$libinit$$00000013)
    .ARM.Collect$$libinit$$00000015          0x00000166   Section        0  libinit2.o(.ARM.Collect$$libinit$$00000015)
    .ARM.Collect$$libinit$$00000017          0x00000166   Section        0  libinit2.o(.ARM.Collect$$libinit$$00000017)
    .ARM.Collect$$libinit$$00000019          0x00000166   Section        0  libinit2.o(.ARM.Collect$$libinit$$00000019)
    .ARM.Collect$$libinit$$0000001B          0x00000166   Section        0  libinit2.o(.ARM.Collect$$libinit$$0000001B)
    .ARM.Collect$$libinit$$0000001D          0x00000166   Section        0  libinit2.o(.ARM.Collect$$libinit$$0000001D)
    .ARM.Collect$$libinit$$0000001F          0x00000166   Section        0  libinit2.o(.ARM.Collect$$libinit$$0000001F)
    .ARM.Collect$$libinit$$00000021          0x00000166   Section        0  libinit2.o(.ARM.Collect$$libinit$$00000021)
    .ARM.Collect$$libinit$$00000023          0x00000166   Section        0  libinit2.o(.ARM.Collect$$libinit$$00000023)
    .ARM.Collect$$libinit$$00000025          0x00000166   Section        0  libinit2.o(.ARM.Collect$$libinit$$00000025)
    .ARM.Collect$$libinit$$00000027          0x00000166   Section        0  libinit2.o(.ARM.Collect$$libinit$$00000027)
    .ARM.Collect$$libinit$$0000002E          0x00000166   Section        0  libinit2.o(.ARM.Collect$$libinit$$0000002E)
    .ARM.Collect$$libinit$$00000030          0x00000166   Section        0  libinit2.o(.ARM.Collect$$libinit$$00000030)
    .ARM.Collect$$libinit$$00000032          0x00000166   Section        0  libinit2.o(.ARM.Collect$$libinit$$00000032)
    .ARM.Collect$$libinit$$00000034          0x00000166   Section        0  libinit2.o(.ARM.Collect$$libinit$$00000034)
    .ARM.Collect$$libinit$$00000035          0x00000166   Section        2  libinit2.o(.ARM.Collect$$libinit$$00000035)
    .ARM.Collect$$libshutdown$$00000000      0x00000168   Section        2  libshutdown.o(.ARM.Collect$$libshutdown$$00000000)
    .ARM.Collect$$libshutdown$$00000002      0x0000016a   Section        0  libshutdown2.o(.ARM.Collect$$libshutdown$$00000002)
    .ARM.Collect$$libshutdown$$00000004      0x0000016a   Section        0  libshutdown2.o(.ARM.Collect$$libshutdown$$00000004)
    .ARM.Collect$$libshutdown$$00000007      0x0000016a   Section        0  libshutdown2.o(.ARM.Collect$$libshutdown$$00000007)
    .ARM.Collect$$libshutdown$$0000000A      0x0000016a   Section        0  libshutdown2.o(.ARM.Collect$$libshutdown$$0000000A)
    .ARM.Collect$$libshutdown$$0000000C      0x0000016a   Section        0  libshutdown2.o(.ARM.Collect$$libshutdown$$0000000C)
    .ARM.Collect$$libshutdown$$0000000F      0x0000016a   Section        0  libshutdown2.o(.ARM.Collect$$libshutdown$$0000000F)
    .ARM.Collect$$libshutdown$$00000010      0x0000016a   Section        2  libshutdown2.o(.ARM.Collect$$libshutdown$$00000010)
    .ARM.Collect$$rtentry$$00000000          0x0000016c   Section        0  __rtentry.o(.ARM.Collect$$rtentry$$00000000)
    .ARM.Collect$$rtentry$$00000002          0x0000016c   Section        0  __rtentry2.o(.ARM.Collect$$rtentry$$00000002)
    .ARM.Collect$$rtentry$$00000004          0x0000016c   Section        6  __rtentry4.o(.ARM.Collect$$rtentry$$00000004)
    .ARM.Collect$$rtentry$$00000009          0x00000172   Section        0  __rtentry2.o(.ARM.Collect$$rtentry$$00000009)
    .ARM.Collect$$rtentry$$0000000A          0x00000172   Section        4  __rtentry2.o(.ARM.Collect$$rtentry$$0000000A)
    .ARM.Collect$$rtentry$$0000000C          0x00000176   Section        0  __rtentry2.o(.ARM.Collect$$rtentry$$0000000C)
    .ARM.Collect$$rtentry$$0000000D          0x00000176   Section        8  __rtentry2.o(.ARM.Collect$$rtentry$$0000000D)
    .ARM.Collect$$rtexit$$00000000           0x0000017e   Section        2  rtexit.o(.ARM.Collect$$rtexit$$00000000)
    .ARM.Collect$$rtexit$$00000002           0x00000180   Section        0  rtexit2.o(.ARM.Collect$$rtexit$$00000002)
    .ARM.Collect$$rtexit$$00000003           0x00000180   Section        4  rtexit2.o(.ARM.Collect$$rtexit$$00000003)
    .ARM.Collect$$rtexit$$00000004           0x00000184   Section        6  rtexit2.o(.ARM.Collect$$rtexit$$00000004)
    .emb_text                                0x0000018c   Section       56  rt_memcpy.o(.emb_text)
    .text                                    0x000001c4   Section       44  startup_mspm0g350x_uvision.o(.text)
    .text                                    0x000001f0   Section        0  puts.o(.text)
    .text                                    0x0000021c   Section        0  rt_memmove.o(.text)
    .text                                    0x000002b4   Section      504  aeabi_sdivfast.o(.text)
    .text                                    0x000004ac   Section        0  heapauxi.o(.text)
    .text                                    0x000004b4   Section        0  ddiv.o(.text)
    .text                                    0x000008fc   Section        0  dfixi.o(.text)
    .text                                    0x00000968   Section        0  dflti.o(.text)
    .text                                    0x000009c0   Section        0  dmul.o(.text)
    .text                                    0x00000c08   Section        0  fflti.o(.text)
    .text                                    0x00000c66   Section        0  rt_memcpy.o(.text)
    .text                                    0x00000ce8   Section        0  fcmpin.o(.text)
    .text                                    0x00000d4c   Section       62  sys_stackheap_outer.o(.text)
    .text                                    0x00000d8a   Section        0  exit.o(.text)
    .text                                    0x00000d9a   Section        0  cmpret.o(.text)
    .text                                    0x00000dc8   Section        0  fnan2.o(.text)
    .text                                    0x00000dd8   Section        8  libspace.o(.text)
    .text                                    0x00000de0   Section        0  retnan.o(.text)
    [Anonymous Symbol]                       0x00000e40   Section        0  dl_adc12.o(.text.DL_ADC12_setClockConfig)
    __arm_cp.0_0                             0x00000e78   Number         4  dl_adc12.o(.text.DL_ADC12_setClockConfig)
    __arm_cp.0_1                             0x00000e7c   Number         4  dl_adc12.o(.text.DL_ADC12_setClockConfig)
    [Anonymous Symbol]                       0x00000e80   Section        0  dl_common.o(.text.DL_Common_delayCycles)
    [Anonymous Symbol]                       0x00000e8c   Section        0  dl_dma.o(.text.DL_DMA_initChannel)
    __arm_cp.0_0                             0x00000ecc   Number         4  dl_dma.o(.text.DL_DMA_initChannel)
    [Anonymous Symbol]                       0x00000ed0   Section        0  dl_spi.o(.text.DL_SPI_init)
    __arm_cp.0_0                             0x00000f0c   Number         4  dl_spi.o(.text.DL_SPI_init)
    __arm_cp.0_1                             0x00000f10   Number         4  dl_spi.o(.text.DL_SPI_init)
    [Anonymous Symbol]                       0x00000f14   Section        0  dl_spi.o(.text.DL_SPI_setClockConfig)
    [Anonymous Symbol]                       0x00000f28   Section        0  dl_sysctl_mspm0g1x0x_g3x0x.o(.text.DL_SYSCTL_configSYSPLL)
    __arm_cp.0_0                             0x00001004   Number         4  dl_sysctl_mspm0g1x0x_g3x0x.o(.text.DL_SYSCTL_configSYSPLL)
    __arm_cp.0_2                             0x00001008   Number         4  dl_sysctl_mspm0g1x0x_g3x0x.o(.text.DL_SYSCTL_configSYSPLL)
    __arm_cp.0_3                             0x0000100c   Number         4  dl_sysctl_mspm0g1x0x_g3x0x.o(.text.DL_SYSCTL_configSYSPLL)
    __arm_cp.0_4                             0x00001010   Number         4  dl_sysctl_mspm0g1x0x_g3x0x.o(.text.DL_SYSCTL_configSYSPLL)
    [Anonymous Symbol]                       0x00001014   Section        0  dl_sysctl_mspm0g1x0x_g3x0x.o(.text.DL_SYSCTL_setHFCLKSourceHFXTParams)
    __arm_cp.7_0                             0x00001078   Number         4  dl_sysctl_mspm0g1x0x_g3x0x.o(.text.DL_SYSCTL_setHFCLKSourceHFXTParams)
    [Anonymous Symbol]                       0x0000107c   Section        0  dl_sysctl_mspm0g1x0x_g3x0x.o(.text.DL_SYSCTL_switchMCLKfromSYSOSCtoHSCLK)
    __arm_cp.4_0                             0x000010c4   Number         4  dl_sysctl_mspm0g1x0x_g3x0x.o(.text.DL_SYSCTL_switchMCLKfromSYSOSCtoHSCLK)
    __arm_cp.4_1                             0x000010c8   Number         4  dl_sysctl_mspm0g1x0x_g3x0x.o(.text.DL_SYSCTL_switchMCLKfromSYSOSCtoHSCLK)
    [Anonymous Symbol]                       0x000010cc   Section        0  dl_uart.o(.text.DL_UART_init)
    __arm_cp.0_0                             0x0000110c   Number         4  dl_uart.o(.text.DL_UART_init)
    __arm_cp.0_1                             0x00001110   Number         4  dl_uart.o(.text.DL_UART_init)
    [Anonymous Symbol]                       0x00001114   Section        0  dl_uart.o(.text.DL_UART_setClockConfig)
    [Anonymous Symbol]                       0x00001128   Section        0  empty.o(.text.GROUP1_IRQHandler)
    __arm_cp.1_0                             0x0000113c   Number         4  empty.o(.text.GROUP1_IRQHandler)
    [Anonymous Symbol]                       0x00001140   Section        0  draw.o(.text.Get_Triggervoltage)
    __arm_cp.2_0                             0x00001234   Number         4  draw.o(.text.Get_Triggervoltage)
    __arm_cp.2_1                             0x00001238   Number         4  draw.o(.text.Get_Triggervoltage)
    __arm_cp.2_2                             0x0000123c   Number         4  draw.o(.text.Get_Triggervoltage)
    [Anonymous Symbol]                       0x00001240   Section        0  oled.o(.text.OLED_Clear)
    __arm_cp.6_0                             0x00001a0c   Number         4  oled.o(.text.OLED_Clear)
    __arm_cp.6_1                             0x00001a10   Number         4  oled.o(.text.OLED_Clear)
    __arm_cp.6_2                             0x00001a14   Number         4  oled.o(.text.OLED_Clear)
    [Anonymous Symbol]                       0x00001a18   Section        0  oled.o(.text.OLED_DrawLine)
    [Anonymous Symbol]                       0x00001ae4   Section        0  oled.o(.text.OLED_GClear)
    __arm_cp.7_1                             0x00001af0   Number         4  oled.o(.text.OLED_GClear)
    [Anonymous Symbol]                       0x00002134   Section        0  oled.o(.text.OLED_Init)
    __arm_cp.18_2                            0x0000215c   Number         4  oled.o(.text.OLED_Init)
    __arm_cp.18_1                            0x0000254c   Number         4  oled.o(.text.OLED_Init)
    [Anonymous Symbol]                       0x00002550   Section        0  oled.o(.text.OLED_Refresh)
    __arm_cp.5_0                             0x000026c4   Number         4  oled.o(.text.OLED_Refresh)
    __arm_cp.5_1                             0x000026c8   Number         4  oled.o(.text.OLED_Refresh)
    [Anonymous Symbol]                       0x000026cc   Section        0  oled.o(.text.OLED_ShowChar)
    __arm_cp.11_0                            0x00002920   Number         4  oled.o(.text.OLED_ShowChar)
    __arm_cp.11_1                            0x00002924   Number         4  oled.o(.text.OLED_ShowChar)
    __arm_cp.11_2                            0x00002928   Number         4  oled.o(.text.OLED_ShowChar)
    __arm_cp.11_3                            0x0000292c   Number         4  oled.o(.text.OLED_ShowChar)
    __arm_cp.11_4                            0x00002930   Number         4  oled.o(.text.OLED_ShowChar)
    [Anonymous Symbol]                       0x00002934   Section        0  oled.o(.text.OLED_ShowNum)
    __arm_cp.14_0                            0x000029ec   Number         4  oled.o(.text.OLED_ShowNum)
    [Anonymous Symbol]                       0x000029f0   Section        0  oled.o(.text.OLED_ShowString)
    [Anonymous Symbol]                       0x00002a40   Section        0  ti_msp_dl_config.o(.text.SYSCFG_DL_ADC_VOLTAGE_init)
    __arm_cp.6_0                             0x00002a90   Number         4  ti_msp_dl_config.o(.text.SYSCFG_DL_ADC_VOLTAGE_init)
    __arm_cp.6_1                             0x00002a94   Number         4  ti_msp_dl_config.o(.text.SYSCFG_DL_ADC_VOLTAGE_init)
    __arm_cp.6_2                             0x00002a98   Number         4  ti_msp_dl_config.o(.text.SYSCFG_DL_ADC_VOLTAGE_init)
    __arm_cp.6_3                             0x00002a9c   Number         4  ti_msp_dl_config.o(.text.SYSCFG_DL_ADC_VOLTAGE_init)
    __arm_cp.6_4                             0x00002aa0   Number         4  ti_msp_dl_config.o(.text.SYSCFG_DL_ADC_VOLTAGE_init)
    __arm_cp.6_5                             0x00002aa4   Number         4  ti_msp_dl_config.o(.text.SYSCFG_DL_ADC_VOLTAGE_init)
    [Anonymous Symbol]                       0x00002aa8   Section        0  ti_msp_dl_config.o(.text.SYSCFG_DL_DMA_CH0_init)
    __arm_cp.11_0                            0x00002abc   Number         4  ti_msp_dl_config.o(.text.SYSCFG_DL_DMA_CH0_init)
    __arm_cp.11_1                            0x00002ac0   Number         4  ti_msp_dl_config.o(.text.SYSCFG_DL_DMA_CH0_init)
    __arm_cp.11_2                            0x00002ac4   Number         4  ti_msp_dl_config.o(.text.SYSCFG_DL_DMA_CH0_init)
    [Anonymous Symbol]                       0x00002ac8   Section        0  ti_msp_dl_config.o(.text.SYSCFG_DL_DMA_init)
    [Anonymous Symbol]                       0x00002ad0   Section        0  ti_msp_dl_config.o(.text.SYSCFG_DL_GPIO_init)
    __arm_cp.2_0                             0x00002b38   Number         4  ti_msp_dl_config.o(.text.SYSCFG_DL_GPIO_init)
    __arm_cp.2_1                             0x00002b3c   Number         4  ti_msp_dl_config.o(.text.SYSCFG_DL_GPIO_init)
    __arm_cp.2_2                             0x00002b40   Number         4  ti_msp_dl_config.o(.text.SYSCFG_DL_GPIO_init)
    __arm_cp.2_3                             0x00002b44   Number         4  ti_msp_dl_config.o(.text.SYSCFG_DL_GPIO_init)
    __arm_cp.2_4                             0x00002b48   Number         4  ti_msp_dl_config.o(.text.SYSCFG_DL_GPIO_init)
    __arm_cp.2_5                             0x00002b4c   Number         4  ti_msp_dl_config.o(.text.SYSCFG_DL_GPIO_init)
    __arm_cp.2_6                             0x00002b50   Number         4  ti_msp_dl_config.o(.text.SYSCFG_DL_GPIO_init)
    __arm_cp.2_7                             0x00002b54   Number         4  ti_msp_dl_config.o(.text.SYSCFG_DL_GPIO_init)
    __arm_cp.2_8                             0x00002b58   Number         4  ti_msp_dl_config.o(.text.SYSCFG_DL_GPIO_init)
    [Anonymous Symbol]                       0x00002b5c   Section        0  ti_msp_dl_config.o(.text.SYSCFG_DL_SPI_LCD_init)
    __arm_cp.5_0                             0x00002b94   Number         4  ti_msp_dl_config.o(.text.SYSCFG_DL_SPI_LCD_init)
    __arm_cp.5_1                             0x00002b98   Number         4  ti_msp_dl_config.o(.text.SYSCFG_DL_SPI_LCD_init)
    __arm_cp.5_2                             0x00002b9c   Number         4  ti_msp_dl_config.o(.text.SYSCFG_DL_SPI_LCD_init)
    __arm_cp.5_3                             0x00002ba0   Number         4  ti_msp_dl_config.o(.text.SYSCFG_DL_SPI_LCD_init)
    __arm_cp.5_4                             0x00002ba4   Number         4  ti_msp_dl_config.o(.text.SYSCFG_DL_SPI_LCD_init)
    [Anonymous Symbol]                       0x00002ba8   Section        0  ti_msp_dl_config.o(.text.SYSCFG_DL_SYSCTL_init)
    __arm_cp.3_0                             0x00002c08   Number         4  ti_msp_dl_config.o(.text.SYSCFG_DL_SYSCTL_init)
    __arm_cp.3_1                             0x00002c0c   Number         4  ti_msp_dl_config.o(.text.SYSCFG_DL_SYSCTL_init)
    __arm_cp.3_2                             0x00002c10   Number         4  ti_msp_dl_config.o(.text.SYSCFG_DL_SYSCTL_init)
    [Anonymous Symbol]                       0x00002c14   Section        0  ti_msp_dl_config.o(.text.SYSCFG_DL_SYSTICK_init)
    __arm_cp.8_0                             0x00002c2c   Number         4  ti_msp_dl_config.o(.text.SYSCFG_DL_SYSTICK_init)
    [Anonymous Symbol]                       0x00002c30   Section        0  ti_msp_dl_config.o(.text.SYSCFG_DL_UART_0_init)
    __arm_cp.4_0                             0x00002c84   Number         4  ti_msp_dl_config.o(.text.SYSCFG_DL_UART_0_init)
    __arm_cp.4_1                             0x00002c88   Number         4  ti_msp_dl_config.o(.text.SYSCFG_DL_UART_0_init)
    __arm_cp.4_2                             0x00002c8c   Number         4  ti_msp_dl_config.o(.text.SYSCFG_DL_UART_0_init)
    __arm_cp.4_3                             0x00002c90   Number         4  ti_msp_dl_config.o(.text.SYSCFG_DL_UART_0_init)
    __arm_cp.4_4                             0x00002c94   Number         4  ti_msp_dl_config.o(.text.SYSCFG_DL_UART_0_init)
    __arm_cp.4_5                             0x00002c98   Number         4  ti_msp_dl_config.o(.text.SYSCFG_DL_UART_0_init)
    [Anonymous Symbol]                       0x00002c9c   Section        0  ti_msp_dl_config.o(.text.SYSCFG_DL_init)
    __arm_cp.0_0                             0x00002cc8   Number         4  ti_msp_dl_config.o(.text.SYSCFG_DL_init)
    [Anonymous Symbol]                       0x00002ccc   Section        0  ti_msp_dl_config.o(.text.SYSCFG_DL_initPower)
    __arm_cp.1_0                             0x00002cf8   Number         4  ti_msp_dl_config.o(.text.SYSCFG_DL_initPower)
    __arm_cp.1_1                             0x00002cfc   Number         4  ti_msp_dl_config.o(.text.SYSCFG_DL_initPower)
    __arm_cp.1_2                             0x00002d00   Number         4  ti_msp_dl_config.o(.text.SYSCFG_DL_initPower)
    __arm_cp.1_3                             0x00002d04   Number         4  ti_msp_dl_config.o(.text.SYSCFG_DL_initPower)
    __arm_cp.1_4                             0x00002d08   Number         4  ti_msp_dl_config.o(.text.SYSCFG_DL_initPower)
    __arm_cp.1_5                             0x00002d0c   Number         4  ti_msp_dl_config.o(.text.SYSCFG_DL_initPower)
    __arm_cp.1_6                             0x00002d10   Number         4  ti_msp_dl_config.o(.text.SYSCFG_DL_initPower)
    [Anonymous Symbol]                       0x00002d14   Section        0  board.o(.text.UART0_IRQHandler)
    __arm_cp.10_0                            0x00002d60   Number         4  board.o(.text.UART0_IRQHandler)
    __arm_cp.10_2                            0x00002d64   Number         4  board.o(.text.UART0_IRQHandler)
    __arm_cp.10_3                            0x00002d68   Number         4  board.o(.text.UART0_IRQHandler)
    __arm_cp.10_4                            0x00002d6c   Number         4  board.o(.text.UART0_IRQHandler)
    [Anonymous Symbol]                       0x00002d70   Section        0  board.o(.text._sys_exit)
    [Anonymous Symbol]                       0x00002d74   Section        0  adc.o(.text.adc_getValue)
    __arm_cp.0_0                             0x00002dd0   Number         4  adc.o(.text.adc_getValue)
    [Anonymous Symbol]                       0x00002dd4   Section        0  board.o(.text.board_init)
    __arm_cp.0_0                             0x00002df0   Number         4  board.o(.text.board_init)
    __arm_cp.0_1                             0x00002df4   Number         4  board.o(.text.board_init)
    [Anonymous Symbol]                       0x00002e18   Section        0  board.o(.text.delay_ms)
    [Anonymous Symbol]                       0x00002e5c   Section        0  board.o(.text.delay_ns)
    [Anonymous Symbol]                       0x00002e84   Section        0  board.o(.text.delay_us)
    __arm_cp.2_0                             0x00002ec4   Number         4  board.o(.text.delay_us)
    [Anonymous Symbol]                       0x00002ec8   Section        0  draw.o(.text.draw_axis)
    [Anonymous Symbol]                       0x00002f88   Section        0  draw.o(.text.draw_wave)
    __arm_cp.1_1                             0x00003010   Number         4  draw.o(.text.draw_wave)
    __arm_cp.1_2                             0x00003014   Number         4  draw.o(.text.draw_wave)
    [Anonymous Symbol]                       0x00003018   Section        0  board.o(.text.fputc)
    __arm_cp.9_0                             0x00003038   Number         4  board.o(.text.fputc)
    [Anonymous Symbol]                       0x0000303c   Section        0  empty.o(.text.main)
    __arm_cp.0_0                             0x000031c4   Number         4  empty.o(.text.main)
    __arm_cp.0_1                             0x000031c8   Number         4  empty.o(.text.main)
    __arm_cp.0_2                             0x000031cc   Number         4  empty.o(.text.main)
    __arm_cp.0_3                             0x000031d0   Number         4  empty.o(.text.main)
    __arm_cp.0_4                             0x000031d4   Number         4  empty.o(.text.main)
    __arm_cp.0_5                             0x000031d8   Number         4  empty.o(.text.main)
    __arm_cp.0_6                             0x000031dc   Number         4  empty.o(.text.main)
    __arm_cp.0_7                             0x000031e0   Number         4  empty.o(.text.main)
    __arm_cp.0_8                             0x000031e4   Number         4  empty.o(.text.main)
    __arm_cp.0_9                             0x000031e8   Number         4  empty.o(.text.main)
    __arm_cp.0_10                            0x000031ec   Number         4  empty.o(.text.main)
    __arm_cp.0_11                            0x000031f0   Number         4  empty.o(.text.main)
    __arm_cp.0_12                            0x000031f4   Number         4  empty.o(.text.main)
    __arm_cp.0_13                            0x000031f8   Number         4  empty.o(.text.main)
    __arm_cp.0_14                            0x000031fc   Number         4  empty.o(.text.main)
    __arm_cp.0_15                            0x00003200   Number         4  empty.o(.text.main)
    __arm_cp.0_16                            0x00003204   Number         4  empty.o(.text.main)
    __arm_cp.0_17                            0x00003208   Number         4  empty.o(.text.main)
    .text_divfast                            0x0000320c   Section      502  aeabi_sdivfast.o(.text_divfast)
    i._feq                                   0x00003402   Section        0  fcmp.o(i._feq)
    i._fgr                                   0x00003418   Section        0  fcmp.o(i._fgr)
    i._fls                                   0x0000342e   Section        0  fcmp.o(i._fls)
    x$fpl$fadd                               0x00003444   Section      140  faddsub.o(x$fpl$fadd)
    _fadd1                                   0x00003451   Thumb Code     0  faddsub.o(x$fpl$fadd)
    x$fpl$feqf                               0x000034d0   Section       84  feqf.o(x$fpl$feqf)
    x$fpl$fgeqf                              0x00003524   Section       84  fgef.o(x$fpl$fgeqf)
    x$fpl$fleqf                              0x00003578   Section       84  flef.o(x$fpl$fleqf)
    x$fpl$fsub                               0x000035cc   Section      208  faddsub.o(x$fpl$fsub)
    _fsub1                                   0x000035d9   Thumb Code     0  faddsub.o(x$fpl$fsub)
    ddiv_reciptbl                            0x0000369c   Data         128  ddiv.o(.constdata)
    .constdata                               0x0000369c   Section      128  ddiv.o(.constdata)
    x$fpl$usenofp                            0x0000369c   Section        0  usenofp.o(x$fpl$usenofp)
    gADC_VOLTAGEClockConfig                  0x00005104   Data           8  ti_msp_dl_config.o(.rodata.gADC_VOLTAGEClockConfig)
    [Anonymous Symbol]                       0x00005104   Section        0  ti_msp_dl_config.o(.rodata.gADC_VOLTAGEClockConfig)
    gDMA_CH0Config                           0x0000510c   Data          24  ti_msp_dl_config.o(.rodata.gDMA_CH0Config)
    [Anonymous Symbol]                       0x0000510c   Section        0  ti_msp_dl_config.o(.rodata.gDMA_CH0Config)
    gSPI_LCD_clockConfig                     0x00005124   Data           2  ti_msp_dl_config.o(.rodata.gSPI_LCD_clockConfig)
    [Anonymous Symbol]                       0x00005124   Section        0  ti_msp_dl_config.o(.rodata.gSPI_LCD_clockConfig)
    gSPI_LCD_config                          0x00005126   Data          10  ti_msp_dl_config.o(.rodata.gSPI_LCD_config)
    [Anonymous Symbol]                       0x00005126   Section        0  ti_msp_dl_config.o(.rodata.gSPI_LCD_config)
    gSYSPLLConfig                            0x00005130   Data          40  ti_msp_dl_config.o(.rodata.gSYSPLLConfig)
    [Anonymous Symbol]                       0x00005130   Section        0  ti_msp_dl_config.o(.rodata.gSYSPLLConfig)
    gUART_0ClockConfig                       0x00005158   Data           2  ti_msp_dl_config.o(.rodata.gUART_0ClockConfig)
    [Anonymous Symbol]                       0x00005158   Section        0  ti_msp_dl_config.o(.rodata.gUART_0ClockConfig)
    gUART_0Config                            0x0000515a   Data          10  ti_msp_dl_config.o(.rodata.gUART_0Config)
    [Anonymous Symbol]                       0x0000515a   Section        0  ti_msp_dl_config.o(.rodata.gUART_0Config)
    .bss                                     0x20200010   Section       96  libspace.o(.bss)
    Heap_Mem                                 0x20200818   Data           0  startup_mspm0g350x_uvision.o(HEAP)
    Stack_Mem                                0x20200818   Data         256  startup_mspm0g350x_uvision.o(STACK)
    HEAP                                     0x20200818   Section        0  startup_mspm0g350x_uvision.o(HEAP)
    STACK                                    0x20200818   Section      256  startup_mspm0g350x_uvision.o(STACK)
    __initial_sp                             0x20200918   Data           0  startup_mspm0g350x_uvision.o(STACK)

    Global Symbols

    Symbol Name                              Value     Ov Type        Size  Object(Section)

    BuildAttributes$$THM_ISAv3M$S$PE$A:L22$X:L11$S22$IEEE1$IW$~IW$USESV6$~STKCKD$USESV7$~SHL$OTIME$ROPI$EBA8$UX$STANDARDLIB$REQ8$PRES8$EABIv2 0x00000000   Number         0  anon$$obj.o ABSOLUTE
    __Vectors                                0x00000000   Data           4  startup_mspm0g350x_uvision.o(RESET)
    __ARM_exceptions_init                     - Undefined Weak Reference
    __alloca_initialize                       - Undefined Weak Reference
    __arm_preinit_                            - Undefined Weak Reference
    __arm_relocate_pie_                       - Undefined Weak Reference
    __cpp_initialize__aeabi_                  - Undefined Weak Reference
    __cxa_finalize                            - Undefined Weak Reference
    __rt_locale                               - Undefined Weak Reference
    __sigvec_lookup                           - Undefined Weak Reference
    _atexit_init                              - Undefined Weak Reference
    _call_atexit_fns                          - Undefined Weak Reference
    _clock_init                               - Undefined Weak Reference
    _fp_trap_init                             - Undefined Weak Reference
    _fp_trap_shutdown                         - Undefined Weak Reference
    _get_lc_collate                           - Undefined Weak Reference
    _get_lc_ctype                             - Undefined Weak Reference
    _get_lc_monetary                          - Undefined Weak Reference
    _get_lc_numeric                           - Undefined Weak Reference
    _get_lc_time                              - Undefined Weak Reference
    _getenv_init                              - Undefined Weak Reference
    _handle_redirection                       - Undefined Weak Reference
    _init_alloc                               - Undefined Weak Reference
    _init_user_alloc                          - Undefined Weak Reference
    _initio                                   - Undefined Weak Reference
    _rand_init                                - Undefined Weak Reference
    _signal_finish                            - Undefined Weak Reference
    _signal_init                              - Undefined Weak Reference
    _terminate_alloc                          - Undefined Weak Reference
    _terminate_user_alloc                     - Undefined Weak Reference
    _terminateio                              - Undefined Weak Reference
    __Vectors_End                            0x000000c0   Data           0  startup_mspm0g350x_uvision.o(RESET)
    __Vectors_Size                           0x000000c0   Number         0  startup_mspm0g350x_uvision.o ABSOLUTE
    __main                                   0x000000c1   Thumb Code     8  __main.o(!!!main)
    __scatterload                            0x000000c9   Thumb Code     0  __scatter.o(!!!scatter)
    __scatterload_rt2                        0x000000c9   Thumb Code    74  __scatter.o(!!!scatter)
    __scatterload_rt2_thumb_only             0x000000c9   Thumb Code     0  __scatter.o(!!!scatter)
    __scatterload_loop                       0x000000d3   Thumb Code     0  __scatter.o(!!!scatter)
    __scatterload_copy                       0x00000121   Thumb Code    26  __scatter_copy.o(!!handler_copy)
    __scatterload_null                       0x00000141   Thumb Code     2  __scatter.o(!!handler_null)
    __scatterload_zeroinit                   0x00000149   Thumb Code    28  __scatter_zi.o(!!handler_zi)
    __rt_lib_init                            0x00000165   Thumb Code     0  libinit.o(.ARM.Collect$$libinit$$00000000)
    __rt_lib_init_alloca_1                   0x00000167   Thumb Code     0  libinit2.o(.ARM.Collect$$libinit$$00000030)
    __rt_lib_init_argv_1                     0x00000167   Thumb Code     0  libinit2.o(.ARM.Collect$$libinit$$0000002E)
    __rt_lib_init_atexit_1                   0x00000167   Thumb Code     0  libinit2.o(.ARM.Collect$$libinit$$0000001D)
    __rt_lib_init_clock_1                    0x00000167   Thumb Code     0  libinit2.o(.ARM.Collect$$libinit$$00000023)
    __rt_lib_init_cpp_1                      0x00000167   Thumb Code     0  libinit2.o(.ARM.Collect$$libinit$$00000034)
    __rt_lib_init_exceptions_1               0x00000167   Thumb Code     0  libinit2.o(.ARM.Collect$$libinit$$00000032)
    __rt_lib_init_fp_1                       0x00000167   Thumb Code     0  libinit2.o(.ARM.Collect$$libinit$$00000002)
    __rt_lib_init_fp_trap_1                  0x00000167   Thumb Code     0  libinit2.o(.ARM.Collect$$libinit$$00000021)
    __rt_lib_init_getenv_1                   0x00000167   Thumb Code     0  libinit2.o(.ARM.Collect$$libinit$$00000025)
    __rt_lib_init_heap_1                     0x00000167   Thumb Code     0  libinit2.o(.ARM.Collect$$libinit$$0000000C)
    __rt_lib_init_lc_collate_1               0x00000167   Thumb Code     0  libinit2.o(.ARM.Collect$$libinit$$00000013)
    __rt_lib_init_lc_ctype_1                 0x00000167   Thumb Code     0  libinit2.o(.ARM.Collect$$libinit$$00000015)
    __rt_lib_init_lc_monetary_1              0x00000167   Thumb Code     0  libinit2.o(.ARM.Collect$$libinit$$00000017)
    __rt_lib_init_lc_numeric_1               0x00000167   Thumb Code     0  libinit2.o(.ARM.Collect$$libinit$$00000019)
    __rt_lib_init_lc_time_1                  0x00000167   Thumb Code     0  libinit2.o(.ARM.Collect$$libinit$$0000001B)
    __rt_lib_init_preinit_1                  0x00000167   Thumb Code     0  libinit2.o(.ARM.Collect$$libinit$$00000006)
    __rt_lib_init_rand_1                     0x00000167   Thumb Code     0  libinit2.o(.ARM.Collect$$libinit$$00000010)
    __rt_lib_init_relocate_pie_1             0x00000167   Thumb Code     0  libinit2.o(.ARM.Collect$$libinit$$00000004)
    __rt_lib_init_return                     0x00000167   Thumb Code     0  libinit2.o(.ARM.Collect$$libinit$$00000035)
    __rt_lib_init_signal_1                   0x00000167   Thumb Code     0  libinit2.o(.ARM.Collect$$libinit$$0000001F)
    __rt_lib_init_stdio_1                    0x00000167   Thumb Code     0  libinit2.o(.ARM.Collect$$libinit$$00000027)
    __rt_lib_init_user_alloc_1               0x00000167   Thumb Code     0  libinit2.o(.ARM.Collect$$libinit$$0000000E)
    __rt_lib_shutdown                        0x00000169   Thumb Code     0  libshutdown.o(.ARM.Collect$$libshutdown$$00000000)
    __rt_lib_shutdown_cpp_1                  0x0000016b   Thumb Code     0  libshutdown2.o(.ARM.Collect$$libshutdown$$00000002)
    __rt_lib_shutdown_fp_trap_1              0x0000016b   Thumb Code     0  libshutdown2.o(.ARM.Collect$$libshutdown$$00000007)
    __rt_lib_shutdown_heap_1                 0x0000016b   Thumb Code     0  libshutdown2.o(.ARM.Collect$$libshutdown$$0000000F)
    __rt_lib_shutdown_return                 0x0000016b   Thumb Code     0  libshutdown2.o(.ARM.Collect$$libshutdown$$00000010)
    __rt_lib_shutdown_signal_1               0x0000016b   Thumb Code     0  libshutdown2.o(.ARM.Collect$$libshutdown$$0000000A)
    __rt_lib_shutdown_stdio_1                0x0000016b   Thumb Code     0  libshutdown2.o(.ARM.Collect$$libshutdown$$00000004)
    __rt_lib_shutdown_user_alloc_1           0x0000016b   Thumb Code     0  libshutdown2.o(.ARM.Collect$$libshutdown$$0000000C)
    __rt_entry                               0x0000016d   Thumb Code     0  __rtentry.o(.ARM.Collect$$rtentry$$00000000)
    __rt_entry_presh_1                       0x0000016d   Thumb Code     0  __rtentry2.o(.ARM.Collect$$rtentry$$00000002)
    __rt_entry_sh                            0x0000016d   Thumb Code     0  __rtentry4.o(.ARM.Collect$$rtentry$$00000004)
    __rt_entry_li                            0x00000173   Thumb Code     0  __rtentry2.o(.ARM.Collect$$rtentry$$0000000A)
    __rt_entry_postsh_1                      0x00000173   Thumb Code     0  __rtentry2.o(.ARM.Collect$$rtentry$$00000009)
    __rt_entry_main                          0x00000177   Thumb Code     0  __rtentry2.o(.ARM.Collect$$rtentry$$0000000D)
    __rt_entry_postli_1                      0x00000177   Thumb Code     0  __rtentry2.o(.ARM.Collect$$rtentry$$0000000C)
    __rt_exit                                0x0000017f   Thumb Code     0  rtexit.o(.ARM.Collect$$rtexit$$00000000)
    __rt_exit_ls                             0x00000181   Thumb Code     0  rtexit2.o(.ARM.Collect$$rtexit$$00000003)
    __rt_exit_prels_1                        0x00000181   Thumb Code     0  rtexit2.o(.ARM.Collect$$rtexit$$00000002)
    __rt_exit_exit                           0x00000185   Thumb Code     0  rtexit2.o(.ARM.Collect$$rtexit$$00000004)
    __aeabi_memcpy4                          0x0000018d   Thumb Code    56  rt_memcpy.o(.emb_text)
    __aeabi_memcpy8                          0x0000018d   Thumb Code     0  rt_memcpy.o(.emb_text)
    Reset_Handler                            0x000001c5   Thumb Code     4  startup_mspm0g350x_uvision.o(.text)
    NMI_Handler                              0x000001c9   Thumb Code     2  startup_mspm0g350x_uvision.o(.text)
    HardFault_Handler                        0x000001cb   Thumb Code     2  startup_mspm0g350x_uvision.o(.text)
    SVC_Handler                              0x000001cd   Thumb Code     2  startup_mspm0g350x_uvision.o(.text)
    PendSV_Handler                           0x000001cf   Thumb Code     2  startup_mspm0g350x_uvision.o(.text)
    SysTick_Handler                          0x000001d1   Thumb Code     2  startup_mspm0g350x_uvision.o(.text)
    ADC0_IRQHandler                          0x000001d3   Thumb Code     0  startup_mspm0g350x_uvision.o(.text)
    ADC1_IRQHandler                          0x000001d3   Thumb Code     0  startup_mspm0g350x_uvision.o(.text)
    AES_IRQHandler                           0x000001d3   Thumb Code     0  startup_mspm0g350x_uvision.o(.text)
    CANFD0_IRQHandler                        0x000001d3   Thumb Code     0  startup_mspm0g350x_uvision.o(.text)
    DAC0_IRQHandler                          0x000001d3   Thumb Code     0  startup_mspm0g350x_uvision.o(.text)
    DMA_IRQHandler                           0x000001d3   Thumb Code     0  startup_mspm0g350x_uvision.o(.text)
    Default_Handler                          0x000001d3   Thumb Code     2  startup_mspm0g350x_uvision.o(.text)
    GROUP0_IRQHandler                        0x000001d3   Thumb Code     0  startup_mspm0g350x_uvision.o(.text)
    I2C0_IRQHandler                          0x000001d3   Thumb Code     0  startup_mspm0g350x_uvision.o(.text)
    I2C1_IRQHandler                          0x000001d3   Thumb Code     0  startup_mspm0g350x_uvision.o(.text)
    RTC_IRQHandler                           0x000001d3   Thumb Code     0  startup_mspm0g350x_uvision.o(.text)
    SPI0_IRQHandler                          0x000001d3   Thumb Code     0  startup_mspm0g350x_uvision.o(.text)
    SPI1_IRQHandler                          0x000001d3   Thumb Code     0  startup_mspm0g350x_uvision.o(.text)
    TIMA0_IRQHandler                         0x000001d3   Thumb Code     0  startup_mspm0g350x_uvision.o(.text)
    TIMA1_IRQHandler                         0x000001d3   Thumb Code     0  startup_mspm0g350x_uvision.o(.text)
    TIMG0_IRQHandler                         0x000001d3   Thumb Code     0  startup_mspm0g350x_uvision.o(.text)
    TIMG12_IRQHandler                        0x000001d3   Thumb Code     0  startup_mspm0g350x_uvision.o(.text)
    TIMG6_IRQHandler                         0x000001d3   Thumb Code     0  startup_mspm0g350x_uvision.o(.text)
    TIMG7_IRQHandler                         0x000001d3   Thumb Code     0  startup_mspm0g350x_uvision.o(.text)
    TIMG8_IRQHandler                         0x000001d3   Thumb Code     0  startup_mspm0g350x_uvision.o(.text)
    UART1_IRQHandler                         0x000001d3   Thumb Code     0  startup_mspm0g350x_uvision.o(.text)
    UART2_IRQHandler                         0x000001d3   Thumb Code     0  startup_mspm0g350x_uvision.o(.text)
    UART3_IRQHandler                         0x000001d3   Thumb Code     0  startup_mspm0g350x_uvision.o(.text)
    __user_initial_stackheap                 0x000001d5   Thumb Code    10  startup_mspm0g350x_uvision.o(.text)
    puts                                     0x000001f1   Thumb Code    38  puts.o(.text)
    __aeabi_memmove4                         0x0000021d   Thumb Code    70  rt_memmove.o(.text)
    __aeabi_memmove8                         0x0000021d   Thumb Code     0  rt_memmove.o(.text)
    __aeabi_memmove                          0x00000263   Thumb Code    80  rt_memmove.o(.text)
    __rt_memmove                             0x00000263   Thumb Code     0  rt_memmove.o(.text)
    __aeabi_uidivmod                         0x000002b5   Thumb Code    28  aeabi_sdivfast.o(.text)
    __aeabi_idivmod                          0x000002d1   Thumb Code   472  aeabi_sdivfast.o(.text)
    __use_two_region_memory                  0x000004ad   Thumb Code     2  heapauxi.o(.text)
    __rt_heap_escrow$2region                 0x000004af   Thumb Code     2  heapauxi.o(.text)
    __rt_heap_expand$2region                 0x000004b1   Thumb Code     2  heapauxi.o(.text)
    __aeabi_ddiv                             0x000004b5   Thumb Code     0  ddiv.o(.text)
    _ddiv                                    0x000004b5   Thumb Code  1072  ddiv.o(.text)
    _drdiv                                   0x000008e5   Thumb Code    20  ddiv.o(.text)
    __aeabi_d2iz                             0x000008fd   Thumb Code     0  dfixi.o(.text)
    _dfix                                    0x000008fd   Thumb Code    98  dfixi.o(.text)
    __aeabi_i2d_normalise                    0x00000969   Thumb Code    66  dflti.o(.text)
    __aeabi_i2d                              0x000009ab   Thumb Code    16  dflti.o(.text)
    _dflt                                    0x000009ab   Thumb Code     0  dflti.o(.text)
    __aeabi_ui2d                             0x000009bb   Thumb Code     6  dflti.o(.text)
    _dfltu                                   0x000009bb   Thumb Code     0  dflti.o(.text)
    __aeabi_dmul                             0x000009c1   Thumb Code     0  dmul.o(.text)
    _dmul                                    0x000009c1   Thumb Code   558  dmul.o(.text)
    __aeabi_i2f_normalise                    0x00000c09   Thumb Code    72  fflti.o(.text)
    __aeabi_i2f                              0x00000c51   Thumb Code    16  fflti.o(.text)
    _fflt                                    0x00000c51   Thumb Code     0  fflti.o(.text)
    __aeabi_ui2f                             0x00000c61   Thumb Code     6  fflti.o(.text)
    _ffltu                                   0x00000c61   Thumb Code     0  fflti.o(.text)
    __aeabi_memcpy                           0x00000c67   Thumb Code   130  rt_memcpy.o(.text)
    __rt_memcpy                              0x00000c67   Thumb Code     0  rt_memcpy.o(.text)
    __fpl_fcmp_InfNaN                        0x00000ce9   Thumb Code    96  fcmpin.o(.text)
    __user_setup_stackheap                   0x00000d4d   Thumb Code    62  sys_stackheap_outer.o(.text)
    exit                                     0x00000d8b   Thumb Code    16  exit.o(.text)
    __fpl_cmpreturn                          0x00000d9b   Thumb Code    46  cmpret.o(.text)
    __fpl_fcheck_NaN2                        0x00000dc9   Thumb Code    10  fnan2.o(.text)
    __user_libspace                          0x00000dd9   Thumb Code     8  libspace.o(.text)
    __user_perproc_libspace                  0x00000dd9   Thumb Code     0  libspace.o(.text)
    __user_perthread_libspace                0x00000dd9   Thumb Code     0  libspace.o(.text)
    __fpl_return_NaN                         0x00000de1   Thumb Code    94  retnan.o(.text)
    DL_ADC12_setClockConfig                  0x00000e41   Thumb Code    56  dl_adc12.o(.text.DL_ADC12_setClockConfig)
    DL_Common_delayCycles                    0x00000e81   Thumb Code    10  dl_common.o(.text.DL_Common_delayCycles)
    DL_DMA_initChannel                       0x00000e8d   Thumb Code    64  dl_dma.o(.text.DL_DMA_initChannel)
    DL_SPI_init                              0x00000ed1   Thumb Code    60  dl_spi.o(.text.DL_SPI_init)
    DL_SPI_setClockConfig                    0x00000f15   Thumb Code    18  dl_spi.o(.text.DL_SPI_setClockConfig)
    DL_SYSCTL_configSYSPLL                   0x00000f29   Thumb Code   220  dl_sysctl_mspm0g1x0x_g3x0x.o(.text.DL_SYSCTL_configSYSPLL)
    DL_SYSCTL_setHFCLKSourceHFXTParams       0x00001015   Thumb Code   100  dl_sysctl_mspm0g1x0x_g3x0x.o(.text.DL_SYSCTL_setHFCLKSourceHFXTParams)
    DL_SYSCTL_switchMCLKfromSYSOSCtoHSCLK    0x0000107d   Thumb Code    72  dl_sysctl_mspm0g1x0x_g3x0x.o(.text.DL_SYSCTL_switchMCLKfromSYSOSCtoHSCLK)
    DL_UART_init                             0x000010cd   Thumb Code    64  dl_uart.o(.text.DL_UART_init)
    DL_UART_setClockConfig                   0x00001115   Thumb Code    18  dl_uart.o(.text.DL_UART_setClockConfig)
    GROUP1_IRQHandler                        0x00001129   Thumb Code    20  empty.o(.text.GROUP1_IRQHandler)
    Get_Triggervoltage                       0x00001141   Thumb Code   244  draw.o(.text.Get_Triggervoltage)
    OLED_Clear                               0x00001241   Thumb Code  1996  oled.o(.text.OLED_Clear)
    OLED_DrawLine                            0x00001a19   Thumb Code   204  oled.o(.text.OLED_DrawLine)
    OLED_GClear                              0x00001ae5   Thumb Code  1616  oled.o(.text.OLED_GClear)
    OLED_Init                                0x00002135   Thumb Code  1048  oled.o(.text.OLED_Init)
    OLED_Refresh                             0x00002551   Thumb Code   372  oled.o(.text.OLED_Refresh)
    OLED_ShowChar                            0x000026cd   Thumb Code   596  oled.o(.text.OLED_ShowChar)
    OLED_ShowNum                             0x00002935   Thumb Code   184  oled.o(.text.OLED_ShowNum)
    OLED_ShowString                          0x000029f1   Thumb Code    80  oled.o(.text.OLED_ShowString)
    SYSCFG_DL_ADC_VOLTAGE_init               0x00002a41   Thumb Code    80  ti_msp_dl_config.o(.text.SYSCFG_DL_ADC_VOLTAGE_init)
    SYSCFG_DL_DMA_CH0_init                   0x00002aa9   Thumb Code    20  ti_msp_dl_config.o(.text.SYSCFG_DL_DMA_CH0_init)
    SYSCFG_DL_DMA_init                       0x00002ac9   Thumb Code     8  ti_msp_dl_config.o(.text.SYSCFG_DL_DMA_init)
    SYSCFG_DL_GPIO_init                      0x00002ad1   Thumb Code   104  ti_msp_dl_config.o(.text.SYSCFG_DL_GPIO_init)
    SYSCFG_DL_SPI_LCD_init                   0x00002b5d   Thumb Code    56  ti_msp_dl_config.o(.text.SYSCFG_DL_SPI_LCD_init)
    SYSCFG_DL_SYSCTL_init                    0x00002ba9   Thumb Code    96  ti_msp_dl_config.o(.text.SYSCFG_DL_SYSCTL_init)
    SYSCFG_DL_SYSTICK_init                   0x00002c15   Thumb Code    24  ti_msp_dl_config.o(.text.SYSCFG_DL_SYSTICK_init)
    SYSCFG_DL_UART_0_init                    0x00002c31   Thumb Code    84  ti_msp_dl_config.o(.text.SYSCFG_DL_UART_0_init)
    SYSCFG_DL_init                           0x00002c9d   Thumb Code    44  ti_msp_dl_config.o(.text.SYSCFG_DL_init)
    SYSCFG_DL_initPower                      0x00002ccd   Thumb Code    44  ti_msp_dl_config.o(.text.SYSCFG_DL_initPower)
    UART0_IRQHandler                         0x00002d15   Thumb Code    76  board.o(.text.UART0_IRQHandler)
    _sys_exit                                0x00002d71   Thumb Code     2  board.o(.text._sys_exit)
    adc_getValue                             0x00002d75   Thumb Code    92  adc.o(.text.adc_getValue)
    board_init                               0x00002dd5   Thumb Code    28  board.o(.text.board_init)
    delay_ms                                 0x00002e19   Thumb Code    68  board.o(.text.delay_ms)
    delay_ns                                 0x00002e5d   Thumb Code    40  board.o(.text.delay_ns)
    delay_us                                 0x00002e85   Thumb Code    64  board.o(.text.delay_us)
    draw_axis                                0x00002ec9   Thumb Code   190  draw.o(.text.draw_axis)
    draw_wave                                0x00002f89   Thumb Code   136  draw.o(.text.draw_wave)
    fputc                                    0x00003019   Thumb Code    32  board.o(.text.fputc)
    main                                     0x0000303d   Thumb Code   392  empty.o(.text.main)
    __aeabi_uidiv                            0x0000320d   Thumb Code    68  aeabi_sdivfast.o(.text_divfast)
    __aeabi_idiv                             0x00003251   Thumb Code   434  aeabi_sdivfast.o(.text_divfast)
    __aeabi_fcmpeq                           0x00003403   Thumb Code     0  fcmp.o(i._feq)
    _feq                                     0x00003403   Thumb Code    22  fcmp.o(i._feq)
    __aeabi_fcmpgt                           0x00003419   Thumb Code     0  fcmp.o(i._fgr)
    _fgr                                     0x00003419   Thumb Code    22  fcmp.o(i._fgr)
    __aeabi_fcmplt                           0x0000342f   Thumb Code     0  fcmp.o(i._fls)
    _fls                                     0x0000342f   Thumb Code    22  fcmp.o(i._fls)
    __aeabi_fadd                             0x00003445   Thumb Code     0  faddsub.o(x$fpl$fadd)
    _fadd                                    0x00003445   Thumb Code   134  faddsub.o(x$fpl$fadd)
    __aeabi_cfcmpeq                          0x000034d1   Thumb Code     0  feqf.o(x$fpl$feqf)
    _fcmpeq                                  0x000034d1   Thumb Code    78  feqf.o(x$fpl$feqf)
    _fcmpge                                  0x00003525   Thumb Code    78  fgef.o(x$fpl$fgeqf)
    __aeabi_cfcmple                          0x00003579   Thumb Code     0  flef.o(x$fpl$fleqf)
    _fcmple                                  0x00003579   Thumb Code    78  flef.o(x$fpl$fleqf)
    __aeabi_fsub                             0x000035cd   Thumb Code     0  faddsub.o(x$fpl$fsub)
    _fsub                                    0x000035cd   Thumb Code   204  faddsub.o(x$fpl$fsub)
    __I$use$fp                               0x0000369c   Number         0  usenofp.o(x$fpl$usenofp)
    asc2_0806                                0x0000371c   Data         552  oled.o(.rodata.asc2_0806)
    asc2_1206                                0x00003944   Data        1140  oled.o(.rodata.asc2_1206)
    asc2_1608                                0x00003db8   Data        1520  oled.o(.rodata.asc2_1608)
    asc2_2412                                0x000043a8   Data        3420  oled.o(.rodata.asc2_2412)
    Region$$Table$$Base                      0x00005168   Number         0  anon$$obj.o(Region$$Table)
    Region$$Table$$Limit                     0x00005188   Number         0  anon$$obj.o(Region$$Table)
    freq                                     0x20200000   Data           4  draw.o(.data.freq)
    str1                                     0x20200004   Data           3  draw.o(.data.str1)
    str2                                     0x20200007   Data           3  draw.o(.data.str2)
    __libspace_start                         0x20200010   Data          96  libspace.o(.bss)
    ADC_VALUE                                0x20200070   Data          40  adc.o(.bss.ADC_VALUE)
    __temporary_stack_top$libspace           0x20200070   Data           0  libspace.o(.bss)
    OLED_GRAM                                0x20200098   Data        1152  oled.o(.bss.OLED_GRAM)
    __stdout                                 0x20200518   Data          84  board.o(.bss.__stdout)
    adc_value                                0x2020056c   Data         512  draw.o(.bss.adc_value)
    gSPI_LCDBackup                           0x2020076c   Data          40  ti_msp_dl_config.o(.bss.gSPI_LCDBackup)
    isInDeadLoop                             0x20200794   Data           1  empty.o(.bss.isInDeadLoop)
    recv0_buff                               0x20200795   Data         128  board.o(.bss.recv0_buff)
    recv0_flag                               0x20200815   Data           1  board.o(.bss.recv0_flag)
    recv0_length                             0x20200816   Data           2  board.o(.bss.recv0_length)



==============================================================================

Memory Map of the image

  Image Entry point : 0x000000c1

  Load Region LR_IROM1 (Base: 0x00000000, Size: 0x00005198, Max: 0x00020000, ABSOLUTE)

    Execution Region ER_IROM1 (Exec base: 0x00000000, Load base: 0x00000000, Size: 0x00005188, Max: 0x00020000, ABSOLUTE)

    Exec Addr    Load Addr    Size         Type   Attr      Idx    E Section Name        Object

    0x00000000   0x00000000   0x000000c0   Data   RO           19    RESET               startup_mspm0g350x_uvision.o
    0x000000c0   0x000000c0   0x00000008   Code   RO          946  * !!!main             c_p.l(__main.o)
    0x000000c8   0x000000c8   0x00000054   Code   RO         1167    !!!scatter          c_p.l(__scatter.o)
    0x0000011c   0x0000011c   0x00000004   PAD
    0x00000120   0x00000120   0x0000001a   Code   RO         1171    !!handler_copy      c_p.l(__scatter_copy.o)
    0x0000013a   0x0000013a   0x00000006   PAD
    0x00000140   0x00000140   0x00000002   Code   RO         1168    !!handler_null      c_p.l(__scatter.o)
    0x00000142   0x00000142   0x00000006   PAD
    0x00000148   0x00000148   0x0000001c   Code   RO         1173    !!handler_zi        c_p.l(__scatter_zi.o)
    0x00000164   0x00000164   0x00000002   Code   RO         1026    .ARM.Collect$$libinit$$00000000  c_p.l(libinit.o)
    0x00000166   0x00000166   0x00000000   Code   RO         1044    .ARM.Collect$$libinit$$00000002  c_p.l(libinit2.o)
    0x00000166   0x00000166   0x00000000   Code   RO         1046    .ARM.Collect$$libinit$$00000004  c_p.l(libinit2.o)
    0x00000166   0x00000166   0x00000000   Code   RO         1048    .ARM.Collect$$libinit$$00000006  c_p.l(libinit2.o)
    0x00000166   0x00000166   0x00000000   Code   RO         1051    .ARM.Collect$$libinit$$0000000C  c_p.l(libinit2.o)
    0x00000166   0x00000166   0x00000000   Code   RO         1053    .ARM.Collect$$libinit$$0000000E  c_p.l(libinit2.o)
    0x00000166   0x00000166   0x00000000   Code   RO         1055    .ARM.Collect$$libinit$$00000010  c_p.l(libinit2.o)
    0x00000166   0x00000166   0x00000000   Code   RO         1058    .ARM.Collect$$libinit$$00000013  c_p.l(libinit2.o)
    0x00000166   0x00000166   0x00000000   Code   RO         1060    .ARM.Collect$$libinit$$00000015  c_p.l(libinit2.o)
    0x00000166   0x00000166   0x00000000   Code   RO         1062    .ARM.Collect$$libinit$$00000017  c_p.l(libinit2.o)
    0x00000166   0x00000166   0x00000000   Code   RO         1064    .ARM.Collect$$libinit$$00000019  c_p.l(libinit2.o)
    0x00000166   0x00000166   0x00000000   Code   RO         1066    .ARM.Collect$$libinit$$0000001B  c_p.l(libinit2.o)
    0x00000166   0x00000166   0x00000000   Code   RO         1068    .ARM.Collect$$libinit$$0000001D  c_p.l(libinit2.o)
    0x00000166   0x00000166   0x00000000   Code   RO         1070    .ARM.Collect$$libinit$$0000001F  c_p.l(libinit2.o)
    0x00000166   0x00000166   0x00000000   Code   RO         1072    .ARM.Collect$$libinit$$00000021  c_p.l(libinit2.o)
    0x00000166   0x00000166   0x00000000   Code   RO         1074    .ARM.Collect$$libinit$$00000023  c_p.l(libinit2.o)
    0x00000166   0x00000166   0x00000000   Code   RO         1076    .ARM.Collect$$libinit$$00000025  c_p.l(libinit2.o)
    0x00000166   0x00000166   0x00000000   Code   RO         1078    .ARM.Collect$$libinit$$00000027  c_p.l(libinit2.o)
    0x00000166   0x00000166   0x00000000   Code   RO         1082    .ARM.Collect$$libinit$$0000002E  c_p.l(libinit2.o)
    0x00000166   0x00000166   0x00000000   Code   RO         1084    .ARM.Collect$$libinit$$00000030  c_p.l(libinit2.o)
    0x00000166   0x00000166   0x00000000   Code   RO         1086    .ARM.Collect$$libinit$$00000032  c_p.l(libinit2.o)
    0x00000166   0x00000166   0x00000000   Code   RO         1088    .ARM.Collect$$libinit$$00000034  c_p.l(libinit2.o)
    0x00000166   0x00000166   0x00000002   Code   RO         1089    .ARM.Collect$$libinit$$00000035  c_p.l(libinit2.o)
    0x00000168   0x00000168   0x00000002   Code   RO         1119    .ARM.Collect$$libshutdown$$00000000  c_p.l(libshutdown.o)
    0x0000016a   0x0000016a   0x00000000   Code   RO         1150    .ARM.Collect$$libshutdown$$00000002  c_p.l(libshutdown2.o)
    0x0000016a   0x0000016a   0x00000000   Code   RO         1152    .ARM.Collect$$libshutdown$$00000004  c_p.l(libshutdown2.o)
    0x0000016a   0x0000016a   0x00000000   Code   RO         1155    .ARM.Collect$$libshutdown$$00000007  c_p.l(libshutdown2.o)
    0x0000016a   0x0000016a   0x00000000   Code   RO         1158    .ARM.Collect$$libshutdown$$0000000A  c_p.l(libshutdown2.o)
    0x0000016a   0x0000016a   0x00000000   Code   RO         1160    .ARM.Collect$$libshutdown$$0000000C  c_p.l(libshutdown2.o)
    0x0000016a   0x0000016a   0x00000000   Code   RO         1163    .ARM.Collect$$libshutdown$$0000000F  c_p.l(libshutdown2.o)
    0x0000016a   0x0000016a   0x00000002   Code   RO         1164    .ARM.Collect$$libshutdown$$00000010  c_p.l(libshutdown2.o)
    0x0000016c   0x0000016c   0x00000000   Code   RO          977    .ARM.Collect$$rtentry$$00000000  c_p.l(__rtentry.o)
    0x0000016c   0x0000016c   0x00000000   Code   RO          994    .ARM.Collect$$rtentry$$00000002  c_p.l(__rtentry2.o)
    0x0000016c   0x0000016c   0x00000006   Code   RO         1006    .ARM.Collect$$rtentry$$00000004  c_p.l(__rtentry4.o)
    0x00000172   0x00000172   0x00000000   Code   RO          996    .ARM.Collect$$rtentry$$00000009  c_p.l(__rtentry2.o)
    0x00000172   0x00000172   0x00000004   Code   RO          997    .ARM.Collect$$rtentry$$0000000A  c_p.l(__rtentry2.o)
    0x00000176   0x00000176   0x00000000   Code   RO          999    .ARM.Collect$$rtentry$$0000000C  c_p.l(__rtentry2.o)
    0x00000176   0x00000176   0x00000008   Code   RO         1000    .ARM.Collect$$rtentry$$0000000D  c_p.l(__rtentry2.o)
    0x0000017e   0x0000017e   0x00000002   Code   RO         1035    .ARM.Collect$$rtexit$$00000000  c_p.l(rtexit.o)
    0x00000180   0x00000180   0x00000000   Code   RO         1093    .ARM.Collect$$rtexit$$00000002  c_p.l(rtexit2.o)
    0x00000180   0x00000180   0x00000004   Code   RO         1094    .ARM.Collect$$rtexit$$00000003  c_p.l(rtexit2.o)
    0x00000184   0x00000184   0x00000006   Code   RO         1095    .ARM.Collect$$rtexit$$00000004  c_p.l(rtexit2.o)
    0x0000018a   0x0000018a   0x00000002   PAD
    0x0000018c   0x0000018c   0x00000038   Code   RO          982    .emb_text           c_p.l(rt_memcpy.o)
    0x000001c4   0x000001c4   0x0000002c   Code   RO           20    .text               startup_mspm0g350x_uvision.o
    0x000001f0   0x000001f0   0x0000002c   Code   RO          932    .text               c_p.l(puts.o)
    0x0000021c   0x0000021c   0x00000096   Code   RO          934    .text               c_p.l(rt_memmove.o)
    0x000002b2   0x000002b2   0x00000002   PAD
    0x000002b4   0x000002b4   0x000001f8   Code   RO          936    .text               c_p.l(aeabi_sdivfast.o)
    0x000004ac   0x000004ac   0x00000006   Code   RO          944    .text               c_p.l(heapauxi.o)
    0x000004b2   0x000004b2   0x00000002   PAD
    0x000004b4   0x000004b4   0x00000448   Code   RO          948    .text               fz_ps.l(ddiv.o)
    0x000008fc   0x000008fc   0x0000006c   Code   RO          951    .text               fz_ps.l(dfixi.o)
    0x00000968   0x00000968   0x00000058   Code   RO          953    .text               fz_ps.l(dflti.o)
    0x000009c0   0x000009c0   0x00000248   Code   RO          955    .text               fz_ps.l(dmul.o)
    0x00000c08   0x00000c08   0x0000005e   Code   RO          975    .text               fz_ps.l(fflti.o)
    0x00000c66   0x00000c66   0x00000082   Code   RO          983    .text               c_p.l(rt_memcpy.o)
    0x00000ce8   0x00000ce8   0x00000064   Code   RO         1010    .text               fz_ps.l(fcmpin.o)
    0x00000d4c   0x00000d4c   0x0000003e   Code   RO         1012    .text               c_p.l(sys_stackheap_outer.o)
    0x00000d8a   0x00000d8a   0x00000010   Code   RO         1015    .text               c_p.l(exit.o)
    0x00000d9a   0x00000d9a   0x0000002e   Code   RO         1027    .text               fz_ps.l(cmpret.o)
    0x00000dc8   0x00000dc8   0x00000010   Code   RO         1029    .text               fz_ps.l(fnan2.o)
    0x00000dd8   0x00000dd8   0x00000008   Code   RO         1031    .text               c_p.l(libspace.o)
    0x00000de0   0x00000de0   0x0000005e   Code   RO         1090    .text               fz_ps.l(retnan.o)
    0x00000e3e   0x00000e3e   0x00000002   PAD
    0x00000e40   0x00000e40   0x00000040   Code   RO          919    .text.DL_ADC12_setClockConfig  dl_adc12.o
    0x00000e80   0x00000e80   0x0000000a   Code   RO          873    .text.DL_Common_delayCycles  dl_common.o
    0x00000e8a   0x00000e8a   0x00000002   PAD
    0x00000e8c   0x00000e8c   0x00000044   Code   RO          826    .text.DL_DMA_initChannel  dl_dma.o
    0x00000ed0   0x00000ed0   0x00000044   Code   RO          368    .text.DL_SPI_init   dl_spi.o
    0x00000f14   0x00000f14   0x00000012   Code   RO          370    .text.DL_SPI_setClockConfig  dl_spi.o
    0x00000f26   0x00000f26   0x00000002   PAD
    0x00000f28   0x00000f28   0x000000ec   Code   RO          101    .text.DL_SYSCTL_configSYSPLL  dl_sysctl_mspm0g1x0x_g3x0x.o
    0x00001014   0x00001014   0x00000068   Code   RO          115    .text.DL_SYSCTL_setHFCLKSourceHFXTParams  dl_sysctl_mspm0g1x0x_g3x0x.o
    0x0000107c   0x0000107c   0x00000050   Code   RO          109    .text.DL_SYSCTL_switchMCLKfromSYSOSCtoHSCLK  dl_sysctl_mspm0g1x0x_g3x0x.o
    0x000010cc   0x000010cc   0x00000048   Code   RO          233    .text.DL_UART_init  dl_uart.o
    0x00001114   0x00001114   0x00000012   Code   RO          235    .text.DL_UART_setClockConfig  dl_uart.o
    0x00001126   0x00001126   0x00000002   PAD
    0x00001128   0x00001128   0x00000018   Code   RO            4    .text.GROUP1_IRQHandler  empty.o
    0x00001140   0x00001140   0x00000100   Code   RO          203    .text.Get_Triggervoltage  draw.o
    0x00001240   0x00001240   0x000007d8   Code   RO          145    .text.OLED_Clear    oled.o
    0x00001a18   0x00001a18   0x000000cc   Code   RO          151    .text.OLED_DrawLine  oled.o
    0x00001ae4   0x00001ae4   0x00000650   Code   RO          147    .text.OLED_GClear   oled.o
    0x00002134   0x00002134   0x0000041c   Code   RO          169    .text.OLED_Init     oled.o
    0x00002550   0x00002550   0x0000017c   Code   RO          143    .text.OLED_Refresh  oled.o
    0x000026cc   0x000026cc   0x00000268   Code   RO          155    .text.OLED_ShowChar  oled.o
    0x00002934   0x00002934   0x000000bc   Code   RO          161    .text.OLED_ShowNum  oled.o
    0x000029f0   0x000029f0   0x00000050   Code   RO          157    .text.OLED_ShowString  oled.o
    0x00002a40   0x00002a40   0x00000068   Code   RO           39    .text.SYSCFG_DL_ADC_VOLTAGE_init  ti_msp_dl_config.o
    0x00002aa8   0x00002aa8   0x00000020   Code   RO           49    .text.SYSCFG_DL_DMA_CH0_init  ti_msp_dl_config.o
    0x00002ac8   0x00002ac8   0x00000008   Code   RO           41    .text.SYSCFG_DL_DMA_init  ti_msp_dl_config.o
    0x00002ad0   0x00002ad0   0x0000008c   Code   RO           31    .text.SYSCFG_DL_GPIO_init  ti_msp_dl_config.o
    0x00002b5c   0x00002b5c   0x0000004c   Code   RO           37    .text.SYSCFG_DL_SPI_LCD_init  ti_msp_dl_config.o
    0x00002ba8   0x00002ba8   0x0000006c   Code   RO           33    .text.SYSCFG_DL_SYSCTL_init  ti_msp_dl_config.o
    0x00002c14   0x00002c14   0x0000001c   Code   RO           43    .text.SYSCFG_DL_SYSTICK_init  ti_msp_dl_config.o
    0x00002c30   0x00002c30   0x0000006c   Code   RO           35    .text.SYSCFG_DL_UART_0_init  ti_msp_dl_config.o
    0x00002c9c   0x00002c9c   0x00000030   Code   RO           27    .text.SYSCFG_DL_init  ti_msp_dl_config.o
    0x00002ccc   0x00002ccc   0x00000048   Code   RO           29    .text.SYSCFG_DL_initPower  ti_msp_dl_config.o
    0x00002d14   0x00002d14   0x0000005c   Code   RO           87    .text.UART0_IRQHandler  board.o
    0x00002d70   0x00002d70   0x00000002   Code   RO           83    .text._sys_exit     board.o
    0x00002d72   0x00002d72   0x00000002   PAD
    0x00002d74   0x00002d74   0x00000060   Code   RO          188    .text.adc_getValue  adc.o
    0x00002dd4   0x00002dd4   0x00000044   Code   RO           67    .text.board_init    board.o
    0x00002e18   0x00002e18   0x00000044   Code   RO           73    .text.delay_ms      board.o
    0x00002e5c   0x00002e5c   0x00000028   Code   RO           69    .text.delay_ns      board.o
    0x00002e84   0x00002e84   0x00000044   Code   RO           71    .text.delay_us      board.o
    0x00002ec8   0x00002ec8   0x000000be   Code   RO          199    .text.draw_axis     draw.o
    0x00002f86   0x00002f86   0x00000002   PAD
    0x00002f88   0x00002f88   0x00000090   Code   RO          201    .text.draw_wave     draw.o
    0x00003018   0x00003018   0x00000024   Code   RO           85    .text.fputc         board.o
    0x0000303c   0x0000303c   0x000001d0   Code   RO            2    .text.main          empty.o
    0x0000320c   0x0000320c   0x000001f6   Code   RO          937    .text_divfast       c_p.l(aeabi_sdivfast.o)
    0x00003402   0x00003402   0x00000016   Code   RO          963    i._feq              fz_ps.l(fcmp.o)
    0x00003418   0x00003418   0x00000016   Code   RO          965    i._fgr              fz_ps.l(fcmp.o)
    0x0000342e   0x0000342e   0x00000016   Code   RO          967    i._fls              fz_ps.l(fcmp.o)
    0x00003444   0x00003444   0x0000008c   Code   RO          957    x$fpl$fadd          fz_ps.l(faddsub.o)
    0x000034d0   0x000034d0   0x00000054   Code   RO          986    x$fpl$feqf          fz_ps.l(feqf.o)
    0x00003524   0x00003524   0x00000054   Code   RO          988    x$fpl$fgeqf         fz_ps.l(fgef.o)
    0x00003578   0x00003578   0x00000054   Code   RO          990    x$fpl$fleqf         fz_ps.l(flef.o)
    0x000035cc   0x000035cc   0x000000d0   Code   RO          959    x$fpl$fsub          fz_ps.l(faddsub.o)
    0x0000369c   0x0000369c   0x00000000   Code   RO          992    x$fpl$usenofp       fz_ps.l(usenofp.o)
    0x0000369c   0x0000369c   0x00000080   Data   RO          949    .constdata          fz_ps.l(ddiv.o)
    0x0000371c   0x0000371c   0x00000228   Data   RO          171    .rodata.asc2_0806   oled.o
    0x00003944   0x00003944   0x00000474   Data   RO          172    .rodata.asc2_1206   oled.o
    0x00003db8   0x00003db8   0x000005f0   Data   RO          173    .rodata.asc2_1608   oled.o
    0x000043a8   0x000043a8   0x00000d5c   Data   RO          174    .rodata.asc2_2412   oled.o
    0x00005104   0x00005104   0x00000008   Data   RO           57    .rodata.gADC_VOLTAGEClockConfig  ti_msp_dl_config.o
    0x0000510c   0x0000510c   0x00000018   Data   RO           58    .rodata.gDMA_CH0Config  ti_msp_dl_config.o
    0x00005124   0x00005124   0x00000002   Data   RO           55    .rodata.gSPI_LCD_clockConfig  ti_msp_dl_config.o
    0x00005126   0x00005126   0x0000000a   Data   RO           56    .rodata.gSPI_LCD_config  ti_msp_dl_config.o
    0x00005130   0x00005130   0x00000028   Data   RO           52    .rodata.gSYSPLLConfig  ti_msp_dl_config.o
    0x00005158   0x00005158   0x00000002   Data   RO           53    .rodata.gUART_0ClockConfig  ti_msp_dl_config.o
    0x0000515a   0x0000515a   0x0000000a   Data   RO           54    .rodata.gUART_0Config  ti_msp_dl_config.o
    0x00005164   0x00005164   0x00000004   PAD
    0x00005168   0x00005168   0x00000020   Data   RO         1166    Region$$Table       anon$$obj.o


    Execution Region RW_IRAM2 (Exec base: 0x20200000, Load base: 0x00005188, Size: 0x00000918, Max: 0x00008000, ABSOLUTE)

    Exec Addr    Load Addr    Size         Type   Attr      Idx    E Section Name        Object

    0x20200000   0x00005188   0x00000004   Data   RW          207    .data.freq          draw.o
    0x20200004   0x0000518c   0x00000003   Data   RW          208    .data.str1          draw.o
    0x20200007   0x0000518f   0x00000003   Data   RW          209    .data.str2          draw.o
    0x2020000a   0x00005192   0x00000006   PAD
    0x20200010        -       0x00000060   Zero   RW         1032    .bss                c_p.l(libspace.o)
    0x20200070        -       0x00000028   Zero   RW          190    .bss.ADC_VALUE      adc.o
    0x20200098        -       0x00000480   Zero   RW          179    .bss.OLED_GRAM      oled.o
    0x20200518        -       0x00000054   Zero   RW           92    .bss.__stdout       board.o
    0x2020056c        -       0x00000200   Zero   RW          206    .bss.adc_value      draw.o
    0x2020076c        -       0x00000028   Zero   RW           51    .bss.gSPI_LCDBackup  ti_msp_dl_config.o
    0x20200794        -       0x00000001   Zero   RW            8    .bss.isInDeadLoop   empty.o
    0x20200795        -       0x00000080   Zero   RW           89    .bss.recv0_buff     board.o
    0x20200815        -       0x00000001   Zero   RW           91    .bss.recv0_flag     board.o
    0x20200816        -       0x00000002   Zero   RW           90    .bss.recv0_length   board.o
    0x20200818        -       0x00000000   Zero   RW           18    HEAP                startup_mspm0g350x_uvision.o
    0x20200818        -       0x00000100   Zero   RW           17    STACK               startup_mspm0g350x_uvision.o



  Load Region LR_BCR (Base: 0x41c00000, Size: 0x00000000, Max: 0x00000100, ABSOLUTE)

    Execution Region BCR_CONFIG (Exec base: 0x41c00000, Load base: 0x41c00000, Size: 0x00000000, Max: 0x00000080, ABSOLUTE)

    **** No section assigned to this execution region ****



  Load Region LR_BSL (Base: 0x41c00100, Size: 0x00000000, Max: 0x00000100, ABSOLUTE)

    Execution Region BSL_CONFIG (Exec base: 0x41c00100, Load base: 0x41c00100, Size: 0x00000000, Max: 0x00000080, ABSOLUTE)

    **** No section assigned to this execution region ****


==============================================================================

Image component sizes


      Code (inc. data)   RO Data    RW Data    ZI Data      Debug   Object Name

        96          4          0          0         40       1112   adc.o
       374         64          0          0        215       9897   board.o
        64          8          0          0          0       4553   dl_adc12.o
        10          0          0          0          0        585   dl_common.o
        68          4          0          0          0       4355   dl_dma.o
        86          8          0          0          0      15699   dl_spi.o
       420         28          0          0          0      18904   dl_sysctl_mspm0g1x0x_g3x0x.o
        90          8          0          0          0      14510   dl_uart.o
       590         20          0         10        512       1854   draw.o
       488         76          0          0          1       9330   empty.o
      6144         72       6632          0       1152      48882   oled.o
        44         18        192          0        256        688   startup_mspm0g350x_uvision.o
       724        164         96          0         40      35220   ti_msp_dl_config.o

    ----------------------------------------------------------------------
      9208        474       6956         12       2220     165589   Object Totals
         0          0         32          0          0          0   (incl. Generated)
        10          0          4          2          4          0   (incl. Padding)

    ----------------------------------------------------------------------

      Code (inc. data)   RO Data    RW Data    ZI Data      Debug   Library Member Name

         8          0          0          0          0         68   __main.o
         0          0          0          0          0          0   __rtentry.o
        12          0          0          0          0          0   __rtentry2.o
         6          0          0          0          0          0   __rtentry4.o
        86         10          0          0          0          0   __scatter.o
        26          0          0          0          0          0   __scatter_copy.o
        28          0          0          0          0          0   __scatter_zi.o
      1006          4          0          0          0        184   aeabi_sdivfast.o
        16          0          0          0          0         68   exit.o
         6          0          0          0          0        136   heapauxi.o
         2          0          0          0          0          0   libinit.o
         2          0          0          0          0          0   libinit2.o
         2          0          0          0          0          0   libshutdown.o
         2          0          0          0          0          0   libshutdown2.o
         8          4          0          0         96         68   libspace.o
        44          6          0          0          0         68   puts.o
       186          0          0          0          0        144   rt_memcpy.o
       150          0          0          0          0        104   rt_memmove.o
         2          0          0          0          0          0   rtexit.o
        10          0          0          0          0          0   rtexit2.o
        62          0          0          0          0         80   sys_stackheap_outer.o
        46          0          0          0          0         60   cmpret.o
      1096         26        128          0          0        112   ddiv.o
       108         10          0          0          0         72   dfixi.o
        88          0          0          0          0         92   dflti.o
       584         26          0          0          0         84   dmul.o
       348          8          0          0          0        160   faddsub.o
        66          0          0          0          0        204   fcmp.o
       100          4          0          0          0         68   fcmpin.o
        84          4          0          0          0         76   feqf.o
        94          0          0          0          0         92   fflti.o
        84          4          0          0          0         76   fgef.o
        84          4          0          0          0         76   flef.o
        16          6          0          0          0         68   fnan2.o
        94          0          0          0          0         68   retnan.o
         0          0          0          0          0          0   usenofp.o

    ----------------------------------------------------------------------
      4580        120        128          0         96       2228   Library Totals
        24          4          0          0          0          0   (incl. Padding)

    ----------------------------------------------------------------------

      Code (inc. data)   RO Data    RW Data    ZI Data      Debug   Library Name

      1664         24          0          0         96        920   c_p.l
      2892         92        128          0          0       1308   fz_ps.l

    ----------------------------------------------------------------------
      4580        120        128          0         96       2228   Library Totals

    ----------------------------------------------------------------------

==============================================================================


      Code (inc. data)   RO Data    RW Data    ZI Data      Debug   

     13788        594       7084         12       2316     166593   Grand Totals
     13788        594       7084         12       2316     166593   ELF Image Totals
     13788        594       7084         12          0          0   ROM Totals

==============================================================================

    Total RO  Size (Code + RO Data)                20872 (  20.38kB)
    Total RW  Size (RW Data + ZI Data)              2328 (   2.27kB)
    Total ROM Size (Code + RO Data + RW Data)      20884 (  20.39kB)

==============================================================================

