Component: Arm Compiler for Embedded 6.21 Tool: armlink [5ec1fa00]

==============================================================================

Section Cross References

    empty.o(.text.main) refers to board.o(.text.board_init) for board_init
    empty.o(.text.main) refers to oled.o(.text.OLED_Init) for OLED_Init
    empty.o(.text.main) refers to oled.o(.text.OLED_Clear) for OLED_Clear
    empty.o(.text.main) refers to ti_msp_dl_config.o(.text.SYSCFG_DL_init) for SYSCFG_DL_init
    empty.o(.text.main) refers to empty.o(.text.SG) for SG
    empty.o(.text.main) refers to oled.o(.text.OLED_GClear) for OLED_GClear
    empty.o(.text.main) refers to encoder.o(.text.Encoder_Get) for Encoder_Get
    empty.o(.text.main) refers to encoder.o(.text.Encoder0_Get) for Encoder0_Get
    empty.o(.text.main) refers to encoder.o(.text.Encoder1_Get) for Encoder1_Get
    empty.o(.text.main) refers to draw.o(.text.draw_menu) for draw_menu
    empty.o(.text.main) refers to empty.o(.text.DSO) for DSO
    empty.o(.text.main) refers to adc.o(.bss.ADC_VALUE) for ADC_VALUE
    empty.o(.text.main) refers to encoder.o(.bss.Encoder_Count) for Encoder_Count
    empty.o(.text.main) refers to encoder.o(.bss.Encoder_Count0) for Encoder_Count0
    empty.o(.text.main) refers to encoder.o(.bss.Encoder_Count1) for Encoder_Count1
    empty.o(.ARM.exidx.text.main) refers to empty.o(.text.main) for [Anonymous Symbol]
    empty.o(.text.DSO) refers to draw.o(.text.draw_axis) for draw_axis
    empty.o(.text.DSO) refers to key.o(.text.key_stop) for key_stop
    empty.o(.text.DSO) refers to encoder.o(.text.Encoder_Get) for Encoder_Get
    empty.o(.text.DSO) refers to encoder.o(.text.Encoder0_Get) for Encoder0_Get
    empty.o(.text.DSO) refers to encoder.o(.text.Encoder1_Get) for Encoder1_Get
    empty.o(.text.DSO) refers to board.o(.text.delay_ms) for delay_ms
    empty.o(.text.DSO) refers to aeabi_sdivfast.o(.text) for __aeabi_idivmod
    empty.o(.text.DSO) refers to oled.o(.text.OLED_ShowString) for OLED_ShowString
    empty.o(.text.DSO) refers to oled.o(.text.OLED_ShowNum) for OLED_ShowNum
    empty.o(.text.DSO) refers to oled.o(.text.OLED_DrawXLine) for OLED_DrawXLine
    empty.o(.text.DSO) refers to dflti.o(.text) for __aeabi_i2d
    empty.o(.text.DSO) refers to dmul.o(.text) for __aeabi_dmul
    empty.o(.text.DSO) refers to ddiv.o(.text) for __aeabi_ddiv
    empty.o(.text.DSO) refers to fflti.o(.text) for __aeabi_i2f
    empty.o(.text.DSO) refers to draw.o(.text.Get_Triggervoltage) for Get_Triggervoltage
    empty.o(.text.DSO) refers to dfixi.o(.text) for __aeabi_d2iz
    empty.o(.text.DSO) refers to aeabi_sdivfast.o(.text_divfast) for __aeabi_idiv
    empty.o(.text.DSO) refers to d2f.o(.text) for __aeabi_d2f
    empty.o(.text.DSO) refers to draw.o(.text.getWaveFreq) for getWaveFreq
    empty.o(.text.DSO) refers to oled.o(.text.OLED_ShowFNum) for OLED_ShowFNum
    empty.o(.text.DSO) refers to draw.o(.text.draw_wave) for draw_wave
    empty.o(.text.DSO) refers to encoder.o(.bss.Encoder_Count0) for Encoder_Count0
    empty.o(.text.DSO) refers to encoder.o(.bss.Encoder_Count) for Encoder_Count
    empty.o(.text.DSO) refers to encoder.o(.bss.Encoder_Count1) for Encoder_Count1
    empty.o(.text.DSO) refers to encoder.o(.bss.FLAG) for FLAG
    empty.o(.text.DSO) refers to draw.o(.data.freq) for freq
    empty.o(.text.DSO) refers to empty.o(.data.str_tri) for str_tri
    empty.o(.text.DSO) refers to empty.o(.data.str) for str
    empty.o(.text.DSO) refers to empty.o(.data.str_mode) for str_mode
    empty.o(.text.DSO) refers to adc.o(.bss.ADC_VALUE) for ADC_VALUE
    empty.o(.text.DSO) refers to draw.o(.bss.adc_value) for adc_value
    empty.o(.text.DSO) refers to empty.o(.data.str_freq) for str_freq
    empty.o(.text.DSO) refers to encoder.o(.bss.flag) for flag
    empty.o(.ARM.exidx.text.DSO) refers to empty.o(.text.DSO) for [Anonymous Symbol]
    empty.o(.text.SG) refers to oled.o(.text.OLED_GClear) for OLED_GClear
    empty.o(.text.SG) refers to dflti.o(.text) for __aeabi_i2d
    empty.o(.text.SG) refers to ad9833.o(.text.AD9833_WaveSeting) for AD9833_WaveSeting
    empty.o(.text.SG) refers to ad9833.o(.text.AD9833_AmpSet) for AD9833_AmpSet
    empty.o(.text.SG) refers to oled.o(.text.OLED_ShowNum) for OLED_ShowNum
    empty.o(.text.SG) refers to draw.o(.text.draw_axis1) for draw_axis1
    empty.o(.text.SG) refers to oled.o(.text.OLED_Refresh) for OLED_Refresh
    empty.o(.text.SG) refers to board.o(.text.delay_us) for delay_us
    empty.o(.text.SG) refers to oled.o(.text.OLED_ShowString) for OLED_ShowString
    empty.o(.text.SG) refers to aeabi_sdivfast.o(.text) for __aeabi_uidivmod
    empty.o(.text.SG) refers to oled.o(.text.OLED_GClear_area) for OLED_GClear_area
    empty.o(.text.SG) refers to oled.o(.text.OLED_DrawLine) for OLED_DrawLine
    empty.o(.text.SG) refers to draw.o(.text.OLED_DrawSin) for OLED_DrawSin
    empty.o(.text.SG) refers to encoder.o(.bss.Encoder_Count1) for Encoder_Count1
[...]
    .ARM.Collect$$libinit$$0000001B          0x00000166   Section        0  libinit2.o(.ARM.Collect$$libinit$$0000001B)
    .ARM.Collect$$libinit$$0000001D          0x00000166   Section        0  libinit2.o(.ARM.Collect$$libinit$$0000001D)
    .ARM.Collect$$libinit$$0000001F          0x00000166   Section        0  libinit2.o(.ARM.Collect$$libinit$$0000001F)
    .ARM.Collect$$libinit$$00000021          0x00000166   Section        0  libinit2.o(.ARM.Collect$$libinit$$00000021)
    .ARM.Collect$$libinit$$00000023          0x00000166   Section        0  libinit2.o(.ARM.Collect$$libinit$$00000023)
    .ARM.Collect$$libinit$$00000025          0x00000166   Section        0  libinit2.o(.ARM.Collect$$libinit$$00000025)
    .ARM.Collect$$libinit$$00000027          0x00000166   Section        0  libinit2.o(.ARM.Collect$$libinit$$00000027)
    .ARM.Collect$$libinit$$0000002E          0x00000166   Section        0  libinit2.o(.ARM.Collect$$libinit$$0000002E)
    .ARM.Collect$$libinit$$00000030          0x00000166   Section        0  libinit2.o(.ARM.Collect$$libinit$$00000030)
    .ARM.Collect$$libinit$$00000032          0x00000166   Section        0  libinit2.o(.ARM.Collect$$libinit$$00000032)
    .ARM.Collect$$libinit$$00000034          0x00000166   Section        0  libinit2.o(.ARM.Collect$$libinit$$00000034)
    .ARM.Collect$$libinit$$00000035          0x00000166   Section        2  libinit2.o(.ARM.Collect$$libinit$$00000035)
    .ARM.Collect$$libshutdown$$00000000      0x00000168   Section        2  libshutdown.o(.ARM.Collect$$libshutdown$$00000000)
    .ARM.Collect$$libshutdown$$00000002      0x0000016a   Section        0  libshutdown2.o(.ARM.Collect$$libshutdown$$00000002)
    .ARM.Collect$$libshutdown$$00000004      0x0000016a   Section        0  libshutdown2.o(.ARM.Collect$$libshutdown$$00000004)
    .ARM.Collect$$libshutdown$$00000007      0x0000016a   Section        0  libshutdown2.o(.ARM.Collect$$libshutdown$$00000007)
    .ARM.Collect$$libshutdown$$0000000A      0x0000016a   Section        0  libshutdown2.o(.ARM.Collect$$libshutdown$$0000000A)
    .ARM.Collect$$libshutdown$$0000000C      0x0000016a   Section        0  libshutdown2.o(.ARM.Collect$$libshutdown$$0000000C)
    .ARM.Collect$$libshutdown$$0000000F      0x0000016a   Section        0  libshutdown2.o(.ARM.Collect$$libshutdown$$0000000F)
    .ARM.Collect$$libshutdown$$00000010      0x0000016a   Section        2  libshutdown2.o(.ARM.Collect$$libshutdown$$00000010)
    .ARM.Collect$$rtentry$$00000000          0x0000016c   Section        0  __rtentry.o(.ARM.Collect$$rtentry$$00000000)
    .ARM.Collect$$rtentry$$00000002          0x0000016c   Section        0  __rtentry2.o(.ARM.Collect$$rtentry$$00000002)
    .ARM.Collect$$rtentry$$00000004          0x0000016c   Section        6  __rtentry4.o(.ARM.Collect$$rtentry$$00000004)
    .ARM.Collect$$rtentry$$00000009          0x00000172   Section        0  __rtentry2.o(.ARM.Collect$$rtentry$$00000009)
    .ARM.Collect$$rtentry$$0000000A          0x00000172   Section        4  __rtentry2.o(.ARM.Collect$$rtentry$$0000000A)
    .ARM.Collect$$rtentry$$0000000C          0x00000176   Section        0  __rtentry2.o(.ARM.Collect$$rtentry$$0000000C)
    .ARM.Collect$$rtentry$$0000000D          0x00000176   Section        8  __rtentry2.o(.ARM.Collect$$rtentry$$0000000D)
    .ARM.Collect$$rtexit$$00000000           0x0000017e   Section        2  rtexit.o(.ARM.Collect$$rtexit$$00000000)
    .ARM.Collect$$rtexit$$00000002           0x00000180   Section        0  rtexit2.o(.ARM.Collect$$rtexit$$00000002)
    .ARM.Collect$$rtexit$$00000003           0x00000180   Section        4  rtexit2.o(.ARM.Collect$$rtexit$$00000003)
    .ARM.Collect$$rtexit$$00000004           0x00000184   Section        6  rtexit2.o(.ARM.Collect$$rtexit$$00000004)
    .text                                    0x0000018c   Section       44  startup_mspm0g350x_uvision.o(.text)
    .text                                    0x000001b8   Section        0  puts.o(.text)
    .text                                    0x000001e4   Section      504  aeabi_sdivfast.o(.text)
    .text                                    0x000003dc   Section        0  heapauxi.o(.text)
    .text                                    0x000003e4   Section        0  d2f.o(.text)
    _dadd1                                   0x00000461   Thumb Code   290  daddsub.o(.text)
    .text                                    0x00000460   Section        0  daddsub.o(.text)
    _dsub1                                   0x00000583   Thumb Code   470  daddsub.o(.text)
    .text                                    0x000007b8   Section        0  ddiv.o(.text)
    .text                                    0x00000c00   Section        0  dfixi.o(.text)
    .text                                    0x00000c6c   Section        0  dflti.o(.text)
    .text                                    0x00000cc4   Section        0  dmul.o(.text)
    .text                                    0x00000f0c   Section        0  f2d.o(.text)
    .text                                    0x00000f60   Section        0  fdiv.o(.text)
    .text                                    0x000010c0   Section        0  ffixi.o(.text)
    .text                                    0x0000110c   Section        0  fflti.o(.text)
    .text                                    0x0000116a   Section        0  _rserrno.o(.text)
    .text                                    0x00001180   Section        8  rt_errno_addr_intlibspace.o(.text)
    .text                                    0x00001188   Section        0  dcmpin.o(.text)
    .text                                    0x00001228   Section        0  dscalbn.o(.text)
    .text                                    0x00001288   Section        0  fcmpin.o(.text)
    .text                                    0x000012ec   Section        8  libspace.o(.text)
    .text                                    0x000012f4   Section       62  sys_stackheap_outer.o(.text)
    .text                                    0x00001332   Section        0  exit.o(.text)
    .text                                    0x00001342   Section        0  cmpret.o(.text)
    .text                                    0x00001370   Section        0  dnan2.o(.text)
    .text                                    0x00001384   Section        0  fnan2.o(.text)
    .text                                    0x00001394   Section        0  retnan.o(.text)
    [Anonymous Symbol]                       0x000013f4   Section        0  ad9833.o(.text.AD9833_AmpSet)
    [Anonymous Symbol]                       0x000014a8   Section        0  ad9833.o(.text.AD9833_WaveSeting)
    __arm_cp.2_3                             0x00001504   Number         4  ad9833.o(.text.AD9833_WaveSeting)
    __arm_cp.2_4                             0x00001508   Number         4  ad9833.o(.text.AD9833_WaveSeting)
    __arm_cp.2_5                             0x0000150c   Number         4  ad9833.o(.text.AD9833_WaveSeting)
    [Anonymous Symbol]                       0x00001d60   Section        0  dl_adc12.o(.text.DL_ADC12_setClockConfig)
    __arm_cp.0_0                             0x00001d98   Number         4  dl_adc12.o(.text.DL_ADC12_setClockConfig)
    __arm_cp.0_1                             0x00001d9c   Number         4  dl_adc12.o(.text.DL_ADC12_setClockConfig)
    [Anonymous Symbol]                       0x00001da0   Section        0  dl_common.o(.text.DL_Common_delayCycles)
    [Anonymous Symbol]                       0x00001dac   Section        0  dl_dma.o(.text.DL_DMA_initChannel)
    __arm_cp.0_0                             0x00001dec   Number         4  dl_dma.o(.text.DL_DMA_initChannel)
    [Anonymous Symbol]                       0x00001df0   Section        0  dl_spi.o(.text.DL_SPI_init)
    __arm_cp.0_0                             0x00001e2c   Number         4  dl_spi.o(.text.DL_SPI_init)
    __arm_cp.0_1                             0x00001e30   Number         4  dl_spi.o(.text.DL_SPI_init)
    [Anonymous Symbol]                       0x00001e34   Section        0  dl_spi.o(.text.DL_SPI_setClockConfig)
    [Anonymous Symbol]                       0x00001e48   Section        0  dl_sysctl_mspm0g1x0x_g3x0x.o(.text.DL_SYSCTL_configSYSPLL)
    __arm_cp.0_0                             0x00001f24   Number         4  dl_sysctl_mspm0g1x0x_g3x0x.o(.text.DL_SYSCTL_configSYSPLL)
    __arm_cp.0_2                             0x00001f28   Number         4  dl_sysctl_mspm0g1x0x_g3x0x.o(.text.DL_SYSCTL_configSYSPLL)
    __arm_cp.0_3                             0x00001f2c   Number         4  dl_sysctl_mspm0g1x0x_g3x0x.o(.text.DL_SYSCTL_configSYSPLL)
    __arm_cp.0_4                             0x00001f30   Number         4  dl_sysctl_mspm0g1x0x_g3x0x.o(.text.DL_SYSCTL_configSYSPLL)
    [Anonymous Symbol]                       0x00001f34   Section        0  dl_sysctl_mspm0g1x0x_g3x0x.o(.text.DL_SYSCTL_setHFCLKSourceHFXTParams)
    __arm_cp.7_0                             0x00001f98   Number         4  dl_sysctl_mspm0g1x0x_g3x0x.o(.text.DL_SYSCTL_setHFCLKSourceHFXTParams)
    [Anonymous Symbol]                       0x00001f9c   Section        0  dl_sysctl_mspm0g1x0x_g3x0x.o(.text.DL_SYSCTL_switchMCLKfromSYSOSCtoHSCLK)
    __arm_cp.4_0                             0x00001fe4   Number         4  dl_sysctl_mspm0g1x0x_g3x0x.o(.text.DL_SYSCTL_switchMCLKfromSYSOSCtoHSCLK)
    __arm_cp.4_1                             0x00001fe8   Number         4  dl_sysctl_mspm0g1x0x_g3x0x.o(.text.DL_SYSCTL_switchMCLKfromSYSOSCtoHSCLK)
    [Anonymous Symbol]                       0x00001fec   Section        0  dl_uart.o(.text.DL_UART_init)
    __arm_cp.0_0                             0x0000202c   Number         4  dl_uart.o(.text.DL_UART_init)
    __arm_cp.0_1                             0x00002030   Number         4  dl_uart.o(.text.DL_UART_init)
    [Anonymous Symbol]                       0x00002034   Section        0  dl_uart.o(.text.DL_UART_setClockConfig)
    [Anonymous Symbol]                       0x00002048   Section        0  empty.o(.text.DSO)
    __arm_cp.1_3                             0x00002390   Number         4  empty.o(.text.DSO)
    __arm_cp.1_4                             0x00002394   Number         4  empty.o(.text.DSO)
    __arm_cp.1_5                             0x00002398   Number         4  empty.o(.text.DSO)
    __arm_cp.1_6                             0x0000239c   Number         4  empty.o(.text.DSO)
    __arm_cp.1_7                             0x000023a0   Number         4  empty.o(.text.DSO)
    __arm_cp.1_8                             0x000023a4   Number         4  empty.o(.text.DSO)
    __arm_cp.1_9                             0x000023a8   Number         4  empty.o(.text.DSO)
    __arm_cp.1_10                            0x000023ac   Number         4  empty.o(.text.DSO)
    __arm_cp.1_11                            0x000023b0   Number         4  empty.o(.text.DSO)
    __arm_cp.1_12                            0x000023b4   Number         4  empty.o(.text.DSO)
    __arm_cp.1_13                            0x000023b8   Number         4  empty.o(.text.DSO)
    __arm_cp.1_14                            0x000023bc   Number         4  empty.o(.text.DSO)
    __arm_cp.1_16                            0x000023c0   Number         4  empty.o(.text.DSO)
    [Anonymous Symbol]                       0x000023c4   Section        0  encoder.o(.text.Encoder0_Get)
    __arm_cp.1_0                             0x000023d0   Number         4  encoder.o(.text.Encoder0_Get)
    [Anonymous Symbol]                       0x000023d4   Section        0  encoder.o(.text.Encoder1_Get)
    __arm_cp.2_0                             0x000023e0   Number         4  encoder.o(.text.Encoder1_Get)
    [Anonymous Symbol]                       0x000023e4   Section        0  encoder.o(.text.Encoder_Get)
    __arm_cp.0_0                             0x000023f0   Number         4  encoder.o(.text.Encoder_Get)
    [Anonymous Symbol]                       0x000023f4   Section        0  encoder.o(.text.GROUP1_IRQHandler)
    __arm_cp.3_0                             0x000024cc   Number         4  encoder.o(.text.GROUP1_IRQHandler)
    __arm_cp.3_1                             0x000024d0   Number         4  encoder.o(.text.GROUP1_IRQHandler)
    __arm_cp.3_2                             0x000024d4   Number         4  encoder.o(.text.GROUP1_IRQHandler)
    __arm_cp.3_3                             0x000024d8   Number         4  encoder.o(.text.GROUP1_IRQHandler)
    __arm_cp.3_4                             0x000024dc   Number         4  encoder.o(.text.GROUP1_IRQHandler)
    __arm_cp.3_5                             0x000024e0   Number         4  encoder.o(.text.GROUP1_IRQHandler)
    __arm_cp.3_6                             0x000024e4   Number         4  encoder.o(.text.GROUP1_IRQHandler)
    __arm_cp.3_7                             0x000024e8   Number         4  encoder.o(.text.GROUP1_IRQHandler)
    __arm_cp.3_8                             0x000024ec   Number         4  encoder.o(.text.GROUP1_IRQHandler)
    __arm_cp.3_9                             0x000024f0   Number         4  encoder.o(.text.GROUP1_IRQHandler)
    [Anonymous Symbol]                       0x000024f4   Section        0  draw.o(.text.Get_Triggervoltage)
    __arm_cp.5_0                             0x00002594   Number         4  draw.o(.text.Get_Triggervoltage)
    __arm_cp.5_1                             0x00002598   Number         4  draw.o(.text.Get_Triggervoltage)
    [Anonymous Symbol]                       0x0000259c   Section        0  oled.o(.text.OLED_Clear)
    __arm_cp.6_0                             0x00002d68   Number         4  oled.o(.text.OLED_Clear)
    __arm_cp.6_1                             0x00002d6c   Number         4  oled.o(.text.OLED_Clear)
    __arm_cp.6_2                             0x00002d70   Number         4  oled.o(.text.OLED_Clear)
    [Anonymous Symbol]                       0x00002d74   Section        0  oled.o(.text.OLED_DrawLine)
    [Anonymous Symbol]                       0x00002e40   Section        0  oled.o(.text.OLED_DrawPoint)
    __arm_cp.9_0                             0x00002e64   Number         4  oled.o(.text.OLED_DrawPoint)
    [Anonymous Symbol]                       0x00002e68   Section        0  draw.o(.text.OLED_DrawSin)
    __arm_cp.3_0                             0x00002ee4   Number         4  draw.o(.text.OLED_DrawSin)
    __arm_cp.3_1                             0x00002ee8   Number         4  draw.o(.text.OLED_DrawSin)
    __arm_cp.3_2                             0x00002eec   Number         4  draw.o(.text.OLED_DrawSin)
    __arm_cp.3_3                             0x00002ef0   Number         4  draw.o(.text.OLED_DrawSin)
    __arm_cp.3_4                             0x00002ef4   Number         4  draw.o(.text.OLED_DrawSin)
    __arm_cp.3_5                             0x00002ef8   Number         4  draw.o(.text.OLED_DrawSin)
    [Anonymous Symbol]                       0x00002efc   Section        0  oled.o(.text.OLED_DrawXLine)
    __arm_cp.11_0                            0x00002fc0   Number         4  oled.o(.text.OLED_DrawXLine)
    [Anonymous Symbol]                       0x00002fc4   Section        0  oled.o(.text.OLED_GClear)
    __arm_cp.7_1                             0x00002fd0   Number         4  oled.o(.text.OLED_GClear)
    [Anonymous Symbol]                       0x00003614   Section        0  oled.o(.text.OLED_GClear_area)
    __arm_cp.8_1                             0x00003620   Number         4  oled.o(.text.OLED_GClear_area)
    [Anonymous Symbol]                       0x00003ad4   Section        0  oled.o(.text.OLED_Init)
    __arm_cp.21_2                            0x00003afc   Number         4  oled.o(.text.OLED_Init)
    __arm_cp.21_1                            0x00003eec   Number         4  oled.o(.text.OLED_Init)
    [Anonymous Symbol]                       0x00003ef0   Section        0  oled.o(.text.OLED_Refresh)
    __arm_cp.5_0                             0x00004064   Number         4  oled.o(.text.OLED_Refresh)
    __arm_cp.5_1                             0x00004068   Number         4  oled.o(.text.OLED_Refresh)
    [Anonymous Symbol]                       0x0000406c   Section        0  oled.o(.text.OLED_ShowChar)
    __arm_cp.13_0                            0x000042c0   Number         4  oled.o(.text.OLED_ShowChar)
    __arm_cp.13_1                            0x000042c4   Number         4  oled.o(.text.OLED_ShowChar)
    __arm_cp.13_2                            0x000042c8   Number         4  oled.o(.text.OLED_ShowChar)
    __arm_cp.13_3                            0x000042cc   Number         4  oled.o(.text.OLED_ShowChar)
    __arm_cp.13_4                            0x000042d0   Number         4  oled.o(.text.OLED_ShowChar)
    [Anonymous Symbol]                       0x000042d4   Section        0  oled.o(.text.OLED_ShowFNum)
    __arm_cp.20_0                            0x00004664   Number         4  oled.o(.text.OLED_ShowFNum)
    __arm_cp.20_1                            0x00004668   Number         4  oled.o(.text.OLED_ShowFNum)
    __arm_cp.20_2                            0x0000466c   Number         4  oled.o(.text.OLED_ShowFNum)
    [Anonymous Symbol]                       0x00004670   Section        0  oled.o(.text.OLED_ShowNum)
    __arm_cp.16_0                            0x00004728   Number         4  oled.o(.text.OLED_ShowNum)
    [Anonymous Symbol]                       0x0000472c   Section        0  oled.o(.text.OLED_ShowString)
    [Anonymous Symbol]                       0x0000477c   Section        0  empty.o(.text.SG)
    __arm_cp.2_0                             0x00004a74   Number         4  empty.o(.text.SG)
    __arm_cp.2_1                             0x00004a78   Number         4  empty.o(.text.SG)
    __arm_cp.2_2                             0x00004a7c   Number         4  empty.o(.text.SG)
    __arm_cp.2_3                             0x00004a80   Number         4  empty.o(.text.SG)
    __arm_cp.2_4                             0x00004a84   Number         4  empty.o(.text.SG)
    __arm_cp.2_5                             0x00004a88   Number         4  empty.o(.text.SG)
    __arm_cp.2_6                             0x00004a8c   Number         4  empty.o(.text.SG)
    __arm_cp.2_7                             0x00004a90   Number         4  empty.o(.text.SG)
    __arm_cp.2_8                             0x00004a94   Number         4  empty.o(.text.SG)
    __arm_cp.2_9                             0x00004a98   Number         4  empty.o(.text.SG)
    __arm_cp.2_10                            0x00004a9c   Number         4  empty.o(.text.SG)
    __arm_cp.2_11                            0x00004aa0   Number         4  empty.o(.text.SG)
    [Anonymous Symbol]                       0x00004aa4   Section        0  ti_msp_dl_config.o(.text.SYSCFG_DL_ADC_VOLTAGE_init)
    __arm_cp.6_0                             0x00004af4   Number         4  ti_msp_dl_config.o(.text.SYSCFG_DL_ADC_VOLTAGE_init)
    __arm_cp.6_1                             0x00004af8   Number         4  ti_msp_dl_config.o(.text.SYSCFG_DL_ADC_VOLTAGE_init)
    __arm_cp.6_2                             0x00004afc   Number         4  ti_msp_dl_config.o(.text.SYSCFG_DL_ADC_VOLTAGE_init)
    __arm_cp.6_3                             0x00004b00   Number         4  ti_msp_dl_config.o(.text.SYSCFG_DL_ADC_VOLTAGE_init)
    __arm_cp.6_4                             0x00004b04   Number         4  ti_msp_dl_config.o(.text.SYSCFG_DL_ADC_VOLTAGE_init)
    __arm_cp.6_5                             0x00004b08   Number         4  ti_msp_dl_config.o(.text.SYSCFG_DL_ADC_VOLTAGE_init)
    [Anonymous Symbol]                       0x00004b0c   Section        0  ti_msp_dl_config.o(.text.SYSCFG_DL_DMA_CH0_init)
    __arm_cp.11_0                            0x00004b24   Number         4  ti_msp_dl_config.o(.text.SYSCFG_DL_DMA_CH0_init)
    __arm_cp.11_1                            0x00004b28   Number         4  ti_msp_dl_config.o(.text.SYSCFG_DL_DMA_CH0_init)
    __arm_cp.11_2                            0x00004b2c   Number         4  ti_msp_dl_config.o(.text.SYSCFG_DL_DMA_CH0_init)
    [Anonymous Symbol]                       0x00004b30   Section        0  ti_msp_dl_config.o(.text.SYSCFG_DL_DMA_init)
    [Anonymous Symbol]                       0x00004b38   Section        0  ti_msp_dl_config.o(.text.SYSCFG_DL_GPIO_init)
    __arm_cp.2_0                             0x00004bb0   Number         4  ti_msp_dl_config.o(.text.SYSCFG_DL_GPIO_init)
    __arm_cp.2_1                             0x00004bb4   Number         4  ti_msp_dl_config.o(.text.SYSCFG_DL_GPIO_init)
    __arm_cp.2_2                             0x00004bb8   Number         4  ti_msp_dl_config.o(.text.SYSCFG_DL_GPIO_init)
    __arm_cp.2_3                             0x00004bbc   Number         4  ti_msp_dl_config.o(.text.SYSCFG_DL_GPIO_init)
    __arm_cp.2_4                             0x00004bc0   Number         4  ti_msp_dl_config.o(.text.SYSCFG_DL_GPIO_init)
    __arm_cp.2_5                             0x00004bc4   Number         4  ti_msp_dl_config.o(.text.SYSCFG_DL_GPIO_init)
    __arm_cp.2_6                             0x00004bc8   Number         4  ti_msp_dl_config.o(.text.SYSCFG_DL_GPIO_init)
    __arm_cp.2_7                             0x00004bcc   Number         4  ti_msp_dl_config.o(.text.SYSCFG_DL_GPIO_init)
    __arm_cp.2_8                             0x00004bd0   Number         4  ti_msp_dl_config.o(.text.SYSCFG_DL_GPIO_init)
    __arm_cp.2_9                             0x00004bd4   Number         4  ti_msp_dl_config.o(.text.SYSCFG_DL_GPIO_init)
    __arm_cp.2_10                            0x00004bd8   Number         4  ti_msp_dl_config.o(.text.SYSCFG_DL_GPIO_init)
    __arm_cp.2_11                            0x00004bdc   Number         4  ti_msp_dl_config.o(.text.SYSCFG_DL_GPIO_init)
    [Anonymous Symbol]                       0x00004be0   Section        0  ti_msp_dl_config.o(.text.SYSCFG_DL_SPI_LCD_init)
    __arm_cp.5_0                             0x00004c18   Number         4  ti_msp_dl_config.o(.text.SYSCFG_DL_SPI_LCD_init)
    __arm_cp.5_1                             0x00004c1c   Number         4  ti_msp_dl_config.o(.text.SYSCFG_DL_SPI_LCD_init)
    __arm_cp.5_2                             0x00004c20   Number         4  ti_msp_dl_config.o(.text.SYSCFG_DL_SPI_LCD_init)
    __arm_cp.5_3                             0x00004c24   Number         4  ti_msp_dl_config.o(.text.SYSCFG_DL_SPI_LCD_init)
    __arm_cp.5_4                             0x00004c28   Number         4  ti_msp_dl_config.o(.text.SYSCFG_DL_SPI_LCD_init)
    [Anonymous Symbol]                       0x00004c2c   Section        0  ti_msp_dl_config.o(.text.SYSCFG_DL_SYSCTL_init)
    __arm_cp.3_0                             0x00004c8c   Number         4  ti_msp_dl_config.o(.text.SYSCFG_DL_SYSCTL_init)
    __arm_cp.3_1                             0x00004c90   Number         4  ti_msp_dl_config.o(.text.SYSCFG_DL_SYSCTL_init)
    __arm_cp.3_2                             0x00004c94   Number         4  ti_msp_dl_config.o(.text.SYSCFG_DL_SYSCTL_init)
    [Anonymous Symbol]                       0x00004c98   Section        0  ti_msp_dl_config.o(.text.SYSCFG_DL_SYSTICK_init)
    __arm_cp.8_0                             0x00004cb0   Number         4  ti_msp_dl_config.o(.text.SYSCFG_DL_SYSTICK_init)
    [Anonymous Symbol]                       0x00004cb4   Section        0  ti_msp_dl_config.o(.text.SYSCFG_DL_UART_0_init)
    __arm_cp.4_0                             0x00004d08   Number         4  ti_msp_dl_config.o(.text.SYSCFG_DL_UART_0_init)
    __arm_cp.4_1                             0x00004d0c   Number         4  ti_msp_dl_config.o(.text.SYSCFG_DL_UART_0_init)
    __arm_cp.4_2                             0x00004d10   Number         4  ti_msp_dl_config.o(.text.SYSCFG_DL_UART_0_init)
    __arm_cp.4_3                             0x00004d14   Number         4  ti_msp_dl_config.o(.text.SYSCFG_DL_UART_0_init)
    __arm_cp.4_4                             0x00004d18   Number         4  ti_msp_dl_config.o(.text.SYSCFG_DL_UART_0_init)
    __arm_cp.4_5                             0x00004d1c   Number         4  ti_msp_dl_config.o(.text.SYSCFG_DL_UART_0_init)
    [Anonymous Symbol]                       0x00004d20   Section        0  ti_msp_dl_config.o(.text.SYSCFG_DL_init)
    __arm_cp.0_0                             0x00004d4c   Number         4  ti_msp_dl_config.o(.text.SYSCFG_DL_init)
    [Anonymous Symbol]                       0x00004d50   Section        0  ti_msp_dl_config.o(.text.SYSCFG_DL_initPower)
    __arm_cp.1_0                             0x00004d7c   Number         4  ti_msp_dl_config.o(.text.SYSCFG_DL_initPower)
    __arm_cp.1_1                             0x00004d80   Number         4  ti_msp_dl_config.o(.text.SYSCFG_DL_initPower)
    __arm_cp.1_2                             0x00004d84   Number         4  ti_msp_dl_config.o(.text.SYSCFG_DL_initPower)
    __arm_cp.1_3                             0x00004d88   Number         4  ti_msp_dl_config.o(.text.SYSCFG_DL_initPower)
    __arm_cp.1_4                             0x00004d8c   Number         4  ti_msp_dl_config.o(.text.SYSCFG_DL_initPower)
    __arm_cp.1_5                             0x00004d90   Number         4  ti_msp_dl_config.o(.text.SYSCFG_DL_initPower)
    __arm_cp.1_6                             0x00004d94   Number         4  ti_msp_dl_config.o(.text.SYSCFG_DL_initPower)
    [Anonymous Symbol]                       0x00004d98   Section        0  board.o(.text.UART0_IRQHandler)
    __arm_cp.10_0                            0x00004de4   Number         4  board.o(.text.UART0_IRQHandler)
    __arm_cp.10_2                            0x00004de8   Number         4  board.o(.text.UART0_IRQHandler)
    __arm_cp.10_3                            0x00004dec   Number         4  board.o(.text.UART0_IRQHandler)
    __arm_cp.10_4                            0x00004df0   Number         4  board.o(.text.UART0_IRQHandler)
    [Anonymous Symbol]                       0x00004df4   Section        0  board.o(.text._sys_exit)
    [Anonymous Symbol]                       0x00004df8   Section        0  board.o(.text.board_init)
    __arm_cp.0_0                             0x00004e14   Number         4  board.o(.text.board_init)
    __arm_cp.0_1                             0x00004e18   Number         4  board.o(.text.board_init)
    [Anonymous Symbol]                       0x00004e3c   Section        0  board.o(.text.delay_ms)
    [Anonymous Symbol]                       0x00004e80   Section        0  board.o(.text.delay_us)
    __arm_cp.2_0                             0x00004ec0   Number         4  board.o(.text.delay_us)
    [Anonymous Symbol]                       0x00004ec4   Section        0  draw.o(.text.draw_axis)
    [Anonymous Symbol]                       0x00004f76   Section        0  draw.o(.text.draw_axis1)
    [Anonymous Symbol]                       0x00004fc0   Section        0  draw.o(.text.draw_menu)
    __arm_cp.0_2                             0x00005018   Number         4  draw.o(.text.draw_menu)
    __arm_cp.0_3                             0x0000501c   Number         4  draw.o(.text.draw_menu)
    [Anonymous Symbol]                       0x00005020   Section        0  draw.o(.text.draw_wave)
    __arm_cp.4_0                             0x0000507c   Number         4  draw.o(.text.draw_wave)
    __arm_cp.4_1                             0x00005080   Number         4  draw.o(.text.draw_wave)
    __arm_cp.4_2                             0x00005084   Number         4  draw.o(.text.draw_wave)
    [Anonymous Symbol]                       0x00005088   Section        0  board.o(.text.fputc)
    __arm_cp.9_0                             0x000050a8   Number         4  board.o(.text.fputc)
    [Anonymous Symbol]                       0x000050ac   Section        0  draw.o(.text.getWaveFreq)
    [Anonymous Symbol]                       0x000050f8   Section        0  key.o(.text.key_stop)
    __arm_cp.0_0                             0x00005174   Number         4  key.o(.text.key_stop)
    __arm_cp.0_1                             0x00005178   Number         4  key.o(.text.key_stop)
    [Anonymous Symbol]                       0x0000517c   Section        0  empty.o(.text.main)
    __arm_cp.0_0                             0x000051f0   Number         4  empty.o(.text.main)
    __arm_cp.0_1                             0x000051f4   Number         4  empty.o(.text.main)
    __arm_cp.0_2                             0x000051f8   Number         4  empty.o(.text.main)
    __arm_cp.0_3                             0x000051fc   Number         4  empty.o(.text.main)
    __arm_cp.0_4                             0x00005200   Number         4  empty.o(.text.main)
    __arm_cp.0_5                             0x00005204   Number         4  empty.o(.text.main)
    __arm_cp.0_6                             0x00005208   Number         4  empty.o(.text.main)
    __arm_cp.0_7                             0x0000520c   Number         4  empty.o(.text.main)
    __arm_cp.0_8                             0x00005210   Number         4  empty.o(.text.main)
    .text_divfast                            0x00005214   Section      502  aeabi_sdivfast.o(.text_divfast)
    i.__ARM_common_ll_muluu                  0x0000540a   Section        0  rred.o(i.__ARM_common_ll_muluu)
    i.__ARM_fpclassify                       0x0000543c   Section        0  fpclassify.o(i.__ARM_fpclassify)
    i.__ieee754_rem_pio2                     0x00005468   Section        0  rred.o(i.__ieee754_rem_pio2)
    i.__kernel_cos                           0x00005804   Section        0  cos_i.o(i.__kernel_cos)
    i.__kernel_poly                          0x000058f8   Section        0  poly.o(i.__kernel_poly)
    i.__kernel_sin                           0x000059a4   Section        0  sin_i.o(i.__kernel_sin)
    i.__mathlib_dbl_infnan                   0x00005a90   Section        0  dunder.o(i.__mathlib_dbl_infnan)
    i.__mathlib_dbl_invalid                  0x00005a9a   Section        0  dunder.o(i.__mathlib_dbl_invalid)
    i.__mathlib_dbl_underflow                0x00005aac   Section        0  dunder.o(i.__mathlib_dbl_underflow)
    i._dgr                                   0x00005ac0   Section        0  dcmp.o(i._dgr)
    i._fgr                                   0x00005ad6   Section        0  fcmp.o(i._fgr)
    i.sin                                    0x00005aec   Section        0  sin.o(i.sin)
    x$fpl$dgeqf                              0x00005b88   Section      100  dgef.o(x$fpl$dgeqf)
    x$fpl$fadd                               0x00005bec   Section      140  faddsub.o(x$fpl$fadd)
    _fadd1                                   0x00005bf9   Thumb Code     0  faddsub.o(x$fpl$fadd)
    x$fpl$fgeqf                              0x00005c78   Section       84  fgef.o(x$fpl$fgeqf)
    x$fpl$fmul                               0x00005ccc   Section      176  fmul.o(x$fpl$fmul)
    x$fpl$fsub                               0x00005d7c   Section      208  faddsub.o(x$fpl$fsub)
    _fsub1                                   0x00005d89   Thumb Code     0  faddsub.o(x$fpl$fsub)
    ddiv_reciptbl                            0x00005e4c   Data         128  ddiv.o(.constdata)
    .constdata                               0x00005e4c   Section      128  ddiv.o(.constdata)
    x$fpl$usenofp                            0x00005e4c   Section        0  usenofp.o(x$fpl$usenofp)
    fdiv_tab                                 0x00005ecc   Data          64  fdiv.o(.constdata)
    .constdata                               0x00005ecc   Section       64  fdiv.o(.constdata)
    C                                        0x00005f10   Data          48  cos_i.o(.constdata)
    .constdata                               0x00005f10   Section       48  cos_i.o(.constdata)
    pio2s                                    0x00005f40   Data          48  rred.o(.constdata)
    .constdata                               0x00005f40   Section      204  rred.o(.constdata)
    twooverpi                                0x00005f70   Data         156  rred.o(.constdata)
    S                                        0x00006010   Data          40  sin_i.o(.constdata)
    .constdata                               0x00006010   Section       40  sin_i.o(.constdata)
    gADC_VOLTAGEClockConfig                  0x00007a20   Data           8  ti_msp_dl_config.o(.rodata.gADC_VOLTAGEClockConfig)
    [Anonymous Symbol]                       0x00007a20   Section        0  ti_msp_dl_config.o(.rodata.gADC_VOLTAGEClockConfig)
    gDMA_CH0Config                           0x00007a28   Data          24  ti_msp_dl_config.o(.rodata.gDMA_CH0Config)
    [Anonymous Symbol]                       0x00007a28   Section        0  ti_msp_dl_config.o(.rodata.gDMA_CH0Config)
    gSPI_LCD_clockConfig                     0x00007a40   Data           2  ti_msp_dl_config.o(.rodata.gSPI_LCD_clockConfig)
    [Anonymous Symbol]                       0x00007a40   Section        0  ti_msp_dl_config.o(.rodata.gSPI_LCD_clockConfig)
    gSPI_LCD_config                          0x00007a42   Data          10  ti_msp_dl_config.o(.rodata.gSPI_LCD_config)
    [Anonymous Symbol]                       0x00007a42   Section        0  ti_msp_dl_config.o(.rodata.gSPI_LCD_config)
    gSYSPLLConfig                            0x00007a4c   Data          40  ti_msp_dl_config.o(.rodata.gSYSPLLConfig)
    [Anonymous Symbol]                       0x00007a4c   Section        0  ti_msp_dl_config.o(.rodata.gSYSPLLConfig)
    gUART_0ClockConfig                       0x00007a74   Data           2  ti_msp_dl_config.o(.rodata.gUART_0ClockConfig)
    [Anonymous Symbol]                       0x00007a74   Section        0  ti_msp_dl_config.o(.rodata.gUART_0ClockConfig)
    gUART_0Config                            0x00007a76   Data          10  ti_msp_dl_config.o(.rodata.gUART_0Config)
    [Anonymous Symbol]                       0x00007a76   Section        0  ti_msp_dl_config.o(.rodata.gUART_0Config)
    .bss                                     0x20200050   Section       96  libspace.o(.bss)
    Heap_Mem                                 0x20201e50   Data           0  startup_mspm0g350x_uvision.o(HEAP)
    Stack_Mem                                0x20201e50   Data         256  startup_mspm0g350x_uvision.o(STACK)
    HEAP                                     0x20201e50   Section        0  startup_mspm0g350x_uvision.o(HEAP)
    STACK                                    0x20201e50   Section      256  startup_mspm0g350x_uvision.o(STACK)
    __initial_sp                             0x20201f50   Data           0  startup_mspm0g350x_uvision.o(STACK)

    Global Symbols

    Symbol Name                              Value     Ov Type        Size  Object(Section)

    BuildAttributes$$THM_ISAv3M$S$PE$A:L22$X:L11$S22$IEEE1$IW$~IW$USESV6$~STKCKD$USESV7$~SHL$OTIME$ROPI$IEEEX$EBA8$UX$STANDARDLIB$REQ8$PRES8$EABIv2 0x00000000   Number         0  anon$$obj.o ABSOLUTE
    __Vectors                                0x00000000   Data           4  startup_mspm0g350x_uvision.o(RESET)
    __ARM_exceptions_init                     - Undefined Weak Reference
    __alloca_initialize                       - Undefined Weak Reference
    __arm_preinit_                            - Undefined Weak Reference
    __arm_relocate_pie_                       - Undefined Weak Reference
    __cpp_initialize__aeabi_                  - Undefined Weak Reference
    __cxa_finalize                            - Undefined Weak Reference
    __rt_locale                               - Undefined Weak Reference
    __sigvec_lookup                           - Undefined Weak Reference
    _atexit_init                              - Undefined Weak Reference
    _call_atexit_fns                          - Undefined Weak Reference
    _clock_init                               - Undefined Weak Reference
    _fp_trap_init                             - Undefined Weak Reference
    _fp_trap_shutdown                         - Undefined Weak Reference
    _get_lc_collate                           - Undefined Weak Reference
    _get_lc_ctype                             - Undefined Weak Reference
    _get_lc_monetary                          - Undefined Weak Reference
    _get_lc_numeric                           - Undefined Weak Reference
    _get_lc_time                              - Undefined Weak Reference
    _getenv_init                              - Undefined Weak Reference
    _handle_redirection                       - Undefined Weak Reference
    _init_alloc                               - Undefined Weak Reference
    _init_user_alloc                          - Undefined Weak Reference
    _initio                                   - Undefined Weak Reference
    _rand_init                                - Undefined Weak Reference
    _signal_finish                            - Undefined Weak Reference
    _signal_init                              - Undefined Weak Reference
    _terminate_alloc                          - Undefined Weak Reference
    _terminate_user_alloc                     - Undefined Weak Reference
    _terminateio                              - Undefined Weak Reference
    __Vectors_End                            0x000000c0   Data           0  startup_mspm0g350x_uvision.o(RESET)
    __Vectors_Size                           0x000000c0   Number         0  startup_mspm0g350x_uvision.o ABSOLUTE
    __main                                   0x000000c1   Thumb Code     8  __main.o(!!!main)
    __scatterload                            0x000000c9   Thumb Code     0  __scatter.o(!!!scatter)
    __scatterload_rt2                        0x000000c9   Thumb Code    74  __scatter.o(!!!scatter)
    __scatterload_rt2_thumb_only             0x000000c9   Thumb Code     0  __scatter.o(!!!scatter)
    __scatterload_loop                       0x000000d3   Thumb Code     0  __scatter.o(!!!scatter)
    __scatterload_copy                       0x00000121   Thumb Code    26  __scatter_copy.o(!!handler_copy)
    __scatterload_null                       0x00000141   Thumb Code     2  __scatter.o(!!handler_null)
    __scatterload_zeroinit                   0x00000149   Thumb Code    28  __scatter_zi.o(!!handler_zi)
    __rt_lib_init                            0x00000165   Thumb Code     0  libinit.o(.ARM.Collect$$libinit$$00000000)
    __rt_lib_init_alloca_1                   0x00000167   Thumb Code     0  libinit2.o(.ARM.Collect$$libinit$$00000030)
    __rt_lib_init_argv_1                     0x00000167   Thumb Code     0  libinit2.o(.ARM.Collect$$libinit$$0000002E)
    __rt_lib_init_atexit_1                   0x00000167   Thumb Code     0  libinit2.o(.ARM.Collect$$libinit$$0000001D)
    __rt_lib_init_clock_1                    0x00000167   Thumb Code     0  libinit2.o(.ARM.Collect$$libinit$$00000023)
    __rt_lib_init_cpp_1                      0x00000167   Thumb Code     0  libinit2.o(.ARM.Collect$$libinit$$00000034)
    __rt_lib_init_exceptions_1               0x00000167   Thumb Code     0  libinit2.o(.ARM.Collect$$libinit$$00000032)
    __rt_lib_init_fp_1                       0x00000167   Thumb Code     0  libinit2.o(.ARM.Collect$$libinit$$00000002)
    __rt_lib_init_fp_trap_1                  0x00000167   Thumb Code     0  libinit2.o(.ARM.Collect$$libinit$$00000021)
    __rt_lib_init_getenv_1                   0x00000167   Thumb Code     0  libinit2.o(.ARM.Collect$$libinit$$00000025)
    __rt_lib_init_heap_1                     0x00000167   Thumb Code     0  libinit2.o(.ARM.Collect$$libinit$$0000000C)
    __rt_lib_init_lc_collate_1               0x00000167   Thumb Code     0  libinit2.o(.ARM.Collect$$libinit$$00000013)
    __rt_lib_init_lc_ctype_1                 0x00000167   Thumb Code     0  libinit2.o(.ARM.Collect$$libinit$$00000015)
    __rt_lib_init_lc_monetary_1              0x00000167   Thumb Code     0  libinit2.o(.ARM.Collect$$libinit$$00000017)
    __rt_lib_init_lc_numeric_1               0x00000167   Thumb Code     0  libinit2.o(.ARM.Collect$$libinit$$00000019)
    __rt_lib_init_lc_time_1                  0x00000167   Thumb Code     0  libinit2.o(.ARM.Collect$$libinit$$0000001B)
    __rt_lib_init_preinit_1                  0x00000167   Thumb Code     0  libinit2.o(.ARM.Collect$$libinit$$00000006)
    __rt_lib_init_rand_1                     0x00000167   Thumb Code     0  libinit2.o(.ARM.Collect$$libinit$$00000010)
    __rt_lib_init_relocate_pie_1             0x00000167   Thumb Code     0  libinit2.o(.ARM.Collect$$libinit$$00000004)
    __rt_lib_init_return                     0x00000167   Thumb Code     0  libinit2.o(.ARM.Collect$$libinit$$00000035)
    __rt_lib_init_signal_1                   0x00000167   Thumb Code     0  libinit2.o(.ARM.Collect$$libinit$$0000001F)
    __rt_lib_init_stdio_1                    0x00000167   Thumb Code     0  libinit2.o(.ARM.Collect$$libinit$$00000027)
    __rt_lib_init_user_alloc_1               0x00000167   Thumb Code     0  libinit2.o(.ARM.Collect$$libinit$$0000000E)
    __rt_lib_shutdown                        0x00000169   Thumb Code     0  libshutdown.o(.ARM.Collect$$libshutdown$$00000000)
    __rt_lib_shutdown_cpp_1                  0x0000016b   Thumb Code     0  libshutdown2.o(.ARM.Collect$$libshutdown$$00000002)
    __rt_lib_shutdown_fp_trap_1              0x0000016b   Thumb Code     0  libshutdown2.o(.ARM.Collect$$libshutdown$$00000007)
    __rt_lib_shutdown_heap_1                 0x0000016b   Thumb Code     0  libshutdown2.o(.ARM.Collect$$libshutdown$$0000000F)
    __rt_lib_shutdown_return                 0x0000016b   Thumb Code     0  libshutdown2.o(.ARM.Collect$$libshutdown$$00000010)
    __rt_lib_shutdown_signal_1               0x0000016b   Thumb Code     0  libshutdown2.o(.ARM.Collect$$libshutdown$$0000000A)
    __rt_lib_shutdown_stdio_1                0x0000016b   Thumb Code     0  libshutdown2.o(.ARM.Collect$$libshutdown$$00000004)
    __rt_lib_shutdown_user_alloc_1           0x0000016b   Thumb Code     0  libshutdown2.o(.ARM.Collect$$libshutdown$$0000000C)
    __rt_entry                               0x0000016d   Thumb Code     0  __rtentry.o(.ARM.Collect$$rtentry$$00000000)
    __rt_entry_presh_1                       0x0000016d   Thumb Code     0  __rtentry2.o(.ARM.Collect$$rtentry$$00000002)
    __rt_entry_sh                            0x0000016d   Thumb Code     0  __rtentry4.o(.ARM.Collect$$rtentry$$00000004)
    __rt_entry_li                            0x00000173   Thumb Code     0  __rtentry2.o(.ARM.Collect$$rtentry$$0000000A)
    __rt_entry_postsh_1                      0x00000173   Thumb Code     0  __rtentry2.o(.ARM.Collect$$rtentry$$00000009)
    __rt_entry_main                          0x00000177   Thumb Code     0  __rtentry2.o(.ARM.Collect$$rtentry$$0000000D)
    __rt_entry_postli_1                      0x00000177   Thumb Code     0  __rtentry2.o(.ARM.Collect$$rtentry$$0000000C)
    __rt_exit                                0x0000017f   Thumb Code     0  rtexit.o(.ARM.Collect$$rtexit$$00000000)
    __rt_exit_ls                             0x00000181   Thumb Code     0  rtexit2.o(.ARM.Collect$$rtexit$$00000003)
    __rt_exit_prels_1                        0x00000181   Thumb Code     0  rtexit2.o(.ARM.Collect$$rtexit$$00000002)
    __rt_exit_exit                           0x00000185   Thumb Code     0  rtexit2.o(.ARM.Collect$$rtexit$$00000004)
    Reset_Handler                            0x0000018d   Thumb Code     4  startup_mspm0g350x_uvision.o(.text)
    NMI_Handler                              0x00000191   Thumb Code     2  startup_mspm0g350x_uvision.o(.text)
    HardFault_Handler                        0x00000193   Thumb Code     2  startup_mspm0g350x_uvision.o(.text)
    SVC_Handler                              0x00000195   Thumb Code     2  startup_mspm0g350x_uvision.o(.text)
    PendSV_Handler                           0x00000197   Thumb Code     2  startup_mspm0g350x_uvision.o(.text)
    SysTick_Handler                          0x00000199   Thumb Code     2  startup_mspm0g350x_uvision.o(.text)
    ADC0_IRQHandler                          0x0000019b   Thumb Code     0  startup_mspm0g350x_uvision.o(.text)
    ADC1_IRQHandler                          0x0000019b   Thumb Code     0  startup_mspm0g350x_uvision.o(.text)
    AES_IRQHandler                           0x0000019b   Thumb Code     0  startup_mspm0g350x_uvision.o(.text)
    CANFD0_IRQHandler                        0x0000019b   Thumb Code     0  startup_mspm0g350x_uvision.o(.text)
    DAC0_IRQHandler                          0x0000019b   Thumb Code     0  startup_mspm0g350x_uvision.o(.text)
    DMA_IRQHandler                           0x0000019b   Thumb Code     0  startup_mspm0g350x_uvision.o(.text)
    Default_Handler                          0x0000019b   Thumb Code     2  startup_mspm0g350x_uvision.o(.text)
    GROUP0_IRQHandler                        0x0000019b   Thumb Code     0  startup_mspm0g350x_uvision.o(.text)
    I2C0_IRQHandler                          0x0000019b   Thumb Code     0  startup_mspm0g350x_uvision.o(.text)
    I2C1_IRQHandler                          0x0000019b   Thumb Code     0  startup_mspm0g350x_uvision.o(.text)
    RTC_IRQHandler                           0x0000019b   Thumb Code     0  startup_mspm0g350x_uvision.o(.text)
    SPI0_IRQHandler                          0x0000019b   Thumb Code     0  startup_mspm0g350x_uvision.o(.text)
    SPI1_IRQHandler                          0x0000019b   Thumb Code     0  startup_mspm0g350x_uvision.o(.text)
    TIMA0_IRQHandler                         0x0000019b   Thumb Code     0  startup_mspm0g350x_uvision.o(.text)
    TIMA1_IRQHandler                         0x0000019b   Thumb Code     0  startup_mspm0g350x_uvision.o(.text)
    TIMG0_IRQHandler                         0x0000019b   Thumb Code     0  startup_mspm0g350x_uvision.o(.text)
    TIMG12_IRQHandler                        0x0000019b   Thumb Code     0  startup_mspm0g350x_uvision.o(.text)
    TIMG6_IRQHandler                         0x0000019b   Thumb Code     0  startup_mspm0g350x_uvision.o(.text)
    TIMG7_IRQHandler                         0x0000019b   Thumb Code     0  startup_mspm0g350x_uvision.o(.text)
    TIMG8_IRQHandler                         0x0000019b   Thumb Code     0  startup_mspm0g350x_uvision.o(.text)
    UART1_IRQHandler                         0x0000019b   Thumb Code     0  startup_mspm0g350x_uvision.o(.text)
    UART2_IRQHandler                         0x0000019b   Thumb Code     0  startup_mspm0g350x_uvision.o(.text)
    UART3_IRQHandler                         0x0000019b   Thumb Code     0  startup_mspm0g350x_uvision.o(.text)
    __user_initial_stackheap                 0x0000019d   Thumb Code    10  startup_mspm0g350x_uvision.o(.text)
    puts                                     0x000001b9   Thumb Code    38  puts.o(.text)
    __aeabi_uidivmod                         0x000001e5   Thumb Code    28  aeabi_sdivfast.o(.text)
    __aeabi_idivmod                          0x00000201   Thumb Code   472  aeabi_sdivfast.o(.text)
    __use_two_region_memory                  0x000003dd   Thumb Code     2  heapauxi.o(.text)
    __rt_heap_escrow$2region                 0x000003df   Thumb Code     2  heapauxi.o(.text)
    __rt_heap_expand$2region                 0x000003e1   Thumb Code     2  heapauxi.o(.text)
    __aeabi_d2f                              0x000003e5   Thumb Code     0  d2f.o(.text)
    _d2f                                     0x000003e5   Thumb Code   120  d2f.o(.text)
    __aeabi_dadd                             0x00000759   Thumb Code     0  daddsub.o(.text)
    _dadd                                    0x00000759   Thumb Code    26  daddsub.o(.text)
    __aeabi_dsub                             0x00000773   Thumb Code     0  daddsub.o(.text)
    _dsub                                    0x00000773   Thumb Code    22  daddsub.o(.text)
    __aeabi_drsub                            0x00000789   Thumb Code     0  daddsub.o(.text)
    _drsb                                    0x00000789   Thumb Code    28  daddsub.o(.text)
    __aeabi_ddiv                             0x000007b9   Thumb Code     0  ddiv.o(.text)
    _ddiv                                    0x000007b9   Thumb Code  1072  ddiv.o(.text)
    _drdiv                                   0x00000be9   Thumb Code    20  ddiv.o(.text)
    __aeabi_d2iz                             0x00000c01   Thumb Code     0  dfixi.o(.text)
    _dfix                                    0x00000c01   Thumb Code    98  dfixi.o(.text)
    __aeabi_i2d_normalise                    0x00000c6d   Thumb Code    66  dflti.o(.text)
    __aeabi_i2d                              0x00000caf   Thumb Code    16  dflti.o(.text)
    _dflt                                    0x00000caf   Thumb Code     0  dflti.o(.text)
    __aeabi_ui2d                             0x00000cbf   Thumb Code     6  dflti.o(.text)
    _dfltu                                   0x00000cbf   Thumb Code     0  dflti.o(.text)
    __aeabi_dmul                             0x00000cc5   Thumb Code     0  dmul.o(.text)
    _dmul                                    0x00000cc5   Thumb Code   558  dmul.o(.text)
    __aeabi_f2d                              0x00000f0d   Thumb Code     0  f2d.o(.text)
    _f2d                                     0x00000f0d   Thumb Code    80  f2d.o(.text)
    __aeabi_fdiv                             0x00000f61   Thumb Code     0  fdiv.o(.text)
    _fdiv                                    0x00000f61   Thumb Code   334  fdiv.o(.text)
    _frdiv                                   0x000010af   Thumb Code     8  fdiv.o(.text)
    __aeabi_f2iz                             0x000010c1   Thumb Code     0  ffixi.o(.text)
    _ffix                                    0x000010c1   Thumb Code    76  ffixi.o(.text)
    __aeabi_i2f_normalise                    0x0000110d   Thumb Code    72  fflti.o(.text)
    __aeabi_i2f                              0x00001155   Thumb Code    16  fflti.o(.text)
    _fflt                                    0x00001155   Thumb Code     0  fflti.o(.text)
    __aeabi_ui2f                             0x00001165   Thumb Code     6  fflti.o(.text)
    _ffltu                                   0x00001165   Thumb Code     0  fflti.o(.text)
    __read_errno                             0x0000116b   Thumb Code    10  _rserrno.o(.text)
    __set_errno                              0x00001175   Thumb Code    12  _rserrno.o(.text)
    __aeabi_errno_addr                       0x00001181   Thumb Code     8  rt_errno_addr_intlibspace.o(.text)
    __errno$intlibspace                      0x00001181   Thumb Code     0  rt_errno_addr_intlibspace.o(.text)
    __rt_errno_addr$intlibspace              0x00001181   Thumb Code     0  rt_errno_addr_intlibspace.o(.text)
    __fpl_dcmp_InfNaN                        0x00001189   Thumb Code   154  dcmpin.o(.text)
    __ARM_scalbn                             0x00001229   Thumb Code    84  dscalbn.o(.text)
    __fpl_fcmp_InfNaN                        0x00001289   Thumb Code    96  fcmpin.o(.text)
    __user_libspace                          0x000012ed   Thumb Code     8  libspace.o(.text)
    __user_perproc_libspace                  0x000012ed   Thumb Code     0  libspace.o(.text)
    __user_perthread_libspace                0x000012ed   Thumb Code     0  libspace.o(.text)
    __user_setup_stackheap                   0x000012f5   Thumb Code    62  sys_stackheap_outer.o(.text)
    exit                                     0x00001333   Thumb Code    16  exit.o(.text)
    __fpl_cmpreturn                          0x00001343   Thumb Code    46  cmpret.o(.text)
    __fpl_dcheck_NaN2                        0x00001371   Thumb Code    14  dnan2.o(.text)
    __fpl_fcheck_NaN2                        0x00001385   Thumb Code    10  fnan2.o(.text)
    __fpl_return_NaN                         0x00001395   Thumb Code    94  retnan.o(.text)
    AD9833_AmpSet                            0x000013f5   Thumb Code   180  ad9833.o(.text.AD9833_AmpSet)
    AD9833_WaveSeting                        0x000014a9   Thumb Code  2232  ad9833.o(.text.AD9833_WaveSeting)
    DL_ADC12_setClockConfig                  0x00001d61   Thumb Code    56  dl_adc12.o(.text.DL_ADC12_setClockConfig)
    DL_Common_delayCycles                    0x00001da1   Thumb Code    10  dl_common.o(.text.DL_Common_delayCycles)
    DL_DMA_initChannel                       0x00001dad   Thumb Code    64  dl_dma.o(.text.DL_DMA_initChannel)
    DL_SPI_init                              0x00001df1   Thumb Code    60  dl_spi.o(.text.DL_SPI_init)
    DL_SPI_setClockConfig                    0x00001e35   Thumb Code    18  dl_spi.o(.text.DL_SPI_setClockConfig)
    DL_SYSCTL_configSYSPLL                   0x00001e49   Thumb Code   220  dl_sysctl_mspm0g1x0x_g3x0x.o(.text.DL_SYSCTL_configSYSPLL)
    DL_SYSCTL_setHFCLKSourceHFXTParams       0x00001f35   Thumb Code   100  dl_sysctl_mspm0g1x0x_g3x0x.o(.text.DL_SYSCTL_setHFCLKSourceHFXTParams)
    DL_SYSCTL_switchMCLKfromSYSOSCtoHSCLK    0x00001f9d   Thumb Code    72  dl_sysctl_mspm0g1x0x_g3x0x.o(.text.DL_SYSCTL_switchMCLKfromSYSOSCtoHSCLK)
    DL_UART_init                             0x00001fed   Thumb Code    64  dl_uart.o(.text.DL_UART_init)
    DL_UART_setClockConfig                   0x00002035   Thumb Code    18  dl_uart.o(.text.DL_UART_setClockConfig)
    DSO                                      0x00002049   Thumb Code   840  empty.o(.text.DSO)
    Encoder0_Get                             0x000023c5   Thumb Code    12  encoder.o(.text.Encoder0_Get)
    Encoder1_Get                             0x000023d5   Thumb Code    12  encoder.o(.text.Encoder1_Get)
    Encoder_Get                              0x000023e5   Thumb Code    12  encoder.o(.text.Encoder_Get)
    GROUP1_IRQHandler                        0x000023f5   Thumb Code   216  encoder.o(.text.GROUP1_IRQHandler)
    Get_Triggervoltage                       0x000024f5   Thumb Code   160  draw.o(.text.Get_Triggervoltage)
    OLED_Clear                               0x0000259d   Thumb Code  1996  oled.o(.text.OLED_Clear)
    OLED_DrawLine                            0x00002d75   Thumb Code   204  oled.o(.text.OLED_DrawLine)
    OLED_DrawPoint                           0x00002e41   Thumb Code    36  oled.o(.text.OLED_DrawPoint)
    OLED_DrawSin                             0x00002e69   Thumb Code   124  draw.o(.text.OLED_DrawSin)
    OLED_DrawXLine                           0x00002efd   Thumb Code   196  oled.o(.text.OLED_DrawXLine)
    OLED_GClear                              0x00002fc5   Thumb Code  1616  oled.o(.text.OLED_GClear)
    OLED_GClear_area                         0x00003615   Thumb Code  1216  oled.o(.text.OLED_GClear_area)
    OLED_Init                                0x00003ad5   Thumb Code  1048  oled.o(.text.OLED_Init)
    OLED_Refresh                             0x00003ef1   Thumb Code   372  oled.o(.text.OLED_Refresh)
    OLED_ShowChar                            0x0000406d   Thumb Code   596  oled.o(.text.OLED_ShowChar)
    OLED_ShowFNum                            0x000042d5   Thumb Code   912  oled.o(.text.OLED_ShowFNum)
    OLED_ShowNum                             0x00004671   Thumb Code   184  oled.o(.text.OLED_ShowNum)
    OLED_ShowString                          0x0000472d   Thumb Code    80  oled.o(.text.OLED_ShowString)
    SG                                       0x0000477d   Thumb Code   760  empty.o(.text.SG)
    SYSCFG_DL_ADC_VOLTAGE_init               0x00004aa5   Thumb Code    80  ti_msp_dl_config.o(.text.SYSCFG_DL_ADC_VOLTAGE_init)
    SYSCFG_DL_DMA_CH0_init                   0x00004b0d   Thumb Code    24  ti_msp_dl_config.o(.text.SYSCFG_DL_DMA_CH0_init)
    SYSCFG_DL_DMA_init                       0x00004b31   Thumb Code     8  ti_msp_dl_config.o(.text.SYSCFG_DL_DMA_init)
    SYSCFG_DL_GPIO_init                      0x00004b39   Thumb Code   120  ti_msp_dl_config.o(.text.SYSCFG_DL_GPIO_init)
    SYSCFG_DL_SPI_LCD_init                   0x00004be1   Thumb Code    56  ti_msp_dl_config.o(.text.SYSCFG_DL_SPI_LCD_init)
    SYSCFG_DL_SYSCTL_init                    0x00004c2d   Thumb Code    96  ti_msp_dl_config.o(.text.SYSCFG_DL_SYSCTL_init)
    SYSCFG_DL_SYSTICK_init                   0x00004c99   Thumb Code    24  ti_msp_dl_config.o(.text.SYSCFG_DL_SYSTICK_init)
    SYSCFG_DL_UART_0_init                    0x00004cb5   Thumb Code    84  ti_msp_dl_config.o(.text.SYSCFG_DL_UART_0_init)
    SYSCFG_DL_init                           0x00004d21   Thumb Code    44  ti_msp_dl_config.o(.text.SYSCFG_DL_init)
    SYSCFG_DL_initPower                      0x00004d51   Thumb Code    44  ti_msp_dl_config.o(.text.SYSCFG_DL_initPower)
    UART0_IRQHandler                         0x00004d99   Thumb Code    76  board.o(.text.UART0_IRQHandler)
    _sys_exit                                0x00004df5   Thumb Code     2  board.o(.text._sys_exit)
    board_init                               0x00004df9   Thumb Code    28  board.o(.text.board_init)
    delay_ms                                 0x00004e3d   Thumb Code    68  board.o(.text.delay_ms)
    delay_us                                 0x00004e81   Thumb Code    64  board.o(.text.delay_us)
    draw_axis                                0x00004ec5   Thumb Code   178  draw.o(.text.draw_axis)
    draw_axis1                               0x00004f77   Thumb Code    74  draw.o(.text.draw_axis1)
    draw_menu                                0x00004fc1   Thumb Code    88  draw.o(.text.draw_menu)
    draw_wave                                0x00005021   Thumb Code    92  draw.o(.text.draw_wave)
    fputc                                    0x00005089   Thumb Code    32  board.o(.text.fputc)
    getWaveFreq                              0x000050ad   Thumb Code    76  draw.o(.text.getWaveFreq)
    key_stop                                 0x000050f9   Thumb Code   124  key.o(.text.key_stop)
    main                                     0x0000517d   Thumb Code   116  empty.o(.text.main)
    __aeabi_uidiv                            0x00005215   Thumb Code    68  aeabi_sdivfast.o(.text_divfast)
    __aeabi_idiv                             0x00005259   Thumb Code   434  aeabi_sdivfast.o(.text_divfast)
    __ARM_common_ll_muluu                    0x0000540b   Thumb Code    50  rred.o(i.__ARM_common_ll_muluu)
    __ARM_fpclassify                         0x0000543d   Thumb Code    40  fpclassify.o(i.__ARM_fpclassify)
    __ieee754_rem_pio2                       0x00005469   Thumb Code   838  rred.o(i.__ieee754_rem_pio2)
    __kernel_cos                             0x00005805   Thumb Code   224  cos_i.o(i.__kernel_cos)
    __kernel_poly                            0x000058f9   Thumb Code   172  poly.o(i.__kernel_poly)
    __kernel_sin                             0x000059a5   Thumb Code   222  sin_i.o(i.__kernel_sin)
    __mathlib_dbl_infnan                     0x00005a91   Thumb Code    10  dunder.o(i.__mathlib_dbl_infnan)
    __mathlib_dbl_invalid                    0x00005a9b   Thumb Code    16  dunder.o(i.__mathlib_dbl_invalid)
    __mathlib_dbl_underflow                  0x00005aad   Thumb Code    14  dunder.o(i.__mathlib_dbl_underflow)
    __aeabi_dcmpgt                           0x00005ac1   Thumb Code     0  dcmp.o(i._dgr)
    _dgr                                     0x00005ac1   Thumb Code    22  dcmp.o(i._dgr)
    __aeabi_fcmpgt                           0x00005ad7   Thumb Code     0  fcmp.o(i._fgr)
    _fgr                                     0x00005ad7   Thumb Code    22  fcmp.o(i._fgr)
    sin                                      0x00005aed   Thumb Code   146  sin.o(i.sin)
    _dcmpge                                  0x00005b89   Thumb Code    94  dgef.o(x$fpl$dgeqf)
    __aeabi_fadd                             0x00005bed   Thumb Code     0  faddsub.o(x$fpl$fadd)
    _fadd                                    0x00005bed   Thumb Code   134  faddsub.o(x$fpl$fadd)
    _fcmpge                                  0x00005c79   Thumb Code    78  fgef.o(x$fpl$fgeqf)
    __aeabi_fmul                             0x00005ccd   Thumb Code     0  fmul.o(x$fpl$fmul)
    _fmul                                    0x00005ccd   Thumb Code   172  fmul.o(x$fpl$fmul)
    __aeabi_fsub                             0x00005d7d   Thumb Code     0  faddsub.o(x$fpl$fsub)
    _fsub                                    0x00005d7d   Thumb Code   204  faddsub.o(x$fpl$fsub)
    __I$use$fp                               0x00005e4c   Number         0  usenofp.o(x$fpl$usenofp)
    asc2_0806                                0x00006038   Data         552  oled.o(.rodata.asc2_0806)
    asc2_1206                                0x00006260   Data        1140  oled.o(.rodata.asc2_1206)
    asc2_1608                                0x000066d4   Data        1520  oled.o(.rodata.asc2_1608)
    asc2_2412                                0x00006cc4   Data        3420  oled.o(.rodata.asc2_2412)
    Region$$Table$$Base                      0x00007a80   Number         0  anon$$obj.o(Region$$Table)
    Region$$Table$$Limit                     0x00007aa0   Number         0  anon$$obj.o(Region$$Table)
    freq                                     0x20200000   Data           4  draw.o(.data.freq)
    str                                      0x20200004   Data           6  empty.o(.data.str)
    str1                                     0x2020000a   Data           3  draw.o(.data.str1)
    str2                                     0x2020000d   Data           3  draw.o(.data.str2)
    str_freq                                 0x20200010   Data           6  empty.o(.data.str_freq)
    str_menu1                                0x20200016   Data           9  draw.o(.data.str_menu1)
    str_menu2                                0x2020001f   Data           8  draw.o(.data.str_menu2)
    str_mode                                 0x20200027   Data           6  empty.o(.data.str_mode)
    str_tri                                  0x2020002d   Data           6  empty.o(.data.str_tri)
    stra                                     0x20200033   Data           5  empty.o(.data.stra)
    strf                                     0x20200038   Data           6  empty.o(.data.strf)
    strp                                     0x2020003e   Data           7  empty.o(.data.strp)
    strw                                     0x20200045   Data           6  empty.o(.data.strw)
    __libspace_start                         0x20200050   Data          96  libspace.o(.bss)
    ADC_VALUE                                0x202000b0   Data        5120  adc.o(.bss.ADC_VALUE)
    __temporary_stack_top$libspace           0x202000b0   Data           0  libspace.o(.bss)
    Encoder_Count                            0x202014b0   Data           4  encoder.o(.bss.Encoder_Count)
    Encoder_Count0                           0x202014b4   Data           4  encoder.o(.bss.Encoder_Count0)
    Encoder_Count1                           0x202014b8   Data           4  encoder.o(.bss.Encoder_Count1)
    Encoder_Count2                           0x202014bc   Data           4  encoder.o(.bss.Encoder_Count2)
    Encoder_Count3                           0x202014c0   Data           4  encoder.o(.bss.Encoder_Count3)
    FLAG                                     0x202014c4   Data           4  encoder.o(.bss.FLAG)
    OLED_GRAM                                0x202014c8   Data        1152  oled.o(.bss.OLED_GRAM)
    __stdout                                 0x20201948   Data          84  board.o(.bss.__stdout)
    adc_value                                0x2020199c   Data        1024  draw.o(.bss.adc_value)
    flag                                     0x20201d9c   Data           4  encoder.o(.bss.flag)
    gSPI_LCDBackup                           0x20201da0   Data          40  ti_msp_dl_config.o(.bss.gSPI_LCDBackup)
    isInDeadLoop                             0x20201dc8   Data           1  key.o(.bss.isInDeadLoop)
    recv0_buff                               0x20201dc9   Data         128  board.o(.bss.recv0_buff)
    recv0_flag                               0x20201e49   Data           1  board.o(.bss.recv0_flag)
    recv0_length                             0x20201e4a   Data           2  board.o(.bss.recv0_length)



==============================================================================

Memory Map of the image

  Image Entry point : 0x000000c1

  Load Region LR_IROM1 (Base: 0x00000000, Size: 0x00007af0, Max: 0x00020000, ABSOLUTE)

    Execution Region ER_IROM1 (Exec base: 0x00000000, Load base: 0x00000000, Size: 0x00007aa0, Max: 0x00020000, ABSOLUTE)

    Exec Addr    Load Addr    Size         Type   Attr      Idx    E Section Name        Object

    0x00000000   0x00000000   0x000000c0   Data   RO           30    RESET               startup_mspm0g350x_uvision.o
    0x000000c0   0x000000c0   0x00000008   Code   RO         1017  * !!!main             c_p.l(__main.o)
    0x000000c8   0x000000c8   0x00000054   Code   RO         1313    !!!scatter          c_p.l(__scatter.o)
    0x0000011c   0x0000011c   0x00000004   PAD
    0x00000120   0x00000120   0x0000001a   Code   RO         1317    !!handler_copy      c_p.l(__scatter_copy.o)
    0x0000013a   0x0000013a   0x00000006   PAD
    0x00000140   0x00000140   0x00000002   Code   RO         1314    !!handler_null      c_p.l(__scatter.o)
    0x00000142   0x00000142   0x00000006   PAD
    0x00000148   0x00000148   0x0000001c   Code   RO         1319    !!handler_zi        c_p.l(__scatter_zi.o)
    0x00000164   0x00000164   0x00000002   Code   RO         1173    .ARM.Collect$$libinit$$00000000  c_p.l(libinit.o)
    0x00000166   0x00000166   0x00000000   Code   RO         1190    .ARM.Collect$$libinit$$00000002  c_p.l(libinit2.o)
    0x00000166   0x00000166   0x00000000   Code   RO         1192    .ARM.Collect$$libinit$$00000004  c_p.l(libinit2.o)
    0x00000166   0x00000166   0x00000000   Code   RO         1194    .ARM.Collect$$libinit$$00000006  c_p.l(libinit2.o)
    0x00000166   0x00000166   0x00000000   Code   RO         1197    .ARM.Collect$$libinit$$0000000C  c_p.l(libinit2.o)
    0x00000166   0x00000166   0x00000000   Code   RO         1199    .ARM.Collect$$libinit$$0000000E  c_p.l(libinit2.o)
    0x00000166   0x00000166   0x00000000   Code   RO         1201    .ARM.Collect$$libinit$$00000010  c_p.l(libinit2.o)
    0x00000166   0x00000166   0x00000000   Code   RO         1204    .ARM.Collect$$libinit$$00000013  c_p.l(libinit2.o)
    0x00000166   0x00000166   0x00000000   Code   RO         1206    .ARM.Collect$$libinit$$00000015  c_p.l(libinit2.o)
    0x00000166   0x00000166   0x00000000   Code   RO         1208    .ARM.Collect$$libinit$$00000017  c_p.l(libinit2.o)
    0x00000166   0x00000166   0x00000000   Code   RO         1210    .ARM.Collect$$libinit$$00000019  c_p.l(libinit2.o)
    0x00000166   0x00000166   0x00000000   Code   RO         1212    .ARM.Collect$$libinit$$0000001B  c_p.l(libinit2.o)
    0x00000166   0x00000166   0x00000000   Code   RO         1214    .ARM.Collect$$libinit$$0000001D  c_p.l(libinit2.o)
    0x00000166   0x00000166   0x00000000   Code   RO         1216    .ARM.Collect$$libinit$$0000001F  c_p.l(libinit2.o)
    0x00000166   0x00000166   0x00000000   Code   RO         1218    .ARM.Collect$$libinit$$00000021  c_p.l(libinit2.o)
    0x00000166   0x00000166   0x00000000   Code   RO         1220    .ARM.Collect$$libinit$$00000023  c_p.l(libinit2.o)
    0x00000166   0x00000166   0x00000000   Code   RO         1222    .ARM.Collect$$libinit$$00000025  c_p.l(libinit2.o)
    0x00000166   0x00000166   0x00000000   Code   RO         1224    .ARM.Collect$$libinit$$00000027  c_p.l(libinit2.o)
    0x00000166   0x00000166   0x00000000   Code   RO         1228    .ARM.Collect$$libinit$$0000002E  c_p.l(libinit2.o)
    0x00000166   0x00000166   0x00000000   Code   RO         1230    .ARM.Collect$$libinit$$00000030  c_p.l(libinit2.o)
    0x00000166   0x00000166   0x00000000   Code   RO         1232    .ARM.Collect$$libinit$$00000032  c_p.l(libinit2.o)
    0x00000166   0x00000166   0x00000000   Code   RO         1234    .ARM.Collect$$libinit$$00000034  c_p.l(libinit2.o)
    0x00000166   0x00000166   0x00000002   Code   RO         1235    .ARM.Collect$$libinit$$00000035  c_p.l(libinit2.o)
    0x00000168   0x00000168   0x00000002   Code   RO         1265    .ARM.Collect$$libshutdown$$00000000  c_p.l(libshutdown.o)
    0x0000016a   0x0000016a   0x00000000   Code   RO         1296    .ARM.Collect$$libshutdown$$00000002  c_p.l(libshutdown2.o)
    0x0000016a   0x0000016a   0x00000000   Code   RO         1298    .ARM.Collect$$libshutdown$$00000004  c_p.l(libshutdown2.o)
    0x0000016a   0x0000016a   0x00000000   Code   RO         1301    .ARM.Collect$$libshutdown$$00000007  c_p.l(libshutdown2.o)
    0x0000016a   0x0000016a   0x00000000   Code   RO         1304    .ARM.Collect$$libshutdown$$0000000A  c_p.l(libshutdown2.o)
    0x0000016a   0x0000016a   0x00000000   Code   RO         1306    .ARM.Collect$$libshutdown$$0000000C  c_p.l(libshutdown2.o)
    0x0000016a   0x0000016a   0x00000000   Code   RO         1309    .ARM.Collect$$libshutdown$$0000000F  c_p.l(libshutdown2.o)
    0x0000016a   0x0000016a   0x00000002   Code   RO         1310    .ARM.Collect$$libshutdown$$00000010  c_p.l(libshutdown2.o)
    0x0000016c   0x0000016c   0x00000000   Code   RO         1077    .ARM.Collect$$rtentry$$00000000  c_p.l(__rtentry.o)
    0x0000016c   0x0000016c   0x00000000   Code   RO         1125    .ARM.Collect$$rtentry$$00000002  c_p.l(__rtentry2.o)
    0x0000016c   0x0000016c   0x00000006   Code   RO         1137    .ARM.Collect$$rtentry$$00000004  c_p.l(__rtentry4.o)
    0x00000172   0x00000172   0x00000000   Code   RO         1127    .ARM.Collect$$rtentry$$00000009  c_p.l(__rtentry2.o)
    0x00000172   0x00000172   0x00000004   Code   RO         1128    .ARM.Collect$$rtentry$$0000000A  c_p.l(__rtentry2.o)
    0x00000176   0x00000176   0x00000000   Code   RO         1130    .ARM.Collect$$rtentry$$0000000C  c_p.l(__rtentry2.o)
    0x00000176   0x00000176   0x00000008   Code   RO         1131    .ARM.Collect$$rtentry$$0000000D  c_p.l(__rtentry2.o)
    0x0000017e   0x0000017e   0x00000002   Code   RO         1181    .ARM.Collect$$rtexit$$00000000  c_p.l(rtexit.o)
    0x00000180   0x00000180   0x00000000   Code   RO         1239    .ARM.Collect$$rtexit$$00000002  c_p.l(rtexit2.o)
    0x00000180   0x00000180   0x00000004   Code   RO         1240    .ARM.Collect$$rtexit$$00000003  c_p.l(rtexit2.o)
    0x00000184   0x00000184   0x00000006   Code   RO         1241    .ARM.Collect$$rtexit$$00000004  c_p.l(rtexit2.o)
    0x0000018a   0x0000018a   0x00000002   PAD
    0x0000018c   0x0000018c   0x0000002c   Code   RO           31    .text               startup_mspm0g350x_uvision.o
    0x000001b8   0x000001b8   0x0000002c   Code   RO         1005    .text               c_p.l(puts.o)
    0x000001e4   0x000001e4   0x000001f8   Code   RO         1007    .text               c_p.l(aeabi_sdivfast.o)
    0x000003dc   0x000003dc   0x00000006   Code   RO         1015    .text               c_p.l(heapauxi.o)
    0x000003e2   0x000003e2   0x00000002   PAD
    0x000003e4   0x000003e4   0x0000007c   Code   RO         1019    .text               fz_ps.l(d2f.o)
    0x00000460   0x00000460   0x00000358   Code   RO         1021    .text               fz_ps.l(daddsub.o)
    0x000007b8   0x000007b8   0x00000448   Code   RO         1035    .text               fz_ps.l(ddiv.o)
    0x00000c00   0x00000c00   0x0000006c   Code   RO         1038    .text               fz_ps.l(dfixi.o)
    0x00000c6c   0x00000c6c   0x00000058   Code   RO         1040    .text               fz_ps.l(dflti.o)
    0x00000cc4   0x00000cc4   0x00000248   Code   RO         1042    .text               fz_ps.l(dmul.o)
    0x00000f0c   0x00000f0c   0x00000054   Code   RO         1044    .text               fz_ps.l(f2d.o)
    0x00000f60   0x00000f60   0x00000160   Code   RO         1064    .text               fz_ps.l(fdiv.o)
    0x000010c0   0x000010c0   0x0000004c   Code   RO         1067    .text               fz_ps.l(ffixi.o)
    0x0000110c   0x0000110c   0x0000005e   Code   RO         1069    .text               fz_ps.l(fflti.o)
    0x0000116a   0x0000116a   0x00000016   Code   RO         1082    .text               c_p.l(_rserrno.o)
    0x00001180   0x00001180   0x00000008   Code   RO         1144    .text               c_p.l(rt_errno_addr_intlibspace.o)
    0x00001188   0x00001188   0x000000a0   Code   RO         1146    .text               fz_ps.l(dcmpin.o)
    0x00001228   0x00001228   0x00000060   Code   RO         1148    .text               fz_ps.l(dscalbn.o)
    0x00001288   0x00001288   0x00000064   Code   RO         1150    .text               fz_ps.l(fcmpin.o)
    0x000012ec   0x000012ec   0x00000008   Code   RO         1156    .text               c_p.l(libspace.o)
    0x000012f4   0x000012f4   0x0000003e   Code   RO         1159    .text               c_p.l(sys_stackheap_outer.o)
    0x00001332   0x00001332   0x00000010   Code   RO         1162    .text               c_p.l(exit.o)
    0x00001342   0x00001342   0x0000002e   Code   RO         1174    .text               fz_ps.l(cmpret.o)
    0x00001370   0x00001370   0x00000014   Code   RO         1176    .text               fz_ps.l(dnan2.o)
    0x00001384   0x00001384   0x00000010   Code   RO         1178    .text               fz_ps.l(fnan2.o)
    0x00001394   0x00001394   0x0000005e   Code   RO         1236    .text               fz_ps.l(retnan.o)
    0x000013f2   0x000013f2   0x00000002   PAD
    0x000013f4   0x000013f4   0x000000b4   Code   RO          280    .text.AD9833_AmpSet  ad9833.o
    0x000014a8   0x000014a8   0x000008b8   Code   RO          282    .text.AD9833_WaveSeting  ad9833.o
    0x00001d60   0x00001d60   0x00000040   Code   RO          992    .text.DL_ADC12_setClockConfig  dl_adc12.o
    0x00001da0   0x00001da0   0x0000000a   Code   RO          946    .text.DL_Common_delayCycles  dl_common.o
    0x00001daa   0x00001daa   0x00000002   PAD
    0x00001dac   0x00001dac   0x00000044   Code   RO          899    .text.DL_DMA_initChannel  dl_dma.o
    0x00001df0   0x00001df0   0x00000044   Code   RO          441    .text.DL_SPI_init   dl_spi.o
    0x00001e34   0x00001e34   0x00000012   Code   RO          443    .text.DL_SPI_setClockConfig  dl_spi.o
    0x00001e46   0x00001e46   0x00000002   PAD
    0x00001e48   0x00001e48   0x000000ec   Code   RO          112    .text.DL_SYSCTL_configSYSPLL  dl_sysctl_mspm0g1x0x_g3x0x.o
    0x00001f34   0x00001f34   0x00000068   Code   RO          126    .text.DL_SYSCTL_setHFCLKSourceHFXTParams  dl_sysctl_mspm0g1x0x_g3x0x.o
    0x00001f9c   0x00001f9c   0x00000050   Code   RO          120    .text.DL_SYSCTL_switchMCLKfromSYSOSCtoHSCLK  dl_sysctl_mspm0g1x0x_g3x0x.o
    0x00001fec   0x00001fec   0x00000048   Code   RO          306    .text.DL_UART_init  dl_uart.o
    0x00002034   0x00002034   0x00000012   Code   RO          308    .text.DL_UART_setClockConfig  dl_uart.o
    0x00002046   0x00002046   0x00000002   PAD
    0x00002048   0x00002048   0x0000037c   Code   RO            4    .text.DSO           empty.o
    0x000023c4   0x000023c4   0x00000010   Code   RO          257    .text.Encoder0_Get  encoder.o
    0x000023d4   0x000023d4   0x00000010   Code   RO          259    .text.Encoder1_Get  encoder.o
    0x000023e4   0x000023e4   0x00000010   Code   RO          255    .text.Encoder_Get   encoder.o
    0x000023f4   0x000023f4   0x00000100   Code   RO          261    .text.GROUP1_IRQHandler  encoder.o
    0x000024f4   0x000024f4   0x000000a8   Code   RO          226    .text.Get_Triggervoltage  draw.o
    0x0000259c   0x0000259c   0x000007d8   Code   RO          156    .text.OLED_Clear    oled.o
    0x00002d74   0x00002d74   0x000000cc   Code   RO          164    .text.OLED_DrawLine  oled.o
    0x00002e40   0x00002e40   0x00000028   Code   RO          162    .text.OLED_DrawPoint  oled.o
    0x00002e68   0x00002e68   0x00000094   Code   RO          222    .text.OLED_DrawSin  draw.o
    0x00002efc   0x00002efc   0x000000c8   Code   RO          166    .text.OLED_DrawXLine  oled.o
    0x00002fc4   0x00002fc4   0x00000650   Code   RO          158    .text.OLED_GClear   oled.o
    0x00003614   0x00003614   0x000004c0   Code   RO          160    .text.OLED_GClear_area  oled.o
    0x00003ad4   0x00003ad4   0x0000041c   Code   RO          186    .text.OLED_Init     oled.o
    0x00003ef0   0x00003ef0   0x0000017c   Code   RO          154    .text.OLED_Refresh  oled.o
    0x0000406c   0x0000406c   0x00000268   Code   RO          170    .text.OLED_ShowChar  oled.o
    0x000042d4   0x000042d4   0x0000039c   Code   RO          184    .text.OLED_ShowFNum  oled.o
    0x00004670   0x00004670   0x000000bc   Code   RO          176    .text.OLED_ShowNum  oled.o
    0x0000472c   0x0000472c   0x00000050   Code   RO          172    .text.OLED_ShowString  oled.o
    0x0000477c   0x0000477c   0x00000328   Code   RO            6    .text.SG            empty.o
    0x00004aa4   0x00004aa4   0x00000068   Code   RO           50    .text.SYSCFG_DL_ADC_VOLTAGE_init  ti_msp_dl_config.o
    0x00004b0c   0x00004b0c   0x00000024   Code   RO           60    .text.SYSCFG_DL_DMA_CH0_init  ti_msp_dl_config.o
    0x00004b30   0x00004b30   0x00000008   Code   RO           52    .text.SYSCFG_DL_DMA_init  ti_msp_dl_config.o
    0x00004b38   0x00004b38   0x000000a8   Code   RO           42    .text.SYSCFG_DL_GPIO_init  ti_msp_dl_config.o
    0x00004be0   0x00004be0   0x0000004c   Code   RO           48    .text.SYSCFG_DL_SPI_LCD_init  ti_msp_dl_config.o
    0x00004c2c   0x00004c2c   0x0000006c   Code   RO           44    .text.SYSCFG_DL_SYSCTL_init  ti_msp_dl_config.o
    0x00004c98   0x00004c98   0x0000001c   Code   RO           54    .text.SYSCFG_DL_SYSTICK_init  ti_msp_dl_config.o
    0x00004cb4   0x00004cb4   0x0000006c   Code   RO           46    .text.SYSCFG_DL_UART_0_init  ti_msp_dl_config.o
    0x00004d20   0x00004d20   0x00000030   Code   RO           38    .text.SYSCFG_DL_init  ti_msp_dl_config.o
    0x00004d50   0x00004d50   0x00000048   Code   RO           40    .text.SYSCFG_DL_initPower  ti_msp_dl_config.o
    0x00004d98   0x00004d98   0x0000005c   Code   RO           98    .text.UART0_IRQHandler  board.o
    0x00004df4   0x00004df4   0x00000002   Code   RO           94    .text._sys_exit     board.o
    0x00004df6   0x00004df6   0x00000002   PAD
    0x00004df8   0x00004df8   0x00000044   Code   RO           78    .text.board_init    board.o
    0x00004e3c   0x00004e3c   0x00000044   Code   RO           84    .text.delay_ms      board.o
    0x00004e80   0x00004e80   0x00000044   Code   RO           82    .text.delay_us      board.o
    0x00004ec4   0x00004ec4   0x000000b2   Code   RO          218    .text.draw_axis     draw.o
    0x00004f76   0x00004f76   0x0000004a   Code   RO          220    .text.draw_axis1    draw.o
    0x00004fc0   0x00004fc0   0x00000060   Code   RO          216    .text.draw_menu     draw.o
    0x00005020   0x00005020   0x00000068   Code   RO          224    .text.draw_wave     draw.o
    0x00005088   0x00005088   0x00000024   Code   RO           96    .text.fputc         board.o
    0x000050ac   0x000050ac   0x0000004c   Code   RO          228    .text.getWaveFreq   draw.o
    0x000050f8   0x000050f8   0x00000084   Code   RO          245    .text.key_stop      key.o
    0x0000517c   0x0000517c   0x00000098   Code   RO            2    .text.main          empty.o
    0x00005214   0x00005214   0x000001f6   Code   RO         1008    .text_divfast       c_p.l(aeabi_sdivfast.o)
    0x0000540a   0x0000540a   0x00000032   Code   RO         1119    i.__ARM_common_ll_muluu  m_ps.l(rred.o)
    0x0000543c   0x0000543c   0x0000002c   Code   RO         1152    i.__ARM_fpclassify  m_ps.l(fpclassify.o)
    0x00005468   0x00005468   0x0000039c   Code   RO         1114    i.__ieee754_rem_pio2  m_ps.l(rred.o)
    0x00005804   0x00005804   0x000000f4   Code   RO         1097    i.__kernel_cos      m_ps.l(cos_i.o)
    0x000058f8   0x000058f8   0x000000ac   Code   RO         1154    i.__kernel_poly     m_ps.l(poly.o)
    0x000059a4   0x000059a4   0x000000ec   Code   RO         1121    i.__kernel_sin      m_ps.l(sin_i.o)
    0x00005a90   0x00005a90   0x0000000a   Code   RO         1101    i.__mathlib_dbl_infnan  m_ps.l(dunder.o)
    0x00005a9a   0x00005a9a   0x00000010   Code   RO         1103    i.__mathlib_dbl_invalid  m_ps.l(dunder.o)
    0x00005aaa   0x00005aaa   0x00000002   PAD
    0x00005aac   0x00005aac   0x00000014   Code   RO         1106    i.__mathlib_dbl_underflow  m_ps.l(dunder.o)
    0x00005ac0   0x00005ac0   0x00000016   Code   RO         1025    i._dgr              fz_ps.l(dcmp.o)
    0x00005ad6   0x00005ad6   0x00000016   Code   RO         1054    i._fgr              fz_ps.l(fcmp.o)
    0x00005aec   0x00005aec   0x0000009c   Code   RO         1074    i.sin               m_ps.l(sin.o)
    0x00005b88   0x00005b88   0x00000064   Code   RO         1086    x$fpl$dgeqf         fz_ps.l(dgef.o)
    0x00005bec   0x00005bec   0x0000008c   Code   RO         1046    x$fpl$fadd          fz_ps.l(faddsub.o)
    0x00005c78   0x00005c78   0x00000054   Code   RO         1092    x$fpl$fgeqf         fz_ps.l(fgef.o)
    0x00005ccc   0x00005ccc   0x000000b0   Code   RO         1071    x$fpl$fmul          fz_ps.l(fmul.o)
    0x00005d7c   0x00005d7c   0x000000d0   Code   RO         1048    x$fpl$fsub          fz_ps.l(faddsub.o)
    0x00005e4c   0x00005e4c   0x00000000   Code   RO         1096    x$fpl$usenofp       fz_ps.l(usenofp.o)
    0x00005e4c   0x00005e4c   0x00000080   Data   RO         1036    .constdata          fz_ps.l(ddiv.o)
    0x00005ecc   0x00005ecc   0x00000040   Data   RO         1065    .constdata          fz_ps.l(fdiv.o)
    0x00005f0c   0x00005f0c   0x00000004   PAD
    0x00005f10   0x00005f10   0x00000030   Data   RO         1098    .constdata          m_ps.l(cos_i.o)
    0x00005f40   0x00005f40   0x000000cc   Data   RO         1116    .constdata          m_ps.l(rred.o)
    0x0000600c   0x0000600c   0x00000004   PAD
    0x00006010   0x00006010   0x00000028   Data   RO         1122    .constdata          m_ps.l(sin_i.o)
    0x00006038   0x00006038   0x00000228   Data   RO          188    .rodata.asc2_0806   oled.o
    0x00006260   0x00006260   0x00000474   Data   RO          189    .rodata.asc2_1206   oled.o
    0x000066d4   0x000066d4   0x000005f0   Data   RO          190    .rodata.asc2_1608   oled.o
    0x00006cc4   0x00006cc4   0x00000d5c   Data   RO          191    .rodata.asc2_2412   oled.o
    0x00007a20   0x00007a20   0x00000008   Data   RO           68    .rodata.gADC_VOLTAGEClockConfig  ti_msp_dl_config.o
    0x00007a28   0x00007a28   0x00000018   Data   RO           69    .rodata.gDMA_CH0Config  ti_msp_dl_config.o
    0x00007a40   0x00007a40   0x00000002   Data   RO           66    .rodata.gSPI_LCD_clockConfig  ti_msp_dl_config.o
    0x00007a42   0x00007a42   0x0000000a   Data   RO           67    .rodata.gSPI_LCD_config  ti_msp_dl_config.o
    0x00007a4c   0x00007a4c   0x00000028   Data   RO           63    .rodata.gSYSPLLConfig  ti_msp_dl_config.o
    0x00007a74   0x00007a74   0x00000002   Data   RO           64    .rodata.gUART_0ClockConfig  ti_msp_dl_config.o
    0x00007a76   0x00007a76   0x0000000a   Data   RO           65    .rodata.gUART_0Config  ti_msp_dl_config.o
    0x00007a80   0x00007a80   0x00000020   Data   RO         1312    Region$$Table       anon$$obj.o


    Execution Region RW_IRAM2 (Exec base: 0x20200000, Load base: 0x00007aa0, Size: 0x00001f50, Max: 0x00008000, ABSOLUTE)

    Exec Addr    Load Addr    Size         Type   Attr      Idx    E Section Name        Object

    0x20200000   0x00007aa0   0x00000004   Data   RW          232    .data.freq          draw.o
    0x20200004   0x00007aa4   0x00000006   Data   RW           10    .data.str           empty.o
    0x2020000a   0x00007aaa   0x00000003   Data   RW          233    .data.str1          draw.o
    0x2020000d   0x00007aad   0x00000003   Data   RW          234    .data.str2          draw.o
    0x20200010   0x00007ab0   0x00000006   Data   RW           13    .data.str_freq      empty.o
    0x20200016   0x00007ab6   0x00000009   Data   RW          235    .data.str_menu1     draw.o
    0x2020001f   0x00007abf   0x00000008   Data   RW          236    .data.str_menu2     draw.o
    0x20200027   0x00007ac7   0x00000006   Data   RW           11    .data.str_mode      empty.o
    0x2020002d   0x00007acd   0x00000006   Data   RW           12    .data.str_tri       empty.o
    0x20200033   0x00007ad3   0x00000005   Data   RW           16    .data.stra          empty.o
    0x20200038   0x00007ad8   0x00000006   Data   RW           14    .data.strf          empty.o
    0x2020003e   0x00007ade   0x00000007   Data   RW           17    .data.strp          empty.o
    0x20200045   0x00007ae5   0x00000006   Data   RW           15    .data.strw          empty.o
    0x2020004b   0x00007aeb   0x00000005   PAD
    0x20200050        -       0x00000060   Zero   RW         1157    .bss                c_p.l(libspace.o)
    0x202000b0        -       0x00001400   Zero   RW          207    .bss.ADC_VALUE      adc.o
    0x202014b0        -       0x00000004   Zero   RW          267    .bss.Encoder_Count  encoder.o
    0x202014b4        -       0x00000004   Zero   RW          264    .bss.Encoder_Count0  encoder.o
    0x202014b8        -       0x00000004   Zero   RW          263    .bss.Encoder_Count1  encoder.o
    0x202014bc        -       0x00000004   Zero   RW          265    .bss.Encoder_Count2  encoder.o
    0x202014c0        -       0x00000004   Zero   RW          266    .bss.Encoder_Count3  encoder.o
    0x202014c4        -       0x00000004   Zero   RW          269    .bss.FLAG           encoder.o
    0x202014c8        -       0x00000480   Zero   RW          196    .bss.OLED_GRAM      oled.o
    0x20201948        -       0x00000054   Zero   RW          103    .bss.__stdout       board.o
    0x2020199c        -       0x00000400   Zero   RW          231    .bss.adc_value      draw.o
    0x20201d9c        -       0x00000004   Zero   RW          268    .bss.flag           encoder.o
    0x20201da0        -       0x00000028   Zero   RW           62    .bss.gSPI_LCDBackup  ti_msp_dl_config.o
    0x20201dc8        -       0x00000001   Zero   RW          247    .bss.isInDeadLoop   key.o
    0x20201dc9        -       0x00000080   Zero   RW          100    .bss.recv0_buff     board.o
    0x20201e49        -       0x00000001   Zero   RW          102    .bss.recv0_flag     board.o
    0x20201e4a        -       0x00000002   Zero   RW          101    .bss.recv0_length   board.o
    0x20201e4c   0x00007aeb   0x00000004   PAD
    0x20201e50        -       0x00000000   Zero   RW           29    HEAP                startup_mspm0g350x_uvision.o
    0x20201e50        -       0x00000100   Zero   RW           28    STACK               startup_mspm0g350x_uvision.o



  Load Region LR_BCR (Base: 0x41c00000, Size: 0x00000000, Max: 0x00000100, ABSOLUTE)

    Execution Region BCR_CONFIG (Exec base: 0x41c00000, Load base: 0x41c00000, Size: 0x00000000, Max: 0x00000080, ABSOLUTE)

    **** No section assigned to this execution region ****



  Load Region LR_BSL (Base: 0x41c00100, Size: 0x00000000, Max: 0x00000100, ABSOLUTE)

    Execution Region BSL_CONFIG (Exec base: 0x41c00100, Load base: 0x41c00100, Size: 0x00000000, Max: 0x00000080, ABSOLUTE)

    **** No section assigned to this execution region ****


==============================================================================

Image component sizes


      Code (inc. data)   RO Data    RW Data    ZI Data      Debug   Object Name

      2412         12          0          0          0      33047   ad9833.o
         0          0          0          0       5120       1069   adc.o
       334         64          0          0        215       9897   board.o
        64          8          0          0          0       4553   dl_adc12.o
        10          0          0          0          0        585   dl_common.o
        68          4          0          0          0       4355   dl_dma.o
        86          8          0          0          0      15699   dl_spi.o
       420         28          0          0          0      18904   dl_sysctl_mspm0g1x0x_g3x0x.o
        90          8          0          0          0      14510   dl_uart.o
       844         52          0         27       1024       5835   draw.o
      1852        140          0         48          0      11890   empty.o
       304         68          0          0         28       5372   encoder.o
       132          8          0          0          1       3948   key.o
      8524         96       6632          0       1152      53119   oled.o
        44         18        192          0        256        696   startup_mspm0g350x_uvision.o
       756        176         96          0         40      35548   ti_msp_dl_config.o

    ----------------------------------------------------------------------
     15948        690       6952         76       7844     219027   Object Totals
         0          0         32          0          0          0   (incl. Generated)
         8          0          0          1          8          0   (incl. Padding)

    ----------------------------------------------------------------------

      Code (inc. data)   RO Data    RW Data    ZI Data      Debug   Library Member Name

         8          0          0          0          0         68   __main.o
         0          0          0          0          0          0   __rtentry.o
        12          0          0          0          0          0   __rtentry2.o
         6          0          0          0          0          0   __rtentry4.o
        86         10          0          0          0          0   __scatter.o
        26          0          0          0          0          0   __scatter_copy.o
        28          0          0          0          0          0   __scatter_zi.o
        22          0          0          0          0         92   _rserrno.o
      1006          4          0          0          0        184   aeabi_sdivfast.o
        16          0          0          0          0         68   exit.o
         6          0          0          0          0        136   heapauxi.o
         2          0          0          0          0          0   libinit.o
         2          0          0          0          0          0   libinit2.o
         2          0          0          0          0          0   libshutdown.o
         2          0          0          0          0          0   libshutdown2.o
         8          4          0          0         96         68   libspace.o
        44          6          0          0          0         68   puts.o
         8          4          0          0          0         68   rt_errno_addr_intlibspace.o
         2          0          0          0          0          0   rtexit.o
        10          0          0          0          0          0   rtexit2.o
        62          0          0          0          0         80   sys_stackheap_outer.o
        46          0          0          0          0         60   cmpret.o
       124          4          0          0          0         72   d2f.o
       856         20          0          0          0        208   daddsub.o
        22          0          0          0          0         68   dcmp.o
       160          6          0          0          0         76   dcmpin.o
      1096         26        128          0          0        112   ddiv.o
       108         10          0          0          0         72   dfixi.o
        88          0          0          0          0         92   dflti.o
       100          4          0          0          0         92   dgef.o
       584         26          0          0          0         84   dmul.o
        20          6          0          0          0         68   dnan2.o
        96         12          0          0          0         72   dscalbn.o
        84          4          0          0          0         60   f2d.o
       348          8          0          0          0        160   faddsub.o
        22          0          0          0          0         68   fcmp.o
       100          4          0          0          0         68   fcmpin.o
       352         10         64          0          0         92   fdiv.o
        76          0          0          0          0         68   ffixi.o
        94          0          0          0          0         92   fflti.o
        84          4          0          0          0         76   fgef.o
       176          4          0          0          0         80   fmul.o
        16          6          0          0          0         68   fnan2.o
        94          0          0          0          0         68   retnan.o
         0          0          0          0          0          0   usenofp.o
       244         20         48          0          0         92   cos_i.o
        46          6          0          0          0        204   dunder.o
        44          4          0          0          0         60   fpclassify.o
       172          0          0          0          0         76   poly.o
       974         86        204          0          0        200   rred.o
       156         10          0          0          0        104   sin.o
       236         14         40          0          0        100   sin_i.o

    ----------------------------------------------------------------------
      8000        326        492          0         96       3644   Library Totals
        24          4          8          0          0          0   (incl. Padding)

    ----------------------------------------------------------------------

      Code (inc. data)   RO Data    RW Data    ZI Data      Debug   Library Name

      1358         28          0          0         96        832   c_p.l
      4746        154        192          0          0       1976   fz_ps.l
      1872        140        292          0          0        836   m_ps.l

    ----------------------------------------------------------------------
      8000        326        492          0         96       3644   Library Totals

    ----------------------------------------------------------------------

==============================================================================


      Code (inc. data)   RO Data    RW Data    ZI Data      Debug   

     23948       1016       7444         76       7940     220703   Grand Totals
     23948       1016       7444         76       7940     220703   ELF Image Totals
     23948       1016       7444         76          0          0   ROM Totals

==============================================================================

    Total RO  Size (Code + RO Data)                31392 (  30.66kB)
    Total RW  Size (RW Data + ZI Data)              8016 (   7.83kB)
    Total ROM Size (Code + RO Data + RW Data)      31468 (  30.73kB)

==============================================================================

